../libraries/LoRaWAN/mac/region/RegionCN779.c:69:15:GetNextLowerTxDr	24	static
../libraries/LoRaWAN/mac/region/RegionCN779.c:84:17:GetBandwidth	16	static
../libraries/LoRaWAN/mac/region/RegionCN779.c:98:15:LimitTxPower	24	static
../libraries/LoRaWAN/mac/region/RegionCN779.c:108:13:VerifyTxFreq	16	static
../libraries/LoRaWAN/mac/region/RegionCN779.c:123:16:CountNbOfEnabledChannels	32	static
../libraries/LoRaWAN/mac/region/RegionCN779.c:164:12:RegionCN779GetPhyParam	24	static
../libraries/LoRaWAN/mac/region/RegionCN779.c:311:6:RegionCN779SetBandTxDone	16	static
../libraries/LoRaWAN/mac/region/RegionCN779.c:316:6:RegionCN779InitDefaults	56	static
../libraries/LoRaWAN/mac/region/RegionCN779.c:352:6:RegionCN779Verify	16	static
../libraries/LoRaWAN/mac/region/RegionCN779.c:392:6:RegionCN779ApplyCFList	48	static
../libraries/LoRaWAN/mac/region/RegionCN779.c:445:6:RegionCN779ChanMaskSet	16	static
../libraries/LoRaWAN/mac/region/RegionCN779.c:465:6:RegionCN779AdrNext	40	static
../libraries/LoRaWAN/mac/region/RegionCN779.c:525:6:RegionCN779ComputeRxWindowParameters	40	static
../libraries/LoRaWAN/mac/region/RegionCN779.c:545:6:RegionCN779RxConfig	80	static
../libraries/LoRaWAN/mac/region/RegionCN779.c:604:6:RegionCN779TxConfig	96	static
../libraries/LoRaWAN/mac/region/RegionCN779.c:638:9:RegionCN779LinkAdrReq	88	static
../libraries/LoRaWAN/mac/region/RegionCN779.c:742:9:RegionCN779RxParamSetupReq	24	static
../libraries/LoRaWAN/mac/region/RegionCN779.c:767:9:RegionCN779NewChannelReq	32	static
../libraries/LoRaWAN/mac/region/RegionCN779.c:820:8:RegionCN779TxParamSetupReq	16	static
../libraries/LoRaWAN/mac/region/RegionCN779.c:825:9:RegionCN779DlChannelReq	24	static
../libraries/LoRaWAN/mac/region/RegionCN779.c:850:8:RegionCN779AlternateDr	24	static
../libraries/LoRaWAN/mac/region/RegionCN779.c:881:6:RegionCN779CalcBackOff	48	static
../libraries/LoRaWAN/mac/region/RegionCN779.c:897:6:RegionCN779NextChannel	96	static
../libraries/LoRaWAN/mac/region/RegionCN779.c:951:17:RegionCN779ChannelAdd	24	static
../libraries/LoRaWAN/mac/region/RegionCN779.c:1026:6:RegionCN779ChannelsRemove	32	static
../libraries/LoRaWAN/mac/region/RegionCN779.c:1041:6:RegionCN779SetContinuousWave	24	static
../libraries/LoRaWAN/mac/region/RegionCN779.c:1053:9:RegionCN779ApplyDrOffset	24	static
