../libraries/LoRaWAN/mac/region/RegionAS923.c:73:15:GetNextLowerTxDr	24	static
../libraries/LoRaWAN/mac/region/RegionAS923.c:88:17:GetBandwidth	16	static
../libraries/LoRaWAN/mac/region/RegionAS923.c:102:15:LimitTxPower	24	static
../libraries/LoRaWAN/mac/region/RegionAS923.c:112:13:VerifyTxFreq	16	static
../libraries/LoRaWAN/mac/region/RegionAS923.c:127:16:CountNbOfEnabledChannels	32	static
../libraries/LoRaWAN/mac/region/RegionAS923.c:168:12:RegionAS923GetPhyParam	24	static
../libraries/LoRaWAN/mac/region/RegionAS923.c:354:6:RegionAS923SetBandTxDone	16	static
../libraries/LoRaWAN/mac/region/RegionAS923.c:359:6:RegionAS923InitDefaults	40	static
../libraries/LoRaWAN/mac/region/RegionAS923.c:402:6:RegionAS923Verify	16	static
../libraries/LoRaWAN/mac/region/RegionAS923.c:451:6:RegionAS923ApplyCFList	48	static
../libraries/LoRaWAN/mac/region/RegionAS923.c:505:6:RegionAS923ChanMaskSet	16	static
../libraries/LoRaWAN/mac/region/RegionAS923.c:525:6:RegionAS923AdrNext	40	static
../libraries/LoRaWAN/mac/region/RegionAS923.c:595:6:RegionAS923ComputeRxWindowParameters	40	static
../libraries/LoRaWAN/mac/region/RegionAS923.c:615:6:RegionAS923RxConfig	80	static
../libraries/LoRaWAN/mac/region/RegionAS923.c:676:6:RegionAS923TxConfig	96	static
../libraries/LoRaWAN/mac/region/RegionAS923.c:710:9:RegionAS923LinkAdrReq	88	static
../libraries/LoRaWAN/mac/region/RegionAS923.c:814:9:RegionAS923RxParamSetupReq	24	static
../libraries/LoRaWAN/mac/region/RegionAS923.c:839:9:RegionAS923NewChannelReq	32	static
../libraries/LoRaWAN/mac/region/RegionAS923.c:892:8:RegionAS923TxParamSetupReq	16	static
../libraries/LoRaWAN/mac/region/RegionAS923.c:898:9:RegionAS923DlChannelReq	24	static
../libraries/LoRaWAN/mac/region/RegionAS923.c:923:8:RegionAS923AlternateDr	16	static
../libraries/LoRaWAN/mac/region/RegionAS923.c:929:6:RegionAS923CalcBackOff	48	static
../libraries/LoRaWAN/mac/region/RegionAS923.c:945:6:RegionAS923NextChannel	96	static
../libraries/LoRaWAN/mac/region/RegionAS923.c:1018:17:RegionAS923ChannelAdd	24	static
../libraries/LoRaWAN/mac/region/RegionAS923.c:1110:6:RegionAS923ChannelsRemove	32	static
../libraries/LoRaWAN/mac/region/RegionAS923.c:1125:6:RegionAS923SetContinuousWave	24	static
../libraries/LoRaWAN/mac/region/RegionAS923.c:1137:9:RegionAS923ApplyDrOffset	24	static
../libraries/LoRaWAN/mac/region/RegionAS923.c:1152:6:RegionAS923SetVersion	56	static
