../libraries/LoRaWAN/mac/region/RegionUS915.c:69:15:GetNextLowerTxDr	24	static
../libraries/LoRaWAN/mac/region/RegionUS915.c:84:17:GetBandwidth	16	static
../libraries/LoRaWAN/mac/region/RegionUS915.c:98:15:LimitTxPower	24	static
../libraries/LoRaWAN/mac/region/RegionUS915.c:119:16:CountNbOfEnabledChannels	32	static
../libraries/LoRaWAN/mac/region/RegionUS915.c:153:12:RegionUS915GetPhyParam	24	static
../libraries/LoRaWAN/mac/region/RegionUS915.c:296:6:RegionUS915SetBandTxDone	16	static
../libraries/LoRaWAN/mac/region/RegionUS915.c:301:6:RegionUS915InitDefaults	24	static
../libraries/LoRaWAN/mac/region/RegionUS915.c:365:6:RegionUS915Verify	16	static
../libraries/LoRaWAN/mac/region/RegionUS915.c:405:6:RegionUS915ApplyCFList	16	static
../libraries/LoRaWAN/mac/region/RegionUS915.c:410:6:RegionUS915ChanMaskSet	24	static
../libraries/LoRaWAN/mac/region/RegionUS915.c:444:6:RegionUS915AdrNext	40	static
../libraries/LoRaWAN/mac/region/RegionUS915.c:509:6:RegionUS915ComputeRxWindowParameters	40	static
../libraries/LoRaWAN/mac/region/RegionUS915.c:522:6:RegionUS915RxConfig	80	static
../libraries/LoRaWAN/mac/region/RegionUS915.c:564:6:RegionUS915TxConfig	96	static
../libraries/LoRaWAN/mac/region/RegionUS915.c:587:9:RegionUS915LinkAdrReq	96	static
../libraries/LoRaWAN/mac/region/RegionUS915.c:698:9:RegionUS915RxParamSetupReq	24	static
../libraries/LoRaWAN/mac/region/RegionUS915.c:732:9:RegionUS915NewChannelReq	16	static
../libraries/LoRaWAN/mac/region/RegionUS915.c:738:8:RegionUS915TxParamSetupReq	16	static
../libraries/LoRaWAN/mac/region/RegionUS915.c:743:9:RegionUS915DlChannelReq	16	static
../libraries/LoRaWAN/mac/region/RegionUS915.c:748:8:RegionUS915AlternateDr	24	static
../libraries/LoRaWAN/mac/region/RegionUS915.c:769:6:RegionUS915CalcBackOff	48	static
../libraries/LoRaWAN/mac/region/RegionUS915.c:785:6:RegionUS915NextChannel	144	static
../libraries/LoRaWAN/mac/region/RegionUS915.c:849:17:RegionUS915ChannelAdd	16	static
../libraries/LoRaWAN/mac/region/RegionUS915.c:854:6:RegionUS915ChannelsRemove	16	static
../libraries/LoRaWAN/mac/region/RegionUS915.c:859:6:RegionUS915SetContinuousWave	24	static
../libraries/LoRaWAN/mac/region/RegionUS915.c:871:9:RegionUS915ApplyDrOffset	24	static
