../libraries/LoRaWAN/mac/region/RegionAU915.c:69:15:GetNextLowerTxDr	24	static
../libraries/LoRaWAN/mac/region/RegionAU915.c:84:17:GetBandwidth	16	static
../libraries/LoRaWAN/mac/region/RegionAU915.c:98:15:LimitTxPower	24	static
../libraries/LoRaWAN/mac/region/RegionAU915.c:108:16:CountNbOfEnabledChannels	32	static
../libraries/LoRaWAN/mac/region/RegionAU915.c:142:12:RegionAU915GetPhyParam	24	static
../libraries/LoRaWAN/mac/region/RegionAU915.c:289:6:RegionAU915SetBandTxDone	16	static
../libraries/LoRaWAN/mac/region/RegionAU915.c:294:6:RegionAU915InitDefaults	24	static
../libraries/LoRaWAN/mac/region/RegionAU915.c:358:6:RegionAU915Verify	16	static
../libraries/LoRaWAN/mac/region/RegionAU915.c:395:6:RegionAU915ApplyCFList	16	static
../libraries/LoRaWAN/mac/region/RegionAU915.c:400:6:RegionAU915ChanMaskSet	24	static
../libraries/LoRaWAN/mac/region/RegionAU915.c:436:6:RegionAU915AdrNext	40	static
../libraries/LoRaWAN/mac/region/RegionAU915.c:501:6:RegionAU915ComputeRxWindowParameters	40	static
../libraries/LoRaWAN/mac/region/RegionAU915.c:514:6:RegionAU915RxConfig	80	static
../libraries/LoRaWAN/mac/region/RegionAU915.c:556:6:RegionAU915TxConfig	96	static
../libraries/LoRaWAN/mac/region/RegionAU915.c:580:9:RegionAU915LinkAdrReq	96	static
../libraries/LoRaWAN/mac/region/RegionAU915.c:691:9:RegionAU915RxParamSetupReq	24	static
../libraries/LoRaWAN/mac/region/RegionAU915.c:725:9:RegionAU915NewChannelReq	16	static
../libraries/LoRaWAN/mac/region/RegionAU915.c:731:8:RegionAU915TxParamSetupReq	16	static
../libraries/LoRaWAN/mac/region/RegionAU915.c:736:9:RegionAU915DlChannelReq	16	static
../libraries/LoRaWAN/mac/region/RegionAU915.c:741:8:RegionAU915AlternateDr	24	static
../libraries/LoRaWAN/mac/region/RegionAU915.c:761:6:RegionAU915CalcBackOff	48	static
../libraries/LoRaWAN/mac/region/RegionAU915.c:777:6:RegionAU915NextChannel	144	static
../libraries/LoRaWAN/mac/region/RegionAU915.c:841:17:RegionAU915ChannelAdd	16	static
../libraries/LoRaWAN/mac/region/RegionAU915.c:846:6:RegionAU915ChannelsRemove	16	static
../libraries/LoRaWAN/mac/region/RegionAU915.c:851:6:RegionAU915SetContinuousWave	24	static
../libraries/LoRaWAN/mac/region/RegionAU915.c:863:9:RegionAU915ApplyDrOffset	24	static
