../libraries/LoRaWAN/mac/region/RegionCN470.c:69:15:GetNextLowerTxDr	24	static
../libraries/LoRaWAN/mac/region/RegionCN470.c:84:17:GetBandwidth	16	static
../libraries/LoRaWAN/mac/region/RegionCN470.c:98:15:LimitTxPower	24	static
../libraries/LoRaWAN/mac/region/RegionCN470.c:108:16:CountNbOfEnabledChannels	32	static
../libraries/LoRaWAN/mac/region/RegionCN470.c:142:12:RegionCN470GetPhyParam	24	static
../libraries/LoRaWAN/mac/region/RegionCN470.c:289:6:RegionCN470SetBandTxDone	16	static
../libraries/LoRaWAN/mac/region/RegionCN470.c:294:6:RegionCN470InitDefaults	24	static
../libraries/LoRaWAN/mac/region/RegionCN470.c:340:6:RegionCN470Verify	16	static
../libraries/LoRaWAN/mac/region/RegionCN470.c:377:6:RegionCN470ApplyCFList	16	static
../libraries/LoRaWAN/mac/region/RegionCN470.c:382:6:RegionCN470ChanMaskSet	16	static
../libraries/LoRaWAN/mac/region/RegionCN470.c:402:6:RegionCN470AdrNext	40	static
../libraries/LoRaWAN/mac/region/RegionCN470.c:467:6:RegionCN470ComputeRxWindowParameters	40	static
../libraries/LoRaWAN/mac/region/RegionCN470.c:480:6:RegionCN470RxConfig	80	static
../libraries/LoRaWAN/mac/region/RegionCN470.c:522:6:RegionCN470TxConfig	88	static
../libraries/LoRaWAN/mac/region/RegionCN470.c:544:9:RegionCN470LinkAdrReq	96	static
../libraries/LoRaWAN/mac/region/RegionCN470.c:640:9:RegionCN470RxParamSetupReq	24	static
../libraries/LoRaWAN/mac/region/RegionCN470.c:669:9:RegionCN470NewChannelReq	16	static
../libraries/LoRaWAN/mac/region/RegionCN470.c:675:8:RegionCN470TxParamSetupReq	16	static
../libraries/LoRaWAN/mac/region/RegionCN470.c:680:9:RegionCN470DlChannelReq	16	static
../libraries/LoRaWAN/mac/region/RegionCN470.c:685:8:RegionCN470AlternateDr	24	static
../libraries/LoRaWAN/mac/region/RegionCN470.c:716:6:RegionCN470CalcBackOff	48	static
../libraries/LoRaWAN/mac/region/RegionCN470.c:732:6:RegionCN470NextChannel	168	static
../libraries/LoRaWAN/mac/region/RegionCN470.c:791:17:RegionCN470ChannelAdd	16	static
../libraries/LoRaWAN/mac/region/RegionCN470.c:796:6:RegionCN470ChannelsRemove	16	static
../libraries/LoRaWAN/mac/region/RegionCN470.c:801:6:RegionCN470SetContinuousWave	24	static
../libraries/LoRaWAN/mac/region/RegionCN470.c:813:9:RegionCN470ApplyDrOffset	24	static
