../libraries/LoRaWAN/mac/region/RegionEU868.c:74:15:GetNextLowerTxDr	24	static
../libraries/LoRaWAN/mac/region/RegionEU868.c:89:17:GetBandwidth	16	static
../libraries/LoRaWAN/mac/region/RegionEU868.c:103:15:LimitTxPower	24	static
../libraries/LoRaWAN/mac/region/RegionEU868.c:113:13:VerifyTxFreq	16	static
../libraries/LoRaWAN/mac/region/RegionEU868.c:153:16:CountNbOfEnabledChannels	32	static
../libraries/LoRaWAN/mac/region/RegionEU868.c:196:12:RegionEU868GetPhyParam	24	static
../libraries/LoRaWAN/mac/region/RegionEU868.c:343:6:RegionEU868SetBandTxDone	16	static
../libraries/LoRaWAN/mac/region/RegionEU868.c:348:6:RegionEU868InitDefaults	56	static
../libraries/LoRaWAN/mac/region/RegionEU868.c:384:6:RegionEU868Verify	16	static
../libraries/LoRaWAN/mac/region/RegionEU868.c:424:6:RegionEU868ApplyCFList	48	static
../libraries/LoRaWAN/mac/region/RegionEU868.c:478:6:RegionEU868ChanMaskSet	16	static
../libraries/LoRaWAN/mac/region/RegionEU868.c:498:6:RegionEU868AdrNext	40	static
../libraries/LoRaWAN/mac/region/RegionEU868.c:558:6:RegionEU868ComputeRxWindowParameters	40	static
../libraries/LoRaWAN/mac/region/RegionEU868.c:578:6:RegionEU868RxConfig	80	static
../libraries/LoRaWAN/mac/region/RegionEU868.c:638:6:RegionEU868TxConfig	96	static
../libraries/LoRaWAN/mac/region/RegionEU868.c:672:9:RegionEU868LinkAdrReq	88	static
../libraries/LoRaWAN/mac/region/RegionEU868.c:776:9:RegionEU868RxParamSetupReq	24	static
../libraries/LoRaWAN/mac/region/RegionEU868.c:801:9:RegionEU868NewChannelReq	32	static
../libraries/LoRaWAN/mac/region/RegionEU868.c:868:8:RegionEU868TxParamSetupReq	16	static
../libraries/LoRaWAN/mac/region/RegionEU868.c:873:9:RegionEU868DlChannelReq	24	static
../libraries/LoRaWAN/mac/region/RegionEU868.c:899:8:RegionEU868AlternateDr	24	static
../libraries/LoRaWAN/mac/region/RegionEU868.c:930:6:RegionEU868CalcBackOff	48	static
../libraries/LoRaWAN/mac/region/RegionEU868.c:946:6:RegionEU868NextChannel	96	static
../libraries/LoRaWAN/mac/region/RegionEU868.c:1000:17:RegionEU868ChannelAdd	24	static
../libraries/LoRaWAN/mac/region/RegionEU868.c:1075:6:RegionEU868ChannelsRemove	32	static
../libraries/LoRaWAN/mac/region/RegionEU868.c:1090:6:RegionEU868SetContinuousWave	24	static
../libraries/LoRaWAN/mac/region/RegionEU868.c:1102:9:RegionEU868ApplyDrOffset	24	static
