../libraries/LoRaWAN/mac/region/RegionIN865.c:69:15:GetNextLowerTxDr	24	static
../libraries/LoRaWAN/mac/region/RegionIN865.c:88:17:GetBandwidth	16	static
../libraries/LoRaWAN/mac/region/RegionIN865.c:102:15:LimitTxPower	24	static
../libraries/LoRaWAN/mac/region/RegionIN865.c:112:13:VerifyTxFreq	16	static
../libraries/LoRaWAN/mac/region/RegionIN865.c:127:16:CountNbOfEnabledChannels	32	static
../libraries/LoRaWAN/mac/region/RegionIN865.c:168:12:RegionIN865GetPhyParam	24	static
../libraries/LoRaWAN/mac/region/RegionIN865.c:315:6:RegionIN865SetBandTxDone	16	static
../libraries/LoRaWAN/mac/region/RegionIN865.c:320:6:RegionIN865InitDefaults	56	static
../libraries/LoRaWAN/mac/region/RegionIN865.c:356:6:RegionIN865Verify	16	static
../libraries/LoRaWAN/mac/region/RegionIN865.c:396:6:RegionIN865ApplyCFList	48	static
../libraries/LoRaWAN/mac/region/RegionIN865.c:449:6:RegionIN865ChanMaskSet	16	static
../libraries/LoRaWAN/mac/region/RegionIN865.c:469:6:RegionIN865AdrNext	40	static
../libraries/LoRaWAN/mac/region/RegionIN865.c:529:6:RegionIN865ComputeRxWindowParameters	40	static
../libraries/LoRaWAN/mac/region/RegionIN865.c:549:6:RegionIN865RxConfig	80	static
../libraries/LoRaWAN/mac/region/RegionIN865.c:608:6:RegionIN865TxConfig	96	static
../libraries/LoRaWAN/mac/region/RegionIN865.c:642:9:RegionIN865LinkAdrReq	88	static
../libraries/LoRaWAN/mac/region/RegionIN865.c:746:9:RegionIN865RxParamSetupReq	24	static
../libraries/LoRaWAN/mac/region/RegionIN865.c:771:9:RegionIN865NewChannelReq	32	static
../libraries/LoRaWAN/mac/region/RegionIN865.c:824:8:RegionIN865TxParamSetupReq	16	static
../libraries/LoRaWAN/mac/region/RegionIN865.c:829:9:RegionIN865DlChannelReq	24	static
../libraries/LoRaWAN/mac/region/RegionIN865.c:855:8:RegionIN865AlternateDr	24	static
../libraries/LoRaWAN/mac/region/RegionIN865.c:886:6:RegionIN865CalcBackOff	48	static
../libraries/LoRaWAN/mac/region/RegionIN865.c:902:6:RegionIN865NextChannel	96	static
../libraries/LoRaWAN/mac/region/RegionIN865.c:956:17:RegionIN865ChannelAdd	24	static
../libraries/LoRaWAN/mac/region/RegionIN865.c:1031:6:RegionIN865ChannelsRemove	32	static
../libraries/LoRaWAN/mac/region/RegionIN865.c:1046:6:RegionIN865SetContinuousWave	24	static
../libraries/LoRaWAN/mac/region/RegionIN865.c:1058:9:RegionIN865ApplyDrOffset	16	static
