../libraries/LoRaWAN/mac/region/RegionRU864.c:76:15:GetNextLowerTxDr	24	static
../libraries/LoRaWAN/mac/region/RegionRU864.c:91:17:GetBandwidth	16	static
../libraries/LoRaWAN/mac/region/RegionRU864.c:105:15:LimitTxPower	24	static
../libraries/LoRaWAN/mac/region/RegionRU864.c:115:13:VerifyTxFreq	16	static
../libraries/LoRaWAN/mac/region/RegionRU864.c:130:16:CountNbOfEnabledChannels	32	static
../libraries/LoRaWAN/mac/region/RegionRU864.c:171:12:RegionRU864GetPhyParam	24	static
../libraries/LoRaWAN/mac/region/RegionRU864.c:318:6:RegionRU864SetBandTxDone	16	static
../libraries/LoRaWAN/mac/region/RegionRU864.c:323:6:RegionRU864InitDefaults	88	static
../libraries/LoRaWAN/mac/region/RegionRU864.c:366:6:RegionRU864Verify	16	static
../libraries/LoRaWAN/mac/region/RegionRU864.c:401:6:RegionRU864ApplyCFList	48	static
../libraries/LoRaWAN/mac/region/RegionRU864.c:455:6:RegionRU864ChanMaskSet	16	static
../libraries/LoRaWAN/mac/region/RegionRU864.c:475:6:RegionRU864AdrNext	40	static
../libraries/LoRaWAN/mac/region/RegionRU864.c:545:6:RegionRU864ComputeRxWindowParameters	40	static
../libraries/LoRaWAN/mac/region/RegionRU864.c:565:6:RegionRU864RxConfig	80	static
../libraries/LoRaWAN/mac/region/RegionRU864.c:626:6:RegionRU864TxConfig	96	static
../libraries/LoRaWAN/mac/region/RegionRU864.c:660:9:RegionRU864LinkAdrReq	88	static
../libraries/LoRaWAN/mac/region/RegionRU864.c:764:9:RegionRU864RxParamSetupReq	24	static
../libraries/LoRaWAN/mac/region/RegionRU864.c:789:9:RegionRU864NewChannelReq	32	static
../libraries/LoRaWAN/mac/region/RegionRU864.c:842:8:RegionRU864TxParamSetupReq	16	static
../libraries/LoRaWAN/mac/region/RegionRU864.c:848:9:RegionRU864DlChannelReq	24	static
../libraries/LoRaWAN/mac/region/RegionRU864.c:873:8:RegionRU864AlternateDr	24	static
../libraries/LoRaWAN/mac/region/RegionRU864.c:904:6:RegionRU864CalcBackOff	48	static
../libraries/LoRaWAN/mac/region/RegionRU864.c:920:6:RegionRU864NextChannel	96	static
../libraries/LoRaWAN/mac/region/RegionRU864.c:975:17:RegionRU864ChannelAdd	24	static
../libraries/LoRaWAN/mac/region/RegionRU864.c:1057:6:RegionRU864ChannelsRemove	32	static
../libraries/LoRaWAN/mac/region/RegionRU864.c:1072:6:RegionRU864SetContinuousWave	24	static
../libraries/LoRaWAN/mac/region/RegionRU864.c:1084:9:RegionRU864ApplyDrOffset	24	static
