../libraries/lora/radio/radio.c:497:16:RadioGetFskBandwidthRegValue	24	static
../libraries/lora/radio/radio.c:513:6:RadioInit	16	static
../libraries/lora/radio/radio.c:531:6:RadioReInit	16	static
../libraries/lora/radio/radio.c:544:14:RadioGetStatus	8	static
../libraries/lora/radio/radio.c:557:6:RadioSetModem	16	static
../libraries/lora/radio/radio.c:579:6:RadioSetChannel	16	static
../libraries/lora/radio/radio.c:583:6:RadioIsChannelFree	40	static
../libraries/lora/radio/radio.c:611:10:RadioRandom	16	static
../libraries/lora/radio/radio.c:627:6:RadioSetRxConfig	40	static
../libraries/lora/radio/radio.c:748:6:RadioSetTxConfig	40	static
../libraries/lora/radio/radio.c:851:6:RadioCheckRfFrequency	16	static
../libraries/lora/radio/radio.c:855:10:RadioTimeOnAir	80	static
../libraries/lora/radio/radio.c:907:6:RadioSend	16	static
../libraries/lora/radio/radio.c:926:6:RadioSleep	16	static
../libraries/lora/radio/radio.c:935:6:RadioStandby	8	static
../libraries/lora/radio/radio.c:939:6:RadioRx	16	static
../libraries/lora/radio/radio.c:957:6:RadioRxBoosted	16	static
../libraries/lora/radio/radio.c:976:6:RadioSetRxDutyCycle	16	static
../libraries/lora/radio/radio.c:983:6:RadioSetCadParams	32	static
../libraries/lora/radio/radio.c:987:6:RadioStartCad	8	static
../libraries/lora/radio/radio.c:994:6:RadioTx	16	static
../libraries/lora/radio/radio.c:1005:6:RadioSetTxContinuousWave	16	static
../libraries/lora/radio/radio.c:1014:9:RadioRssi	16	static
../libraries/lora/radio/radio.c:1024:6:RadioWrite	16	static
../libraries/lora/radio/radio.c:1033:9:RadioRead	16	static
../libraries/lora/radio/radio.c:1037:6:RadioWriteBuffer	16	static
../libraries/lora/radio/radio.c:1041:6:RadioReadBuffer	16	static
../libraries/lora/radio/radio.c:1045:6:RadioWriteFifo	16	static
../libraries/lora/radio/radio.c:1049:6:RadioReadFifo	16	static
../libraries/lora/radio/radio.c:1053:6:RadioSetMaxPayloadLength	16	static
../libraries/lora/radio/radio.c:1066:6:RadioSetPublicNetwork	16	static
../libraries/lora/radio/radio.c:1082:10:RadioGetWakeupTime	8	static
../libraries/lora/radio/radio.c:1086:6:RadioOnTxTimeoutIrq	8	static,ignoring_inline_asm
../libraries/lora/radio/radio.c:1097:6:RadioOnRxTimeoutIrq	8	static,ignoring_inline_asm
../libraries/lora/radio/radio.c:1108:6:RadioOnDioIrq	8	static,ignoring_inline_asm
../libraries/lora/radio/radio.c:1114:6:RadioBgIrqProcess	24	static,ignoring_inline_asm
../libraries/lora/radio/radio.c:1247:6:RadioIrqProcess	8	static
../libraries/lora/radio/radio.c:1251:6:RadioIrqProcessAfterDeepSleep	8	static,ignoring_inline_asm
