Archive member included to satisfy reference by file (symbol)

/home/anh/ProgramFiles/stm32cube/stm32cubeide/plugins/com.st.stm32cube.ide.mcu.externaltools.gnu-tools-for-stm32.12.3.rel1.linux64_1.0.100.202403111256/tools/bin/../lib/gcc/arm-none-eabi/12.3.1/../../../../arm-none-eabi/lib/thumb/v7e-m+fp/hard/libc_nano.a(libc_a-exit.o)
                              /home/anh/ProgramFiles/stm32cube/stm32cubeide/plugins/com.st.stm32cube.ide.mcu.externaltools.gnu-tools-for-stm32.12.3.rel1.linux64_1.0.100.202403111256/tools/bin/../lib/gcc/arm-none-eabi/12.3.1/../../../../arm-none-eabi/lib/thumb/v7e-m+fp/hard/crt0.o (exit)
/home/anh/ProgramFiles/stm32cube/stm32cubeide/plugins/com.st.stm32cube.ide.mcu.externaltools.gnu-tools-for-stm32.12.3.rel1.linux64_1.0.100.202403111256/tools/bin/../lib/gcc/arm-none-eabi/12.3.1/../../../../arm-none-eabi/lib/thumb/v7e-m+fp/hard/libc_nano.a(libc_a-malloc.o)
                              ./libraries/Tracelog/TraceLog.o (free)
/home/anh/ProgramFiles/stm32cube/stm32cubeide/plugins/com.st.stm32cube.ide.mcu.externaltools.gnu-tools-for-stm32.12.3.rel1.linux64_1.0.100.202403111256/tools/bin/../lib/gcc/arm-none-eabi/12.3.1/../../../../arm-none-eabi/lib/thumb/v7e-m+fp/hard/libc_nano.a(libc_a-mallocr.o)
                              /home/anh/ProgramFiles/stm32cube/stm32cubeide/plugins/com.st.stm32cube.ide.mcu.externaltools.gnu-tools-for-stm32.12.3.rel1.linux64_1.0.100.202403111256/tools/bin/../lib/gcc/arm-none-eabi/12.3.1/../../../../arm-none-eabi/lib/thumb/v7e-m+fp/hard/libc_nano.a(libc_a-malloc.o) (_malloc_r)
/home/anh/ProgramFiles/stm32cube/stm32cubeide/plugins/com.st.stm32cube.ide.mcu.externaltools.gnu-tools-for-stm32.12.3.rel1.linux64_1.0.100.202403111256/tools/bin/../lib/gcc/arm-none-eabi/12.3.1/../../../../arm-none-eabi/lib/thumb/v7e-m+fp/hard/libc_nano.a(libc_a-mlock.o)
                              /home/anh/ProgramFiles/stm32cube/stm32cubeide/plugins/com.st.stm32cube.ide.mcu.externaltools.gnu-tools-for-stm32.12.3.rel1.linux64_1.0.100.202403111256/tools/bin/../lib/gcc/arm-none-eabi/12.3.1/../../../../arm-none-eabi/lib/thumb/v7e-m+fp/hard/libc_nano.a(libc_a-mallocr.o) (__malloc_lock)
/home/anh/ProgramFiles/stm32cube/stm32cubeide/plugins/com.st.stm32cube.ide.mcu.externaltools.gnu-tools-for-stm32.12.3.rel1.linux64_1.0.100.202403111256/tools/bin/../lib/gcc/arm-none-eabi/12.3.1/../../../../arm-none-eabi/lib/thumb/v7e-m+fp/hard/libc_nano.a(libc_a-findfp.o)
                              /home/anh/ProgramFiles/stm32cube/stm32cubeide/plugins/com.st.stm32cube.ide.mcu.externaltools.gnu-tools-for-stm32.12.3.rel1.linux64_1.0.100.202403111256/tools/bin/../lib/gcc/arm-none-eabi/12.3.1/../../../../arm-none-eabi/lib/thumb/v7e-m+fp/hard/libc_nano.a(libc_a-exit.o) (__stdio_exit_handler)
/home/anh/ProgramFiles/stm32cube/stm32cubeide/plugins/com.st.stm32cube.ide.mcu.externaltools.gnu-tools-for-stm32.12.3.rel1.linux64_1.0.100.202403111256/tools/bin/../lib/gcc/arm-none-eabi/12.3.1/../../../../arm-none-eabi/lib/thumb/v7e-m+fp/hard/libc_nano.a(libc_a-fwalk.o)
                              /home/anh/ProgramFiles/stm32cube/stm32cubeide/plugins/com.st.stm32cube.ide.mcu.externaltools.gnu-tools-for-stm32.12.3.rel1.linux64_1.0.100.202403111256/tools/bin/../lib/gcc/arm-none-eabi/12.3.1/../../../../arm-none-eabi/lib/thumb/v7e-m+fp/hard/libc_nano.a(libc_a-findfp.o) (_fwalk_sglue)
/home/anh/ProgramFiles/stm32cube/stm32cubeide/plugins/com.st.stm32cube.ide.mcu.externaltools.gnu-tools-for-stm32.12.3.rel1.linux64_1.0.100.202403111256/tools/bin/../lib/gcc/arm-none-eabi/12.3.1/../../../../arm-none-eabi/lib/thumb/v7e-m+fp/hard/libc_nano.a(libc_a-stdio.o)
                              /home/anh/ProgramFiles/stm32cube/stm32cubeide/plugins/com.st.stm32cube.ide.mcu.externaltools.gnu-tools-for-stm32.12.3.rel1.linux64_1.0.100.202403111256/tools/bin/../lib/gcc/arm-none-eabi/12.3.1/../../../../arm-none-eabi/lib/thumb/v7e-m+fp/hard/libc_nano.a(libc_a-findfp.o) (__sread)
/home/anh/ProgramFiles/stm32cube/stm32cubeide/plugins/com.st.stm32cube.ide.mcu.externaltools.gnu-tools-for-stm32.12.3.rel1.linux64_1.0.100.202403111256/tools/bin/../lib/gcc/arm-none-eabi/12.3.1/../../../../arm-none-eabi/lib/thumb/v7e-m+fp/hard/libc_nano.a(libc_a-asprintf.o)
                              ./libraries/Tracelog/TraceLog.o (asprintf)
/home/anh/ProgramFiles/stm32cube/stm32cubeide/plugins/com.st.stm32cube.ide.mcu.externaltools.gnu-tools-for-stm32.12.3.rel1.linux64_1.0.100.202403111256/tools/bin/../lib/gcc/arm-none-eabi/12.3.1/../../../../arm-none-eabi/lib/thumb/v7e-m+fp/hard/libc_nano.a(libc_a-vasprintf.o)
                              ./libraries/Tracelog/TraceLog.o (vasprintf)
/home/anh/ProgramFiles/stm32cube/stm32cubeide/plugins/com.st.stm32cube.ide.mcu.externaltools.gnu-tools-for-stm32.12.3.rel1.linux64_1.0.100.202403111256/tools/bin/../lib/gcc/arm-none-eabi/12.3.1/../../../../arm-none-eabi/lib/thumb/v7e-m+fp/hard/libc_nano.a(libc_a-memcmp.o)
                              ./libraries/rfal/Src/rfal_nfcf.o (memcmp)
[...]
Memory Configuration

Name             Origin             Length             Attributes
RAM              0x20000000         0x00010000         xrw
RAM2             0x10000000         0x00004000         xrw
FLASH            0x08000000         0x00040000         xr
*default*        0x00000000         0xffffffff

Linker script and memory map

LOAD /home/anh/ProgramFiles/stm32cube/stm32cubeide/plugins/com.st.stm32cube.ide.mcu.externaltools.gnu-tools-for-stm32.12.3.rel1.linux64_1.0.100.202403111256/tools/bin/../lib/gcc/arm-none-eabi/12.3.1/thumb/v7e-m+fp/hard/crti.o
LOAD /home/anh/ProgramFiles/stm32cube/stm32cubeide/plugins/com.st.stm32cube.ide.mcu.externaltools.gnu-tools-for-stm32.12.3.rel1.linux64_1.0.100.202403111256/tools/bin/../lib/gcc/arm-none-eabi/12.3.1/thumb/v7e-m+fp/hard/crtbegin.o
LOAD /home/anh/ProgramFiles/stm32cube/stm32cubeide/plugins/com.st.stm32cube.ide.mcu.externaltools.gnu-tools-for-stm32.12.3.rel1.linux64_1.0.100.202403111256/tools/bin/../lib/gcc/arm-none-eabi/12.3.1/../../../../arm-none-eabi/lib/thumb/v7e-m+fp/hard/crt0.o
LOAD ./Core/Src/demo.o
LOAD ./Core/Src/gpio.o
LOAD ./Core/Src/main.o
LOAD ./Core/Src/spi.o
LOAD ./Core/Src/spi_port.o
LOAD ./Core/Src/stm32l4xx_hal_msp.o
LOAD ./Core/Src/stm32l4xx_it.o
LOAD ./Core/Src/syscalls.o
LOAD ./Core/Src/sysmem.o
LOAD ./Core/Src/system_stm32l4xx.o
LOAD ./Core/Src/usart.o
LOAD ./Core/Startup/startup_stm32l431cctx.o
LOAD ./Drivers/STM32L4xx_HAL_Driver/Src/stm32l4xx_hal.o
LOAD ./Drivers/STM32L4xx_HAL_Driver/Src/stm32l4xx_hal_cortex.o
LOAD ./Drivers/STM32L4xx_HAL_Driver/Src/stm32l4xx_hal_dma.o
LOAD ./Drivers/STM32L4xx_HAL_Driver/Src/stm32l4xx_hal_dma_ex.o
LOAD ./Drivers/STM32L4xx_HAL_Driver/Src/stm32l4xx_hal_exti.o
LOAD ./Drivers/STM32L4xx_HAL_Driver/Src/stm32l4xx_hal_flash.o
LOAD ./Drivers/STM32L4xx_HAL_Driver/Src/stm32l4xx_hal_flash_ex.o
LOAD ./Drivers/STM32L4xx_HAL_Driver/Src/stm32l4xx_hal_flash_ramfunc.o
LOAD ./Drivers/STM32L4xx_HAL_Driver/Src/stm32l4xx_hal_gpio.o
LOAD ./Drivers/STM32L4xx_HAL_Driver/Src/stm32l4xx_hal_i2c.o
LOAD ./Drivers/STM32L4xx_HAL_Driver/Src/stm32l4xx_hal_i2c_ex.o
LOAD ./Drivers/STM32L4xx_HAL_Driver/Src/stm32l4xx_hal_pwr.o
LOAD ./Drivers/STM32L4xx_HAL_Driver/Src/stm32l4xx_hal_pwr_ex.o
LOAD ./Drivers/STM32L4xx_HAL_Driver/Src/stm32l4xx_hal_rcc.o
LOAD ./Drivers/STM32L4xx_HAL_Driver/Src/stm32l4xx_hal_rcc_ex.o
LOAD ./Drivers/STM32L4xx_HAL_Driver/Src/stm32l4xx_hal_spi.o
LOAD ./Drivers/STM32L4xx_HAL_Driver/Src/stm32l4xx_hal_spi_ex.o
LOAD ./Drivers/STM32L4xx_HAL_Driver/Src/stm32l4xx_hal_tim.o
LOAD ./Drivers/STM32L4xx_HAL_Driver/Src/stm32l4xx_hal_tim_ex.o
LOAD ./Drivers/STM32L4xx_HAL_Driver/Src/stm32l4xx_hal_uart.o
LOAD ./Drivers/STM32L4xx_HAL_Driver/Src/stm32l4xx_hal_uart_ex.o
LOAD ./libraries/Tracelog/TraceLog.o
LOAD ./libraries/rfal/ST25R3911/st25r3911.o
LOAD ./libraries/rfal/ST25R3911/st25r3911_com.o
LOAD ./libraries/rfal/ST25R3911/st25r3911_interrupt.o
LOAD ./libraries/rfal/ST25R3911/timer.o
LOAD ./libraries/rfal/Src/rfal_analogConfig.o
LOAD ./libraries/rfal/Src/rfal_crc.o
LOAD ./libraries/rfal/Src/rfal_dpo.o
LOAD ./libraries/rfal/Src/rfal_iso15693_2.o
LOAD ./libraries/rfal/Src/rfal_isoDep.o
LOAD ./libraries/rfal/Src/rfal_nfc.o
LOAD ./libraries/rfal/Src/rfal_nfcDep.o
LOAD ./libraries/rfal/Src/rfal_nfca.o
LOAD ./libraries/rfal/Src/rfal_nfcb.o
LOAD ./libraries/rfal/Src/rfal_nfcf.o
LOAD ./libraries/rfal/Src/rfal_nfcv.o
LOAD ./libraries/rfal/Src/rfal_rfst25r3911.o
LOAD ./libraries/rfal/Src/rfal_st25tb.o
LOAD ./libraries/rfal/Src/rfal_st25xv.o
LOAD ./libraries/rfal/Src/rfal_t1t.o
LOAD ./libraries/rfal/Src/rfal_t2t.o
LOAD ./libraries/rfal/Src/rfal_t4t.o
START GROUP
LOAD /home/anh/ProgramFiles/stm32cube/stm32cubeide/plugins/com.st.stm32cube.ide.mcu.externaltools.gnu-tools-for-stm32.12.3.rel1.linux64_1.0.100.202403111256/tools/bin/../lib/gcc/arm-none-eabi/12.3.1/../../../../arm-none-eabi/lib/thumb/v7e-m+fp/hard/libc_nano.a
LOAD /home/anh/ProgramFiles/stm32cube/stm32cubeide/plugins/com.st.stm32cube.ide.mcu.externaltools.gnu-tools-for-stm32.12.3.rel1.linux64_1.0.100.202403111256/tools/bin/../lib/gcc/arm-none-eabi/12.3.1/../../../../arm-none-eabi/lib/thumb/v7e-m+fp/hard/libm.a
END GROUP
START GROUP
LOAD /home/anh/ProgramFiles/stm32cube/stm32cubeide/plugins/com.st.stm32cube.ide.mcu.externaltools.gnu-tools-for-stm32.12.3.rel1.linux64_1.0.100.202403111256/tools/bin/../lib/gcc/arm-none-eabi/12.3.1/thumb/v7e-m+fp/hard/libgcc.a
LOAD /home/anh/ProgramFiles/stm32cube/stm32cubeide/plugins/com.st.stm32cube.ide.mcu.externaltools.gnu-tools-for-stm32.12.3.rel1.linux64_1.0.100.202403111256/tools/bin/../lib/gcc/arm-none-eabi/12.3.1/../../../../arm-none-eabi/lib/thumb/v7e-m+fp/hard/libc_nano.a
END GROUP
START GROUP
LOAD /home/anh/ProgramFiles/stm32cube/stm32cubeide/plugins/com.st.stm32cube.ide.mcu.externaltools.gnu-tools-for-stm32.12.3.rel1.linux64_1.0.100.202403111256/tools/bin/../lib/gcc/arm-none-eabi/12.3.1/thumb/v7e-m+fp/hard/libgcc.a
LOAD /home/anh/ProgramFiles/stm32cube/stm32cubeide/plugins/com.st.stm32cube.ide.mcu.externaltools.gnu-tools-for-stm32.12.3.rel1.linux64_1.0.100.202403111256/tools/bin/../lib/gcc/arm-none-eabi/12.3.1/../../../../arm-none-eabi/lib/thumb/v7e-m+fp/hard/libc_nano.a
LOAD /home/anh/ProgramFiles/stm32cube/stm32cubeide/plugins/com.st.stm32cube.ide.mcu.externaltools.gnu-tools-for-stm32.12.3.rel1.linux64_1.0.100.202403111256/tools/bin/../lib/gcc/arm-none-eabi/12.3.1/../../../../arm-none-eabi/lib/thumb/v7e-m+fp/hard/libnosys.a
END GROUP
START GROUP
LOAD /home/anh/ProgramFiles/stm32cube/stm32cubeide/plugins/com.st.stm32cube.ide.mcu.externaltools.gnu-tools-for-stm32.12.3.rel1.linux64_1.0.100.202403111256/tools/bin/../lib/gcc/arm-none-eabi/12.3.1/thumb/v7e-m+fp/hard/libgcc.a
LOAD /home/anh/ProgramFiles/stm32cube/stm32cubeide/plugins/com.st.stm32cube.ide.mcu.externaltools.gnu-tools-for-stm32.12.3.rel1.linux64_1.0.100.202403111256/tools/bin/../lib/gcc/arm-none-eabi/12.3.1/../../../../arm-none-eabi/lib/thumb/v7e-m+fp/hard/libc_nano.a
LOAD /home/anh/ProgramFiles/stm32cube/stm32cubeide/plugins/com.st.stm32cube.ide.mcu.externaltools.gnu-tools-for-stm32.12.3.rel1.linux64_1.0.100.202403111256/tools/bin/../lib/gcc/arm-none-eabi/12.3.1/../../../../arm-none-eabi/lib/thumb/v7e-m+fp/hard/libnosys.a
END GROUP
LOAD /home/anh/ProgramFiles/stm32cube/stm32cubeide/plugins/com.st.stm32cube.ide.mcu.externaltools.gnu-tools-for-stm32.12.3.rel1.linux64_1.0.100.202403111256/tools/bin/../lib/gcc/arm-none-eabi/12.3.1/thumb/v7e-m+fp/hard/crtend.o
LOAD /home/anh/ProgramFiles/stm32cube/stm32cubeide/plugins/com.st.stm32cube.ide.mcu.externaltools.gnu-tools-for-stm32.12.3.rel1.linux64_1.0.100.202403111256/tools/bin/../lib/gcc/arm-none-eabi/12.3.1/thumb/v7e-m+fp/hard/crtn.o
                0x20010000                        _estack = (ORIGIN (RAM) + LENGTH (RAM))
                0x00000200                        _Min_Heap_Size = 0x200
                0x00000400                        _Min_Stack_Size = 0x400

.isr_vector     0x08000000      0x18c
                0x08000000                        . = ALIGN (0x4)
 *(.isr_vector)
 .isr_vector    0x08000000      0x18c ./Core/Startup/startup_stm32l431cctx.o
                0x08000000                g_pfnVectors
                0x0800018c                        . = ALIGN (0x4)

.text           0x08000190    0x11b68
                0x08000190                        . = ALIGN (0x4)
 *(.text)
 .text          0x08000190       0x40 /home/anh/ProgramFiles/stm32cube/stm32cubeide/plugins/com.st.stm32cube.ide.mcu.externaltools.gnu-tools-for-stm32.12.3.rel1.linux64_1.0.100.202403111256/tools/bin/../lib/gcc/arm-none-eabi/12.3.1/thumb/v7e-m+fp/hard/crtbegin.o
 .text          0x080001d0       0x10 /home/anh/ProgramFiles/stm32cube/stm32cubeide/plugins/com.st.stm32cube.ide.mcu.externaltools.gnu-tools-for-stm32.12.3.rel1.linux64_1.0.100.202403111256/tools/bin/../lib/gcc/arm-none-eabi/12.3.1/../../../../arm-none-eabi/lib/thumb/v7e-m+fp/hard/libc_nano.a(libc_a-strlen.o)
                0x080001d0                strlen
 .text          0x080001e0       0xa0 /home/anh/ProgramFiles/stm32cube/stm32cubeide/plugins/com.st.stm32cube.ide.mcu.externaltools.gnu-tools-for-stm32.12.3.rel1.linux64_1.0.100.202403111256/tools/bin/../lib/gcc/arm-none-eabi/12.3.1/../../../../arm-none-eabi/lib/thumb/v7e-m+fp/hard/libc_nano.a(libc_a-memchr.o)
                0x080001e0                memchr
 .text          0x08000280       0x30 /home/anh/ProgramFiles/stm32cube/stm32cubeide/plugins/com.st.stm32cube.ide.mcu.externaltools.gnu-tools-for-stm32.12.3.rel1.linux64_1.0.100.202403111256/tools/bin/../lib/gcc/arm-none-eabi/12.3.1/thumb/v7e-m+fp/hard/libgcc.a(_aeabi_uldivmod.o)
                0x08000280                __aeabi_uldivmod
 .text          0x080002b0      0x2bc /home/anh/ProgramFiles/stm32cube/stm32cubeide/plugins/com.st.stm32cube.ide.mcu.externaltools.gnu-tools-for-stm32.12.3.rel1.linux64_1.0.100.202403111256/tools/bin/../lib/gcc/arm-none-eabi/12.3.1/thumb/v7e-m+fp/hard/libgcc.a(_udivmoddi4.o)
                0x080002b0                __udivmoddi4
 .text          0x0800056c        0x4 /home/anh/ProgramFiles/stm32cube/stm32cubeide/plugins/com.st.stm32cube.ide.mcu.externaltools.gnu-tools-for-stm32.12.3.rel1.linux64_1.0.100.202403111256/tools/bin/../lib/gcc/arm-none-eabi/12.3.1/thumb/v7e-m+fp/hard/libgcc.a(_dvmd_tls.o)
                0x0800056c                __aeabi_ldiv0
                0x0800056c                __aeabi_idiv0
 *(.text*)
 .text.hex2Str  0x08000570       0xf8 ./Core/Src/demo.o
                0x08000570                hex2Str
 .text.demoNotif
                0x08000668       0x50 ./Core/Src/demo.o
 .text.demoIni  0x080006b8       0xb4 ./Core/Src/demo.o
                0x080006b8                demoIni
 .text.demoCycle
                0x0800076c      0x3cc ./Core/Src/demo.o
                0x0800076c                demoCycle
 .text.demoCE   0x08000b38       0x14 ./Core/Src/demo.o
 .text.demoNfcf
                0x08000b4c       0x98 ./Core/Src/demo.o
 .text.demoNfca
                0x08000be4       0x14 ./Core/Src/demo.o
 .text.demoNfcv
                0x08000bf8       0x7c ./Core/Src/demo.o
 .text.demoP2P  0x08000c74       0xe8 ./Core/Src/demo.o
 .text.demoAPDU
                0x08000d5c      0x104 ./Core/Src/demo.o
 .text.demoTransceiveBlocking
                0x08000e60       0x46 ./Core/Src/demo.o
                0x08000e60                demoTransceiveBlocking
 *fill*         0x08000ea6        0x2 
 .text.MX_GPIO_Init
                0x08000ea8       0xe0 ./Core/Src/gpio.o
                0x08000ea8                MX_GPIO_Init
 .text.LL_PWR_ClearFlag_SB
                0x08000f88       0x1c ./Core/Src/main.o
 .text.LL_PWR_ClearFlag_WU
                0x08000fa4       0x18 ./Core/Src/main.o
 .text.tracelog
                0x08000fbc       0x2c ./Core/Src/main.o
 .text.main     0x08000fe8       0x9c ./Core/Src/main.o
                0x08000fe8                main
 .text.SystemClock_Config
                0x08001084       0xc4 ./Core/Src/main.o
                0x08001084                SystemClock_Config
 .text.Error_Handler
                0x08001148       0x20 ./Core/Src/main.o
                0x08001148                Error_Handler
 .text.MX_SPI2_Init
                0x08001168       0x7c ./Core/Src/spi.o
                0x08001168                MX_SPI2_Init
 .text.HAL_SPI_MspInit
                0x080011e4       0x88 ./Core/Src/spi.o
                0x080011e4                HAL_SPI_MspInit
 .text.spiInit  0x0800126c       0x30 ./Core/Src/spi_port.o
                0x0800126c                spiInit
 .text.spiTxRx  0x0800129c       0x78 ./Core/Src/spi_port.o
                0x0800129c                spiTxRx
 .text.HAL_MspInit
                0x08001314       0x48 ./Core/Src/stm32l4xx_hal_msp.o
                0x08001314                HAL_MspInit
 .text.NMI_Handler
                0x0800135c        0x8 ./Core/Src/stm32l4xx_it.o
                0x0800135c                NMI_Handler
 .text.HardFault_Handler
                0x08001364        0x8 ./Core/Src/stm32l4xx_it.o
                0x08001364                HardFault_Handler
 .text.MemManage_Handler
                0x0800136c        0x8 ./Core/Src/stm32l4xx_it.o
                0x0800136c                MemManage_Handler
 .text.BusFault_Handler
                0x08001374        0x8 ./Core/Src/stm32l4xx_it.o
                0x08001374                BusFault_Handler
 .text.UsageFault_Handler
                0x0800137c        0x8 ./Core/Src/stm32l4xx_it.o
                0x0800137c                UsageFault_Handler
 .text.SVC_Handler
                0x08001384        0xe ./Core/Src/stm32l4xx_it.o
                0x08001384                SVC_Handler
 .text.DebugMon_Handler
                0x08001392        0xe ./Core/Src/stm32l4xx_it.o
                0x08001392                DebugMon_Handler
 .text.PendSV_Handler
                0x080013a0        0xe ./Core/Src/stm32l4xx_it.o
                0x080013a0                PendSV_Handler
 .text.SysTick_Handler
                0x080013ae        0xc ./Core/Src/stm32l4xx_it.o
                0x080013ae                SysTick_Handler
 .text.EXTI15_10_IRQHandler
                0x080013ba       0x14 ./Core/Src/stm32l4xx_it.o
                0x080013ba                EXTI15_10_IRQHandler
 *fill*         0x080013ce        0x2 
 .text._sbrk    0x080013d0       0x6c ./Core/Src/sysmem.o
                0x080013d0                _sbrk
 .text.SystemInit
                0x0800143c       0x24 ./Core/Src/system_stm32l4xx.o
                0x0800143c                SystemInit
 .text.MX_USART1_UART_Init
                0x08001460       0x60 ./Core/Src/usart.o
                0x08001460                MX_USART1_UART_Init
 .text.HAL_UART_MspInit
                0x080014c0       0xb0 ./Core/Src/usart.o
                0x080014c0                HAL_UART_MspInit
 .text.Reset_Handler
                0x08001570       0x50 ./Core/Startup/startup_stm32l431cctx.o
                0x08001570                Reset_Handler
 .text.Default_Handler
                0x080015c0        0x2 ./Core/Startup/startup_stm32l431cctx.o
                0x080015c0                RTC_Alarm_IRQHandler
                0x080015c0                EXTI2_IRQHandler
                0x080015c0                TIM1_CC_IRQHandler
                0x080015c0                TSC_IRQHandler
                0x080015c0                TAMP_STAMP_IRQHandler
                0x080015c0                EXTI3_IRQHandler
                0x080015c0                LPTIM2_IRQHandler
                0x080015c0                I2C3_ER_IRQHandler
                0x080015c0                EXTI0_IRQHandler
                0x080015c0                I2C2_EV_IRQHandler
                0x080015c0                CAN1_RX0_IRQHandler
                0x080015c0                FPU_IRQHandler
                0x080015c0                TIM1_UP_TIM16_IRQHandler
                0x080015c0                SPI1_IRQHandler
                0x080015c0                TIM6_DAC_IRQHandler
                0x080015c0                DMA2_Channel2_IRQHandler
                0x080015c0                DMA1_Channel4_IRQHandler
                0x080015c0                ADC1_IRQHandler
                0x080015c0                USART3_IRQHandler
                0x080015c0                DMA1_Channel7_IRQHandler
                0x080015c0                CAN1_RX1_IRQHandler
                0x080015c0                DMA2_Channel1_IRQHandler
                0x080015c0                QUADSPI_IRQHandler
                0x080015c0                I2C1_EV_IRQHandler
                0x080015c0                DMA1_Channel6_IRQHandler
                0x080015c0                DMA2_Channel4_IRQHandler
                0x080015c0                RCC_IRQHandler
                0x080015c0                TIM1_TRG_COM_IRQHandler
                0x080015c0                DMA1_Channel1_IRQHandler
                0x080015c0                Default_Handler
                0x080015c0                DMA2_Channel7_IRQHandler
                0x080015c0                TIM7_IRQHandler
                0x080015c0                SDMMC1_IRQHandler
                0x080015c0                I2C3_EV_IRQHandler
                0x080015c0                EXTI9_5_IRQHandler
                0x080015c0                RTC_WKUP_IRQHandler
                0x080015c0                PVD_PVM_IRQHandler
                0x080015c0                SPI2_IRQHandler
                0x080015c0                CAN1_TX_IRQHandler
                0x080015c0                DMA2_Channel5_IRQHandler
                0x080015c0                CRS_IRQHandler
                0x080015c0                DMA1_Channel5_IRQHandler
                0x080015c0                EXTI4_IRQHandler
                0x080015c0                RNG_IRQHandler
                0x080015c0                DMA1_Channel3_IRQHandler
                0x080015c0                COMP_IRQHandler
                0x080015c0                WWDG_IRQHandler
                0x080015c0                LPUART1_IRQHandler
                0x080015c0                DMA2_Channel6_IRQHandler
                0x080015c0                TIM2_IRQHandler
                0x080015c0                EXTI1_IRQHandler
                0x080015c0                USART2_IRQHandler
                0x080015c0                I2C2_ER_IRQHandler
                0x080015c0                DMA1_Channel2_IRQHandler
                0x080015c0                CAN1_SCE_IRQHandler
                0x080015c0                FLASH_IRQHandler
                0x080015c0                USART1_IRQHandler
                0x080015c0                SPI3_IRQHandler
                0x080015c0                I2C1_ER_IRQHandler
                0x080015c0                SWPMI1_IRQHandler
                0x080015c0                LPTIM1_IRQHandler
                0x080015c0                SAI1_IRQHandler
                0x080015c0                DMA2_Channel3_IRQHandler
                0x080015c0                TIM1_BRK_TIM15_IRQHandler
 .text.HAL_Init
                0x080015c2       0x30 ./Drivers/STM32L4xx_HAL_Driver/Src/stm32l4xx_hal.o
                0x080015c2                HAL_Init
 *fill*         0x080015f2        0x2 
 .text.HAL_InitTick
                0x080015f4       0x78 ./Drivers/STM32L4xx_HAL_Driver/Src/stm32l4xx_hal.o
                0x080015f4                HAL_InitTick
 .text.HAL_IncTick
                0x0800166c       0x28 ./Drivers/STM32L4xx_HAL_Driver/Src/stm32l4xx_hal.o
                0x0800166c                HAL_IncTick
 .text.HAL_GetTick
                0x08001694       0x18 ./Drivers/STM32L4xx_HAL_Driver/Src/stm32l4xx_hal.o
                0x08001694                HAL_GetTick
 .text.HAL_Delay
                0x080016ac       0x48 ./Drivers/STM32L4xx_HAL_Driver/Src/stm32l4xx_hal.o
                0x080016ac                HAL_Delay
 .text.HAL_SuspendTick
                0x080016f4       0x20 ./Drivers/STM32L4xx_HAL_Driver/Src/stm32l4xx_hal.o
                0x080016f4                HAL_SuspendTick
 .text.HAL_ResumeTick
                0x08001714       0x20 ./Drivers/STM32L4xx_HAL_Driver/Src/stm32l4xx_hal.o
                0x08001714                HAL_ResumeTick
 .text.__NVIC_SetPriorityGrouping
                0x08001734       0x48 ./Drivers/STM32L4xx_HAL_Driver/Src/stm32l4xx_hal_cortex.o
 .text.__NVIC_GetPriorityGrouping
                0x0800177c       0x1c ./Drivers/STM32L4xx_HAL_Driver/Src/stm32l4xx_hal_cortex.o
 .text.__NVIC_EnableIRQ
                0x08001798       0x3c ./Drivers/STM32L4xx_HAL_Driver/Src/stm32l4xx_hal_cortex.o
 .text.__NVIC_SetPriority
                0x080017d4       0x54 ./Drivers/STM32L4xx_HAL_Driver/Src/stm32l4xx_hal_cortex.o
 .text.NVIC_EncodePriority
                0x08001828       0x66 ./Drivers/STM32L4xx_HAL_Driver/Src/stm32l4xx_hal_cortex.o
 *fill*         0x0800188e        0x2 
 .text.SysTick_Config
                0x08001890       0x44 ./Drivers/STM32L4xx_HAL_Driver/Src/stm32l4xx_hal_cortex.o
 .text.HAL_NVIC_SetPriorityGrouping
                0x080018d4       0x16 ./Drivers/STM32L4xx_HAL_Driver/Src/stm32l4xx_hal_cortex.o
                0x080018d4                HAL_NVIC_SetPriorityGrouping
 .text.HAL_NVIC_SetPriority
                0x080018ea       0x38 ./Drivers/STM32L4xx_HAL_Driver/Src/stm32l4xx_hal_cortex.o
                0x080018ea                HAL_NVIC_SetPriority
 .text.HAL_NVIC_EnableIRQ
                0x08001922       0x1c ./Drivers/STM32L4xx_HAL_Driver/Src/stm32l4xx_hal_cortex.o
                0x08001922                HAL_NVIC_EnableIRQ
 .text.HAL_SYSTICK_Config
                0x0800193e       0x18 ./Drivers/STM32L4xx_HAL_Driver/Src/stm32l4xx_hal_cortex.o
                0x0800193e                HAL_SYSTICK_Config
 *fill*         0x08001956        0x2 
 .text.HAL_GPIO_Init
                0x08001958      0x2f4 ./Drivers/STM32L4xx_HAL_Driver/Src/stm32l4xx_hal_gpio.o
                0x08001958                HAL_GPIO_Init
 .text.HAL_GPIO_ReadPin
                0x08001c4c       0x30 ./Drivers/STM32L4xx_HAL_Driver/Src/stm32l4xx_hal_gpio.o
                0x08001c4c                HAL_GPIO_ReadPin
 .text.HAL_GPIO_WritePin
                0x08001c7c       0x30 ./Drivers/STM32L4xx_HAL_Driver/Src/stm32l4xx_hal_gpio.o
                0x08001c7c                HAL_GPIO_WritePin
 .text.HAL_GPIO_EXTI_IRQHandler
                0x08001cac       0x30 ./Drivers/STM32L4xx_HAL_Driver/Src/stm32l4xx_hal_gpio.o
                0x08001cac                HAL_GPIO_EXTI_IRQHandler
 .text.HAL_GPIO_EXTI_Callback
                0x08001cdc       0x16 ./Drivers/STM32L4xx_HAL_Driver/Src/stm32l4xx_hal_gpio.o
                0x08001cdc                HAL_GPIO_EXTI_Callback
 *fill*         0x08001cf2        0x2 
 .text.HAL_PWR_EnableBkUpAccess
                0x08001cf4       0x20 ./Drivers/STM32L4xx_HAL_Driver/Src/stm32l4xx_hal_pwr.o
                0x08001cf4                HAL_PWR_EnableBkUpAccess
 .text.HAL_PWREx_GetVoltageRange
                0x08001d14       0x1c ./Drivers/STM32L4xx_HAL_Driver/Src/stm32l4xx_hal_pwr_ex.o
                0x08001d14                HAL_PWREx_GetVoltageRange
 .text.HAL_PWREx_ControlVoltageScaling
                0x08001d30       0xac ./Drivers/STM32L4xx_HAL_Driver/Src/stm32l4xx_hal_pwr_ex.o
                0x08001d30                HAL_PWREx_ControlVoltageScaling
 .text.HAL_PWREx_EnterSTOP2Mode
                0x08001ddc       0x58 ./Drivers/STM32L4xx_HAL_Driver/Src/stm32l4xx_hal_pwr_ex.o
                0x08001ddc                HAL_PWREx_EnterSTOP2Mode
 .text.HAL_RCC_OscConfig
                0x08001e34      0x828 ./Drivers/STM32L4xx_HAL_Driver/Src/stm32l4xx_hal_rcc.o
                0x08001e34                HAL_RCC_OscConfig
 .text.HAL_RCC_ClockConfig
                0x0800265c      0x200 ./Drivers/STM32L4xx_HAL_Driver/Src/stm32l4xx_hal_rcc.o
                0x0800265c                HAL_RCC_ClockConfig
 .text.HAL_RCC_GetSysClockFreq
                0x0800285c      0x118 ./Drivers/STM32L4xx_HAL_Driver/Src/stm32l4xx_hal_rcc.o
                0x0800285c                HAL_RCC_GetSysClockFreq
 .text.HAL_RCC_GetHCLKFreq
                0x08002974       0x18 ./Drivers/STM32L4xx_HAL_Driver/Src/stm32l4xx_hal_rcc.o
                0x08002974                HAL_RCC_GetHCLKFreq
 .text.HAL_RCC_GetPCLK1Freq
                0x0800298c       0x2c ./Drivers/STM32L4xx_HAL_Driver/Src/stm32l4xx_hal_rcc.o
                0x0800298c                HAL_RCC_GetPCLK1Freq
 .text.HAL_RCC_GetPCLK2Freq
                0x080029b8       0x2c ./Drivers/STM32L4xx_HAL_Driver/Src/stm32l4xx_hal_rcc.o
                0x080029b8                HAL_RCC_GetPCLK2Freq
 .text.RCC_SetFlashLatencyFromMSIRange
                0x080029e4       0xc0 ./Drivers/STM32L4xx_HAL_Driver/Src/stm32l4xx_hal_rcc.o
 .text.HAL_RCCEx_PeriphCLKConfig
                0x08002aa4      0x430 ./Drivers/STM32L4xx_HAL_Driver/Src/stm32l4xx_hal_rcc_ex.o
                0x08002aa4                HAL_RCCEx_PeriphCLKConfig
 .text.HAL_RCCEx_EnableMSIPLLMode
                0x08002ed4       0x20 ./Drivers/STM32L4xx_HAL_Driver/Src/stm32l4xx_hal_rcc_ex.o
                0x08002ed4                HAL_RCCEx_EnableMSIPLLMode
 .text.RCCEx_PLLSAI1_Config
                0x08002ef4      0x1e4 ./Drivers/STM32L4xx_HAL_Driver/Src/stm32l4xx_hal_rcc_ex.o
 .text.HAL_SPI_Init
                0x080030d8      0x146 ./Drivers/STM32L4xx_HAL_Driver/Src/stm32l4xx_hal_spi.o
                0x080030d8                HAL_SPI_Init
 .text.HAL_SPI_TransmitReceive
                0x0800321e      0x43e ./Drivers/STM32L4xx_HAL_Driver/Src/stm32l4xx_hal_spi.o
                0x0800321e                HAL_SPI_TransmitReceive
 .text.SPI_WaitFlagStateUntilTimeout
                0x0800365c      0x110 ./Drivers/STM32L4xx_HAL_Driver/Src/stm32l4xx_hal_spi.o
 .text.SPI_WaitFifoStateUntilTimeout
                0x0800376c      0x12c ./Drivers/STM32L4xx_HAL_Driver/Src/stm32l4xx_hal_spi.o
 .text.SPI_EndRxTxTransaction
                0x08003898       0x8c ./Drivers/STM32L4xx_HAL_Driver/Src/stm32l4xx_hal_spi.o
 .text.HAL_UART_Init
                0x08003924       0x9c ./Drivers/STM32L4xx_HAL_Driver/Src/stm32l4xx_hal_uart.o
                0x08003924                HAL_UART_Init
 .text.HAL_UART_Transmit
                0x080039c0      0x112 ./Drivers/STM32L4xx_HAL_Driver/Src/stm32l4xx_hal_uart.o
                0x080039c0                HAL_UART_Transmit
 *fill*         0x08003ad2        0x2 
 .text.UART_SetConfig
                0x08003ad4      0x4b4 ./Drivers/STM32L4xx_HAL_Driver/Src/stm32l4xx_hal_uart.o
                0x08003ad4                UART_SetConfig
 .text.UART_AdvFeatureConfig
                0x08003f88      0x144 ./Drivers/STM32L4xx_HAL_Driver/Src/stm32l4xx_hal_uart.o
                0x08003f88                UART_AdvFeatureConfig
 .text.UART_CheckIdleState
                0x080040cc      0x150 ./Drivers/STM32L4xx_HAL_Driver/Src/stm32l4xx_hal_uart.o
                0x080040cc                UART_CheckIdleState
 .text.UART_WaitOnFlagUntilTimeout
                0x0800421c       0xda ./Drivers/STM32L4xx_HAL_Driver/Src/stm32l4xx_hal_uart.o
                0x0800421c                UART_WaitOnFlagUntilTimeout
 .text.UART_EndRxTransfer
                0x080042f6       0xc8 ./Drivers/STM32L4xx_HAL_Driver/Src/stm32l4xx_hal_uart.o
 *fill*         0x080043be        0x2 
 .text.log_monitor_init
                0x080043c0       0x20 ./libraries/Tracelog/TraceLog.o
                0x080043c0                log_monitor_init
 .text.LOG_INFO
                0x080043e0       0x98 ./libraries/Tracelog/TraceLog.o
                0x080043e0                LOG_INFO
 .text.LOG_WARN
                0x08004478       0x98 ./libraries/Tracelog/TraceLog.o
                0x08004478                LOG_WARN
 .text.LOG_ERROR
                0x08004510       0x98 ./libraries/Tracelog/TraceLog.o
                0x08004510                LOG_ERROR
 .text.LOG_DEBUG
                0x080045a8       0x98 ./libraries/Tracelog/TraceLog.o
                0x080045a8                LOG_DEBUG
 .text.LOG_EVENT
                0x08004640       0x98 ./libraries/Tracelog/TraceLog.o
                0x08004640                LOG_EVENT
 .text.st25r3911TxRxOn
                0x080046d8       0x10 ./libraries/rfal/ST25R3911/st25r3911.o
                0x080046d8                st25r3911TxRxOn
 .text.st25r3911TxRxOff
                0x080046e8       0x10 ./libraries/rfal/ST25R3911/st25r3911.o
                0x080046e8                st25r3911TxRxOff
 .text.st25r3911OscOn
                0x080046f8       0x42 ./libraries/rfal/ST25R3911/st25r3911.o
                0x080046f8                st25r3911OscOn
 .text.st25r3911Initialize
                0x0800473a       0x5c ./libraries/rfal/ST25R3911/st25r3911.o
                0x0800473a                st25r3911Initialize
 .text.st25r3911AdjustRegulators
                0x08004796       0xaa ./libraries/rfal/ST25R3911/st25r3911.o
                0x08004796                st25r3911AdjustRegulators
 .text.st25r3911MeasureAmplitude
                0x08004840       0x1c ./libraries/rfal/ST25R3911/st25r3911.o
                0x08004840                st25r3911MeasureAmplitude
 .text.st25r3911MeasurePhase
                0x0800485c       0x1c ./libraries/rfal/ST25R3911/st25r3911.o
                0x0800485c                st25r3911MeasurePhase
 .text.st25r3911MeasureCapacitance
                0x08004878       0x1c ./libraries/rfal/ST25R3911/st25r3911.o
                0x08004878                st25r3911MeasureCapacitance
 .text.st25r3911CalibrateAntenna
                0x08004894       0x1c ./libraries/rfal/ST25R3911/st25r3911.o
                0x08004894                st25r3911CalibrateAntenna
 .text.st25r3911CalibrateCapacitiveSensor
                0x080048b0       0x5a ./libraries/rfal/ST25R3911/st25r3911.o
                0x080048b0                st25r3911CalibrateCapacitiveSensor
 .text.st25r3911SetBitrate
                0x0800490a       0x80 ./libraries/rfal/ST25R3911/st25r3911.o
                0x0800490a                st25r3911SetBitrate
 .text.st25r3911MeasurePowerSupply
                0x0800498a       0x2e ./libraries/rfal/ST25R3911/st25r3911.o
                0x0800498a                st25r3911MeasurePowerSupply
 .text.st25r3911MeasureVoltage
                0x080049b8       0x54 ./libraries/rfal/ST25R3911/st25r3911.o
                0x080049b8                st25r3911MeasureVoltage
 .text.st25r3911StartGPTimer_8fcs
                0x08004a0c       0x3a ./libraries/rfal/ST25R3911/st25r3911.o
                0x08004a0c                st25r3911StartGPTimer_8fcs
 .text.st25r3911SetGPTime_8fcs
                0x08004a46       0x2e ./libraries/rfal/ST25R3911/st25r3911.o
                0x08004a46                st25r3911SetGPTime_8fcs
 .text.st25r3911CheckReg
                0x08004a74       0x40 ./libraries/rfal/ST25R3911/st25r3911.o
                0x08004a74                st25r3911CheckReg
 .text.st25r3911CheckChipID
                0x08004ab4       0x42 ./libraries/rfal/ST25R3911/st25r3911.o
                0x08004ab4                st25r3911CheckChipID
 *fill*         0x08004af6        0x2 
 .text.st25r3911SetNoResponseTime_64fcs
                0x08004af8       0x7c ./libraries/rfal/ST25R3911/st25r3911.o
                0x08004af8                st25r3911SetNoResponseTime_64fcs
 .text.st25r3911PerformCollisionAvoidance
                0x08004b74       0xea ./libraries/rfal/ST25R3911/st25r3911.o
                0x08004b74                st25r3911PerformCollisionAvoidance
 .text.st25r3911SetNumTxBits
                0x08004c5e       0x2a ./libraries/rfal/ST25R3911/st25r3911.o
                0x08004c5e                st25r3911SetNumTxBits
 .text.st25r3911StreamConfigure
                0x08004c88       0xdc ./libraries/rfal/ST25R3911/st25r3911.o
                0x08004c88                st25r3911StreamConfigure
 .text.st25r3911ExecuteCommandAndGetResult
                0x08004d64       0x5c ./libraries/rfal/ST25R3911/st25r3911.o
 .text.__NVIC_EnableIRQ
                0x08004dc0       0x3c ./libraries/rfal/ST25R3911/st25r3911_com.o
 .text.__NVIC_DisableIRQ
                0x08004dfc       0x48 ./libraries/rfal/ST25R3911/st25r3911_com.o
 .text.st25r3911CheckFieldSetLED
                0x08004e44       0x16 ./libraries/rfal/ST25R3911/st25r3911_com.o
 *fill*         0x08004e5a        0x2 
 .text.st25r3911ReadRegister
                0x08004e5c       0xa0 ./libraries/rfal/ST25R3911/st25r3911_com.o
                0x08004e5c                st25r3911ReadRegister
 .text.st25r3911ReadMultipleRegisters
                0x08004efc       0xa4 ./libraries/rfal/ST25R3911/st25r3911_com.o
                0x08004efc                st25r3911ReadMultipleRegisters
 .text.st25r3911ReadTestRegister
                0x08004fa0       0xa4 ./libraries/rfal/ST25R3911/st25r3911_com.o
                0x08004fa0                st25r3911ReadTestRegister
 .text.st25r3911WriteTestRegister
                0x08005044       0x94 ./libraries/rfal/ST25R3911/st25r3911_com.o
                0x08005044                st25r3911WriteTestRegister
 .text.st25r3911WriteRegister
                0x080050d8       0x9c ./libraries/rfal/ST25R3911/st25r3911_com.o
                0x080050d8                st25r3911WriteRegister
 .text.st25r3911ClrRegisterBits
                0x08005174       0x46 ./libraries/rfal/ST25R3911/st25r3911_com.o
                0x08005174                st25r3911ClrRegisterBits
 .text.st25r3911SetRegisterBits
                0x080051ba       0x3c ./libraries/rfal/ST25R3911/st25r3911_com.o
                0x080051ba                st25r3911SetRegisterBits
 .text.st25r3911ChangeRegisterBits
                0x080051f6       0x2c ./libraries/rfal/ST25R3911/st25r3911_com.o
                0x080051f6                st25r3911ChangeRegisterBits
 .text.st25r3911ModifyRegister
                0x08005222       0x52 ./libraries/rfal/ST25R3911/st25r3911_com.o
                0x08005222                st25r3911ModifyRegister
 .text.st25r3911ChangeTestRegisterBits
                0x08005274       0x54 ./libraries/rfal/ST25R3911/st25r3911_com.o
                0x08005274                st25r3911ChangeTestRegisterBits
 .text.st25r3911WriteFifo
                0x080052c8       0x9c ./libraries/rfal/ST25R3911/st25r3911_com.o
                0x080052c8                st25r3911WriteFifo
 .text.st25r3911ReadFifo
                0x08005364       0x9c ./libraries/rfal/ST25R3911/st25r3911_com.o
                0x08005364                st25r3911ReadFifo
 .text.st25r3911ExecuteCommand
                0x08005400       0x8c ./libraries/rfal/ST25R3911/st25r3911_com.o
                0x08005400                st25r3911ExecuteCommand
 .text.st25r3911ExecuteCommands
                0x0800548c       0x84 ./libraries/rfal/ST25R3911/st25r3911_com.o
                0x0800548c                st25r3911ExecuteCommands
 .text.__NVIC_EnableIRQ
                0x08005510       0x3c ./libraries/rfal/ST25R3911/st25r3911_interrupt.o
 .text.__NVIC_DisableIRQ
                0x0800554c       0x48 ./libraries/rfal/ST25R3911/st25r3911_interrupt.o
 .text.st25r3911InitInterrupts
                0x08005594       0x2c ./libraries/rfal/ST25R3911/st25r3911_interrupt.o
                0x08005594                st25r3911InitInterrupts
 .text.st25r3911Isr
                0x080055c0       0x20 ./libraries/rfal/ST25R3911/st25r3911_interrupt.o
                0x080055c0                st25r3911Isr
 .text.st25r3911CheckForReceivedInterrupts
                0x080055e0       0xb0 ./libraries/rfal/ST25R3911/st25r3911_interrupt.o
                0x080055e0                st25r3911CheckForReceivedInterrupts
 .text.st25r3911ModifyInterrupts
                0x08005690       0x88 ./libraries/rfal/ST25R3911/st25r3911_interrupt.o
                0x08005690                st25r3911ModifyInterrupts
 .text.st25r3911WaitForInterruptsTimed
                0x08005718       0xa8 ./libraries/rfal/ST25R3911/st25r3911_interrupt.o
                0x08005718                st25r3911WaitForInterruptsTimed
 .text.st25r3911GetInterrupt
                0x080057c0       0x78 ./libraries/rfal/ST25R3911/st25r3911_interrupt.o
                0x080057c0                st25r3911GetInterrupt
 .text.st25r3911EnableInterrupts
                0x08005838       0x18 ./libraries/rfal/ST25R3911/st25r3911_interrupt.o
                0x08005838                st25r3911EnableInterrupts
 .text.st25r3911DisableInterrupts
                0x08005850       0x18 ./libraries/rfal/ST25R3911/st25r3911_interrupt.o
                0x08005850                st25r3911DisableInterrupts
 .text.st25r3911ClearInterrupts
                0x08005868       0x68 ./libraries/rfal/ST25R3911/st25r3911_interrupt.o
                0x08005868                st25r3911ClearInterrupts
 .text.timerCalculateTimer
                0x080058d0       0x1c ./libraries/rfal/ST25R3911/timer.o
                0x080058d0                timerCalculateTimer
 .text.timerIsExpired
                0x080058ec       0x2c ./libraries/rfal/ST25R3911/timer.o
                0x080058ec                timerIsExpired
 .text.rfalAnalogConfigInitialize
                0x08005918       0x2c ./libraries/rfal/Src/rfal_analogConfig.o
                0x08005918                rfalAnalogConfigInitialize
 .text.rfalSetAnalogConfig
                0x08005944      0x144 ./libraries/rfal/Src/rfal_analogConfig.o
                0x08005944                rfalSetAnalogConfig
 .text.rfalAnalogConfigSearch
                0x08005a88       0xc4 ./libraries/rfal/Src/rfal_analogConfig.o
 .text.rfalCrcCalculateCcitt
                0x08005b4c       0x48 ./libraries/rfal/Src/rfal_crc.o
                0x08005b4c                rfalCrcCalculateCcitt
 .text.rfalCrcUpdateCcitt
                0x08005b94       0x6a ./libraries/rfal/Src/rfal_crc.o
 *fill*         0x08005bfe        0x2 
 .text.iso15693PhyConfigure
                0x08005c00       0x4c ./libraries/rfal/Src/rfal_iso15693_2.o
                0x08005c00                iso15693PhyConfigure
 .text.iso15693VCDCode
                0x08005c4c      0x2e8 ./libraries/rfal/Src/rfal_iso15693_2.o
                0x08005c4c                iso15693VCDCode
 .text.iso15693VICCDecode
                0x08005f34      0x23c ./libraries/rfal/Src/rfal_iso15693_2.o
                0x08005f34                iso15693VICCDecode
 .text.iso15693PhyVCDCode1Of4
                0x08006170       0xa8 ./libraries/rfal/Src/rfal_iso15693_2.o
 .text.iso15693PhyVCDCode1Of256
                0x08006218       0xac ./libraries/rfal/Src/rfal_iso15693_2.o
 .text.isoDepClearCounters
                0x080062c4       0x24 ./libraries/rfal/Src/rfal_isoDep.o
 .text.isoDepTx
                0x080062e8      0x130 ./libraries/rfal/Src/rfal_isoDep.o
 .text.isoDepHandleControlMsg
                0x08006418      0x174 ./libraries/rfal/Src/rfal_isoDep.o
 .text.isoDepReSendControlMsg
                0x0800658c       0xb4 ./libraries/rfal/Src/rfal_isoDep.o
 .text.rfalIsoDepInitialize
                0x08006640       0xa4 ./libraries/rfal/Src/rfal_isoDep.o
                0x08006640                rfalIsoDepInitialize
 .text.isoDepDataExchangePCD
                0x080066e4      0x4f8 ./libraries/rfal/Src/rfal_isoDep.o
 .text.rfalIsoDepDeselect
                0x08006bdc       0xa0 ./libraries/rfal/Src/rfal_isoDep.o
                0x08006bdc                rfalIsoDepDeselect
 .text.rfalIsoDepFWI2FWT
                0x08006c7c       0x40 ./libraries/rfal/Src/rfal_isoDep.o
                0x08006c7c                rfalIsoDepFWI2FWT
 .text.rfalIsoDepFSxI2FSx
                0x08006cbc       0xe0 ./libraries/rfal/Src/rfal_isoDep.o
                0x08006cbc                rfalIsoDepFSxI2FSx
 .text.rfalIsoDepIsRats
                0x08006d9c       0x32 ./libraries/rfal/Src/rfal_isoDep.o
                0x08006d9c                rfalIsoDepIsRats
 *fill*         0x08006dce        0x2 
 .text.rfalIsoDepListenStartActivation
                0x08006dd0      0x2a4 ./libraries/rfal/Src/rfal_isoDep.o
                0x08006dd0                rfalIsoDepListenStartActivation
 .text.rfalIsoDepListenGetActivationStatus
                0x08007074      0x2d8 ./libraries/rfal/Src/rfal_isoDep.o
                0x08007074                rfalIsoDepListenGetActivationStatus
 .text.rfalIsoDepStartTransceive
                0x0800734c       0xd8 ./libraries/rfal/Src/rfal_isoDep.o
                0x0800734c                rfalIsoDepStartTransceive
 .text.rfalIsoDepGetTransceiveStatus
                0x08007424       0x30 ./libraries/rfal/Src/rfal_isoDep.o
                0x08007424                rfalIsoDepGetTransceiveStatus
 .text.isoDepDataExchangePICC
                0x08007454      0x7a8 ./libraries/rfal/Src/rfal_isoDep.o
 .text.rfalIsoDepRATS
                0x08007bfc       0xa8 ./libraries/rfal/Src/rfal_isoDep.o
                0x08007bfc                rfalIsoDepRATS
 .text.rfalIsoDepPPS
                0x08007ca4       0xa4 ./libraries/rfal/Src/rfal_isoDep.o
                0x08007ca4                rfalIsoDepPPS
 .text.rfalIsoDepATTRIB
                0x08007d48      0x112 ./libraries/rfal/Src/rfal_isoDep.o
                0x08007d48                rfalIsoDepATTRIB
 *fill*         0x08007e5a        0x2 
 .text.rfalIsoDepPollAHandleActivation
                0x08007e5c      0x2b4 ./libraries/rfal/Src/rfal_isoDep.o
                0x08007e5c                rfalIsoDepPollAHandleActivation
 .text.rfalIsoDepPollBHandleActivation
                0x08008110      0x234 ./libraries/rfal/Src/rfal_isoDep.o
                0x08008110                rfalIsoDepPollBHandleActivation
 .text.rfalIsoDepCalcBitRate
                0x08008344      0x146 ./libraries/rfal/Src/rfal_isoDep.o
 *fill*         0x0800848a        0x2 
 .text.rfalIsoDepSFGI2SFGT
                0x0800848c       0x58 ./libraries/rfal/Src/rfal_isoDep.o
 .text.rfalNfcInitialize
                0x080084e4       0x38 ./libraries/rfal/Src/rfal_nfc.o
                0x080084e4                rfalNfcInitialize
 .text.rfalNfcDiscover
                0x0800851c      0x118 ./libraries/rfal/Src/rfal_nfc.o
                0x0800851c                rfalNfcDiscover
 .text.rfalNfcDeactivate
                0x08008634       0x44 ./libraries/rfal/Src/rfal_nfc.o
                0x08008634                rfalNfcDeactivate
 .text.rfalNfcSelect
                0x08008678       0x34 ./libraries/rfal/Src/rfal_nfc.o
                0x08008678                rfalNfcSelect
 .text.rfalNfcGetState
                0x080086ac       0x18 ./libraries/rfal/Src/rfal_nfc.o
                0x080086ac                rfalNfcGetState
 .text.rfalNfcGetDevicesFound
                0x080086c4       0x4c ./libraries/rfal/Src/rfal_nfc.o
                0x080086c4                rfalNfcGetDevicesFound
 .text.rfalNfcGetActiveDevice
                0x08008710       0x50 ./libraries/rfal/Src/rfal_nfc.o
                0x08008710                rfalNfcGetActiveDevice
 .text.rfalNfcWorker
                0x08008760      0x3c8 ./libraries/rfal/Src/rfal_nfc.o
                0x08008760                rfalNfcWorker
 .text.rfalNfcDataExchangeStart
                0x08008b28      0x234 ./libraries/rfal/Src/rfal_nfc.o
                0x08008b28                rfalNfcDataExchangeStart
 .text.rfalNfcDataExchangeGetStatus
                0x08008d5c      0x108 ./libraries/rfal/Src/rfal_nfc.o
                0x08008d5c                rfalNfcDataExchangeGetStatus
 .text.rfalNfcPollTechDetetection
                0x08008e64      0x31c ./libraries/rfal/Src/rfal_nfc.o
 .text.rfalNfcPollCollResolution
                0x08009180      0x59c ./libraries/rfal/Src/rfal_nfc.o
 .text.rfalNfcPollActivation
                0x0800971c      0x564 ./libraries/rfal/Src/rfal_nfc.o
 .text.rfalNfcListenActivation
                0x08009c80      0x390 ./libraries/rfal/Src/rfal_nfc.o
 .text.rfalNfcNfcDepActivate
                0x0800a010      0x148 ./libraries/rfal/Src/rfal_nfc.o
 .text.rfalNfcDeactivation
                0x0800a158       0x4c ./libraries/rfal/Src/rfal_nfc.o
 .text.nfcipDxIsSupported
                0x0800a1a4       0x46 ./libraries/rfal/Src/rfal_nfcDep.o
 *fill*         0x0800a1ea        0x2 
 .text.nfcipTxRx
                0x0800a1ec       0x90 ./libraries/rfal/Src/rfal_nfcDep.o
 .text.nfcipDEPControlMsg
                0x0800a27c       0xc0 ./libraries/rfal/Src/rfal_nfcDep.o
 .text.nfcipClearCounters
                0x0800a33c       0x3c ./libraries/rfal/Src/rfal_nfcDep.o
 .text.nfcipInitiatorHandleDEP
                0x0800a378      0x580 ./libraries/rfal/Src/rfal_nfcDep.o
 .text.nfcipTargetHandleRX
                0x0800a8f8      0x884 ./libraries/rfal/Src/rfal_nfcDep.o
 .text.nfcipTx  0x0800b17c      0x31c ./libraries/rfal/Src/rfal_nfcDep.o
 .text.nfcipConfig
                0x0800b498       0x84 ./libraries/rfal/Src/rfal_nfcDep.o
 .text.nfcipRun
                0x0800b51c      0x260 ./libraries/rfal/Src/rfal_nfcDep.o
 .text.rfalNfcDepInitialize
                0x0800b77c       0xac ./libraries/rfal/Src/rfal_nfcDep.o
                0x0800b77c                rfalNfcDepInitialize
 .text.nfcipSetDEPParams
                0x0800b828       0xd0 ./libraries/rfal/Src/rfal_nfcDep.o
 .text.rfalNfcDepIsAtrReq
                0x0800b8f8       0x6c ./libraries/rfal/Src/rfal_nfcDep.o
                0x0800b8f8                rfalNfcDepIsAtrReq
 .text.nfcipTargetHandleActivation
                0x0800b964      0x1f4 ./libraries/rfal/Src/rfal_nfcDep.o
 .text.rfalNfcDepATR
                0x0800bb58      0x1ac ./libraries/rfal/Src/rfal_nfcDep.o
                0x0800bb58                rfalNfcDepATR
 .text.rfalNfcDepPSL
                0x0800bd04       0xf8 ./libraries/rfal/Src/rfal_nfcDep.o
                0x0800bd04                rfalNfcDepPSL
 .text.rfalNfcDepRLS
                0x0800bdfc       0xd0 ./libraries/rfal/Src/rfal_nfcDep.o
                0x0800bdfc                rfalNfcDepRLS
 .text.rfalNfcDepInitiatorHandleActivation
                0x0800becc      0x1e4 ./libraries/rfal/Src/rfal_nfcDep.o
                0x0800becc                rfalNfcDepInitiatorHandleActivation
 .text.rfalNfcDepCalculateRWT
                0x0800c0b0       0x2e ./libraries/rfal/Src/rfal_nfcDep.o
                0x0800c0b0                rfalNfcDepCalculateRWT
 *fill*         0x0800c0de        0x2 
 .text.nfcipDataTx
                0x0800c0e0       0x40 ./libraries/rfal/Src/rfal_nfcDep.o
 .text.nfcipDataRx
                0x0800c120       0x88 ./libraries/rfal/Src/rfal_nfcDep.o
 .text.rfalNfcDepListenStartActivation
                0x0800c1a8      0x224 ./libraries/rfal/Src/rfal_nfcDep.o
                0x0800c1a8                rfalNfcDepListenStartActivation
 .text.rfalNfcDepListenGetActivationStatus
                0x0800c3cc       0xcc ./libraries/rfal/Src/rfal_nfcDep.o
                0x0800c3cc                rfalNfcDepListenGetActivationStatus
 .text.rfalNfcDepStartTransceive
                0x0800c498       0x6c ./libraries/rfal/Src/rfal_nfcDep.o
                0x0800c498                rfalNfcDepStartTransceive
 .text.rfalNfcDepGetTransceiveStatus
                0x0800c504       0x20 ./libraries/rfal/Src/rfal_nfcDep.o
                0x0800c504                rfalNfcDepGetTransceiveStatus
 .text.rfalNfcaCalculateBcc
                0x0800c524       0x40 ./libraries/rfal/Src/rfal_nfca.o
 .text.rfalNfcaPollerInitialize
                0x0800c564       0x48 ./libraries/rfal/Src/rfal_nfca.o
                0x0800c564                rfalNfcaPollerInitialize
 .text.rfalNfcaPollerCheckPresence
                0x0800c5ac       0x50 ./libraries/rfal/Src/rfal_nfca.o
                0x0800c5ac                rfalNfcaPollerCheckPresence
 .text.rfalNfcaPollerTechnologyDetection
                0x0800c5fc       0x42 ./libraries/rfal/Src/rfal_nfca.o
                0x0800c5fc                rfalNfcaPollerTechnologyDetection
 .text.rfalNfcaPollerSingleCollisionResolution
                0x0800c63e      0x39c ./libraries/rfal/Src/rfal_nfca.o
                0x0800c63e                rfalNfcaPollerSingleCollisionResolution
 .text.rfalNfcaPollerFullCollisionResolution
                0x0800c9da      0x236 ./libraries/rfal/Src/rfal_nfca.o
                0x0800c9da                rfalNfcaPollerFullCollisionResolution
 .text.rfalNfcaPollerSelect
                0x0800cc10       0xe4 ./libraries/rfal/Src/rfal_nfca.o
                0x0800cc10                rfalNfcaPollerSelect
 .text.rfalNfcaPollerSleep
                0x0800ccf4       0x32 ./libraries/rfal/Src/rfal_nfca.o
                0x0800ccf4                rfalNfcaPollerSleep
 .text.rfalNfcaListenerIsSleepReq
                0x0800cd26       0x36 ./libraries/rfal/Src/rfal_nfca.o
                0x0800cd26                rfalNfcaListenerIsSleepReq
 .text.rfalNfcbCheckSensbRes
                0x0800cd5c       0x42 ./libraries/rfal/Src/rfal_nfcb.o
 *fill*         0x0800cd9e        0x2 
 .text.rfalNfcbPollerInitialize
                0x0800cda0       0x58 ./libraries/rfal/Src/rfal_nfcb.o
                0x0800cda0                rfalNfcbPollerInitialize
 .text.rfalNfcbPollerCheckPresence
                0x0800cdf8       0xcc ./libraries/rfal/Src/rfal_nfcb.o
                0x0800cdf8                rfalNfcbPollerCheckPresence
 .text.rfalNfcbPollerSleep
                0x0800cec4       0x68 ./libraries/rfal/Src/rfal_nfcb.o
                0x0800cec4                rfalNfcbPollerSleep
 .text.rfalNfcbPollerSlotMarker
                0x0800cf2c       0x98 ./libraries/rfal/Src/rfal_nfcb.o
                0x0800cf2c                rfalNfcbPollerSlotMarker
 .text.rfalNfcbPollerTechnologyDetection
                0x0800cfc4       0x24 ./libraries/rfal/Src/rfal_nfcb.o
                0x0800cfc4                rfalNfcbPollerTechnologyDetection
 .text.rfalNfcbPollerCollisionResolution
                0x0800cfe8       0x36 ./libraries/rfal/Src/rfal_nfcb.o
                0x0800cfe8                rfalNfcbPollerCollisionResolution
 .text.rfalNfcbPollerSlottedCollisionResolution
                0x0800d01e      0x2ee ./libraries/rfal/Src/rfal_nfcb.o
                0x0800d01e                rfalNfcbPollerSlottedCollisionResolution
 .text.rfalNfcbTR2ToFDT
                0x0800d30c       0x38 ./libraries/rfal/Src/rfal_nfcb.o
                0x0800d30c                rfalNfcbTR2ToFDT
 .text.rfalNfcfComputeValidSENF
                0x0800d344      0x210 ./libraries/rfal/Src/rfal_nfcf.o
 .text.rfalNfcfPollerInitialize
                0x0800d554       0x60 ./libraries/rfal/Src/rfal_nfcf.o
                0x0800d554                rfalNfcfPollerInitialize
 .text.rfalNfcfPollerPoll
                0x0800d5b4       0x3c ./libraries/rfal/Src/rfal_nfcf.o
                0x0800d5b4                rfalNfcfPollerPoll
 .text.rfalNfcfPollerCheckPresence
                0x0800d5f0       0x40 ./libraries/rfal/Src/rfal_nfcf.o
                0x0800d5f0                rfalNfcfPollerCheckPresence
 .text.rfalNfcfPollerCollisionResolution
                0x0800d630       0xe0 ./libraries/rfal/Src/rfal_nfcf.o
                0x0800d630                rfalNfcfPollerCollisionResolution
 .text.rfalNfcfPollerCheck
                0x0800d710      0x278 ./libraries/rfal/Src/rfal_nfcf.o
                0x0800d710                rfalNfcfPollerCheck
 .text.rfalNfcvParseError
                0x0800d988       0x80 ./libraries/rfal/Src/rfal_nfcv.o
 .text.rfalNfcvPollerInitialize
                0x0800da08       0x48 ./libraries/rfal/Src/rfal_nfcv.o
                0x0800da08                rfalNfcvPollerInitialize
 .text.rfalNfcvPollerCheckPresence
                0x0800da50       0x42 ./libraries/rfal/Src/rfal_nfcv.o
                0x0800da50                rfalNfcvPollerCheckPresence
 .text.rfalNfcvPollerInventory
                0x0800da92       0xc6 ./libraries/rfal/Src/rfal_nfcv.o
                0x0800da92                rfalNfcvPollerInventory
 .text.rfalNfcvPollerCollisionResolution
                0x0800db58      0x338 ./libraries/rfal/Src/rfal_nfcv.o
                0x0800db58                rfalNfcvPollerCollisionResolution
 .text.rfalNfcvPollerReadSingleBlock
                0x0800de90       0x42 ./libraries/rfal/Src/rfal_nfcv.o
                0x0800de90                rfalNfcvPollerReadSingleBlock
 *fill*         0x0800ded2        0x2 
 .text.rfalNfcvPollerTransceiveReq
                0x0800ded4      0x1f4 ./libraries/rfal/Src/rfal_nfcv.o
                0x0800ded4                rfalNfcvPollerTransceiveReq
 .text.rfalInitialize
                0x0800e0c8       0xd0 ./libraries/rfal/Src/rfal_rfst25r3911.o
                0x0800e0c8                rfalInitialize
 .text.rfalCalibrate
                0x0800e198       0x78 ./libraries/rfal/Src/rfal_rfst25r3911.o
                0x0800e198                rfalCalibrate
 .text.rfalSetMode
                0x0800e210      0x224 ./libraries/rfal/Src/rfal_rfst25r3911.o
                0x0800e210                rfalSetMode
 .text.rfalSetBitRate
                0x0800e434      0x498 ./libraries/rfal/Src/rfal_rfst25r3911.o
                0x0800e434                rfalSetBitRate
 .text.rfalGetBitRate
                0x0800e8cc       0x4c ./libraries/rfal/Src/rfal_rfst25r3911.o
                0x0800e8cc                rfalGetBitRate
 .text.rfalSetErrorHandling
                0x0800e918       0x20 ./libraries/rfal/Src/rfal_rfst25r3911.o
                0x0800e918                rfalSetErrorHandling
 .text.rfalSetFDTPoll
                0x0800e938       0x2c ./libraries/rfal/Src/rfal_rfst25r3911.o
                0x0800e938                rfalSetFDTPoll
 .text.rfalSetFDTListen
                0x0800e964       0x28 ./libraries/rfal/Src/rfal_rfst25r3911.o
                0x0800e964                rfalSetFDTListen
 .text.rfalSetGT
                0x0800e98c       0x2c ./libraries/rfal/Src/rfal_rfst25r3911.o
                0x0800e98c                rfalSetGT
 .text.rfalIsGTExpired
                0x0800e9b8       0x30 ./libraries/rfal/Src/rfal_rfst25r3911.o
                0x0800e9b8                rfalIsGTExpired
 .text.rfalFieldOnAndStartGT
                0x0800e9e8       0xc4 ./libraries/rfal/Src/rfal_rfst25r3911.o
                0x0800e9e8                rfalFieldOnAndStartGT
 .text.rfalFieldOff
                0x0800eaac       0x2c ./libraries/rfal/Src/rfal_rfst25r3911.o
                0x0800eaac                rfalFieldOff
 .text.rfalStartTransceive
                0x0800ead8      0x260 ./libraries/rfal/Src/rfal_rfst25r3911.o
                0x0800ead8                rfalStartTransceive
 .text.rfalIsTransceiveInTx
                0x0800ed38       0x30 ./libraries/rfal/Src/rfal_rfst25r3911.o
                0x0800ed38                rfalIsTransceiveInTx
 .text.rfalIsTransceiveInRx
                0x0800ed68       0x20 ./libraries/rfal/Src/rfal_rfst25r3911.o
                0x0800ed68                rfalIsTransceiveInRx
 .text.rfalTransceiveBlockingTx
                0x0800ed88       0x5e ./libraries/rfal/Src/rfal_rfst25r3911.o
                0x0800ed88                rfalTransceiveBlockingTx
 .text.rfalTransceiveRunBlockingTx
                0x0800ede6       0x3a ./libraries/rfal/Src/rfal_rfst25r3911.o
 .text.rfalTransceiveBlockingRx
                0x0800ee20       0x2c ./libraries/rfal/Src/rfal_rfst25r3911.o
                0x0800ee20                rfalTransceiveBlockingRx
 .text.rfalTransceiveBlockingTxRx
                0x0800ee4c       0x62 ./libraries/rfal/Src/rfal_rfst25r3911.o
                0x0800ee4c                rfalTransceiveBlockingTxRx
 *fill*         0x0800eeae        0x2 
 .text.rfalRunTransceiveWorker
                0x0800eeb0       0x44 ./libraries/rfal/Src/rfal_rfst25r3911.o
 .text.rfalGetTransceiveStatus
                0x0800eef4       0x24 ./libraries/rfal/Src/rfal_rfst25r3911.o
                0x0800eef4                rfalGetTransceiveStatus
 .text.rfalWorker
                0x0800ef18       0x38 ./libraries/rfal/Src/rfal_rfst25r3911.o
                0x0800ef18                rfalWorker
 .text.rfalErrorHandling
                0x0800ef50      0x108 ./libraries/rfal/Src/rfal_rfst25r3911.o
 .text.rfalCleanupTransceive
                0x0800f058       0x2c ./libraries/rfal/Src/rfal_rfst25r3911.o
 .text.rfalPrepareTransceive
                0x0800f084      0x12c ./libraries/rfal/Src/rfal_rfst25r3911.o
 .text.rfalTransceiveTx
                0x0800f1b0      0x498 ./libraries/rfal/Src/rfal_rfst25r3911.o
 .text.rfalTransceiveRx
                0x0800f648      0x694 ./libraries/rfal/Src/rfal_rfst25r3911.o
 .text.rfalFIFOStatusUpdate
                0x0800fcdc       0x24 ./libraries/rfal/Src/rfal_rfst25r3911.o
 .text.rfalFIFOStatusClear
                0x0800fd00       0x1c ./libraries/rfal/Src/rfal_rfst25r3911.o
 .text.rfalFIFOStatusGetNumBytes
                0x0800fd1c       0x18 ./libraries/rfal/Src/rfal_rfst25r3911.o
 .text.rfalFIFOStatusIsIncompleteByte
                0x0800fd34       0x24 ./libraries/rfal/Src/rfal_rfst25r3911.o
 .text.rfalFIFOStatusIsMissingPar
                0x0800fd58       0x24 ./libraries/rfal/Src/rfal_rfst25r3911.o
 .text.rfalFIFOGetNumIncompleteBits
                0x0800fd7c       0x20 ./libraries/rfal/Src/rfal_rfst25r3911.o
 .text.rfalISO14443ATransceiveShortFrame
                0x0800fd9c      0x1f8 ./libraries/rfal/Src/rfal_rfst25r3911.o
                0x0800fd9c                rfalISO14443ATransceiveShortFrame
 .text.rfalISO14443ATransceiveAnticollisionFrame
                0x0800ff94      0x1ec ./libraries/rfal/Src/rfal_rfst25r3911.o
                0x0800ff94                rfalISO14443ATransceiveAnticollisionFrame
 .text.rfalISO15693TransceiveAnticollisionFrame
                0x08010180       0xc0 ./libraries/rfal/Src/rfal_rfst25r3911.o
                0x08010180                rfalISO15693TransceiveAnticollisionFrame
 .text.rfalISO15693TransceiveEOFAnticollision
                0x08010240       0x2c ./libraries/rfal/Src/rfal_rfst25r3911.o
                0x08010240                rfalISO15693TransceiveEOFAnticollision
 .text.rfalISO15693TransceiveEOF
                0x0801026c       0x54 ./libraries/rfal/Src/rfal_rfst25r3911.o
                0x0801026c                rfalISO15693TransceiveEOF
 .text.rfalFeliCaPoll
                0x080102c0      0x1cc ./libraries/rfal/Src/rfal_rfst25r3911.o
                0x080102c0                rfalFeliCaPoll
 .text.rfalIsExtFieldOn
                0x0801048c       0x14 ./libraries/rfal/Src/rfal_rfst25r3911.o
                0x0801048c                rfalIsExtFieldOn
 .text.rfalListenStart
                0x080104a0       0xb8 ./libraries/rfal/Src/rfal_rfst25r3911.o
                0x080104a0                rfalListenStart
 .text.rfalRunListenModeWorker
                0x08010558      0x214 ./libraries/rfal/Src/rfal_rfst25r3911.o
 .text.rfalListenStop
                0x0801076c       0x38 ./libraries/rfal/Src/rfal_rfst25r3911.o
                0x0801076c                rfalListenStop
 .text.rfalListenSleepStart
                0x080107a4       0x20 ./libraries/rfal/Src/rfal_rfst25r3911.o
                0x080107a4                rfalListenSleepStart
 .text.rfalListenGetState
                0x080107c4       0x40 ./libraries/rfal/Src/rfal_rfst25r3911.o
                0x080107c4                rfalListenGetState
 .text.rfalListenSetState
                0x08010804      0x1a0 ./libraries/rfal/Src/rfal_rfst25r3911.o
                0x08010804                rfalListenSetState
 .text.rfalWakeUpModeStart
                0x080109a4      0x39c ./libraries/rfal/Src/rfal_rfst25r3911.o
                0x080109a4                rfalWakeUpModeStart
 .text.rfalWakeUpModeHasWoke
                0x08010d40       0x24 ./libraries/rfal/Src/rfal_rfst25r3911.o
                0x08010d40                rfalWakeUpModeHasWoke
 .text.rfalRunWakeUpModeWorker
                0x08010d64       0x7c ./libraries/rfal/Src/rfal_rfst25r3911.o
 .text.rfalWakeUpModeStop
                0x08010de0       0x48 ./libraries/rfal/Src/rfal_rfst25r3911.o
                0x08010de0                rfalWakeUpModeStop
 .text.rfalChipChangeRegBits
                0x08010e28       0x2a ./libraries/rfal/Src/rfal_rfst25r3911.o
                0x08010e28                rfalChipChangeRegBits
 .text.rfalChipChangeTestRegBits
                0x08010e52       0x2a ./libraries/rfal/Src/rfal_rfst25r3911.o
                0x08010e52                rfalChipChangeTestRegBits
 .text.rfalSt25tbPollerDoCollisionResolution
                0x08010e7c      0x112 ./libraries/rfal/Src/rfal_st25tb.o
 .text.rfalSt25tbPollerInitialize
                0x08010f8e        0xe ./libraries/rfal/Src/rfal_st25tb.o
                0x08010f8e                rfalSt25tbPollerInitialize
 .text.rfalSt25tbPollerCheckPresence
                0x08010f9c       0x40 ./libraries/rfal/Src/rfal_st25tb.o
                0x08010f9c                rfalSt25tbPollerCheckPresence
 .text.rfalSt25tbPollerInitiate
                0x08010fdc       0x5a ./libraries/rfal/Src/rfal_st25tb.o
                0x08010fdc                rfalSt25tbPollerInitiate
 .text.rfalSt25tbPollerPcall
                0x08011036       0x4c ./libraries/rfal/Src/rfal_st25tb.o
                0x08011036                rfalSt25tbPollerPcall
 .text.rfalSt25tbPollerSlotMarker
                0x08011082       0x66 ./libraries/rfal/Src/rfal_st25tb.o
                0x08011082                rfalSt25tbPollerSlotMarker
 .text.rfalSt25tbPollerSelect
                0x080110e8       0x58 ./libraries/rfal/Src/rfal_st25tb.o
                0x080110e8                rfalSt25tbPollerSelect
 .text.rfalSt25tbPollerGetUID
                0x08011140       0x48 ./libraries/rfal/Src/rfal_st25tb.o
                0x08011140                rfalSt25tbPollerGetUID
 .text.rfalSt25tbPollerCollisionResolution
                0x08011188       0xe6 ./libraries/rfal/Src/rfal_st25tb.o
                0x08011188                rfalSt25tbPollerCollisionResolution
 .text.rfalT1TPollerInitialize
                0x0801126e       0x44 ./libraries/rfal/Src/rfal_t1t.o
                0x0801126e                rfalT1TPollerInitialize
 .text.rfalT1TPollerRid
                0x080112b2       0x70 ./libraries/rfal/Src/rfal_t1t.o
                0x080112b2                rfalT1TPollerRid
 *fill*         0x08011322        0x2 
 .text.free     0x08011324       0x10 /home/anh/ProgramFiles/stm32cube/stm32cubeide/plugins/com.st.stm32cube.ide.mcu.externaltools.gnu-tools-for-stm32.12.3.rel1.linux64_1.0.100.202403111256/tools/bin/../lib/gcc/arm-none-eabi/12.3.1/../../../../arm-none-eabi/lib/thumb/v7e-m+fp/hard/libc_nano.a(libc_a-malloc.o)
                0x08011324                free
 .text.sbrk_aligned
                0x08011334       0x44 /home/anh/ProgramFiles/stm32cube/stm32cubeide/plugins/com.st.stm32cube.ide.mcu.externaltools.gnu-tools-for-stm32.12.3.rel1.linux64_1.0.100.202403111256/tools/bin/../lib/gcc/arm-none-eabi/12.3.1/../../../../arm-none-eabi/lib/thumb/v7e-m+fp/hard/libc_nano.a(libc_a-mallocr.o)
 .text._malloc_r
                0x08011378      0x100 /home/anh/ProgramFiles/stm32cube/stm32cubeide/plugins/com.st.stm32cube.ide.mcu.externaltools.gnu-tools-for-stm32.12.3.rel1.linux64_1.0.100.202403111256/tools/bin/../lib/gcc/arm-none-eabi/12.3.1/../../../../arm-none-eabi/lib/thumb/v7e-m+fp/hard/libc_nano.a(libc_a-mallocr.o)
                0x08011378                _malloc_r
 .text.__malloc_lock
                0x08011478        0xc /home/anh/ProgramFiles/stm32cube/stm32cubeide/plugins/com.st.stm32cube.ide.mcu.externaltools.gnu-tools-for-stm32.12.3.rel1.linux64_1.0.100.202403111256/tools/bin/../lib/gcc/arm-none-eabi/12.3.1/../../../../arm-none-eabi/lib/thumb/v7e-m+fp/hard/libc_nano.a(libc_a-mlock.o)
                0x08011478                __malloc_lock
 .text.__malloc_unlock
                0x08011484        0xc /home/anh/ProgramFiles/stm32cube/stm32cubeide/plugins/com.st.stm32cube.ide.mcu.externaltools.gnu-tools-for-stm32.12.3.rel1.linux64_1.0.100.202403111256/tools/bin/../lib/gcc/arm-none-eabi/12.3.1/../../../../arm-none-eabi/lib/thumb/v7e-m+fp/hard/libc_nano.a(libc_a-mlock.o)
                0x08011484                __malloc_unlock
 .text.asprintf
                0x08011490       0x48 /home/anh/ProgramFiles/stm32cube/stm32cubeide/plugins/com.st.stm32cube.ide.mcu.externaltools.gnu-tools-for-stm32.12.3.rel1.linux64_1.0.100.202403111256/tools/bin/../lib/gcc/arm-none-eabi/12.3.1/../../../../arm-none-eabi/lib/thumb/v7e-m+fp/hard/libc_nano.a(libc_a-asprintf.o)
                0x08011490                asiprintf
                0x08011490                asprintf
 .text._vasprintf_r
                0x080114d8       0x30 /home/anh/ProgramFiles/stm32cube/stm32cubeide/plugins/com.st.stm32cube.ide.mcu.externaltools.gnu-tools-for-stm32.12.3.rel1.linux64_1.0.100.202403111256/tools/bin/../lib/gcc/arm-none-eabi/12.3.1/../../../../arm-none-eabi/lib/thumb/v7e-m+fp/hard/libc_nano.a(libc_a-vasprintf.o)
                0x080114d8                _vasiprintf_r
                0x080114d8                _vasprintf_r
 .text.vasprintf
                0x08011508       0x14 /home/anh/ProgramFiles/stm32cube/stm32cubeide/plugins/com.st.stm32cube.ide.mcu.externaltools.gnu-tools-for-stm32.12.3.rel1.linux64_1.0.100.202403111256/tools/bin/../lib/gcc/arm-none-eabi/12.3.1/../../../../arm-none-eabi/lib/thumb/v7e-m+fp/hard/libc_nano.a(libc_a-vasprintf.o)
                0x08011508                vasiprintf
                0x08011508                vasprintf
 .text.memcmp   0x0801151c       0x20 /home/anh/ProgramFiles/stm32cube/stm32cubeide/plugins/com.st.stm32cube.ide.mcu.externaltools.gnu-tools-for-stm32.12.3.rel1.linux64_1.0.100.202403111256/tools/bin/../lib/gcc/arm-none-eabi/12.3.1/../../../../arm-none-eabi/lib/thumb/v7e-m+fp/hard/libc_nano.a(libc_a-memcmp.o)
                0x0801151c                memcmp
 .text.memmove  0x0801153c       0x34 /home/anh/ProgramFiles/stm32cube/stm32cubeide/plugins/com.st.stm32cube.ide.mcu.externaltools.gnu-tools-for-stm32.12.3.rel1.linux64_1.0.100.202403111256/tools/bin/../lib/gcc/arm-none-eabi/12.3.1/../../../../arm-none-eabi/lib/thumb/v7e-m+fp/hard/libc_nano.a(libc_a-memmove.o)
                0x0801153c                memmove
 .text.memset   0x08011570       0x10 /home/anh/ProgramFiles/stm32cube/stm32cubeide/plugins/com.st.stm32cube.ide.mcu.externaltools.gnu-tools-for-stm32.12.3.rel1.linux64_1.0.100.202403111256/tools/bin/../lib/gcc/arm-none-eabi/12.3.1/../../../../arm-none-eabi/lib/thumb/v7e-m+fp/hard/libc_nano.a(libc_a-memset.o)
                0x08011570                memset
 .text._sbrk_r  0x08011580       0x20 /home/anh/ProgramFiles/stm32cube/stm32cubeide/plugins/com.st.stm32cube.ide.mcu.externaltools.gnu-tools-for-stm32.12.3.rel1.linux64_1.0.100.202403111256/tools/bin/../lib/gcc/arm-none-eabi/12.3.1/../../../../arm-none-eabi/lib/thumb/v7e-m+fp/hard/libc_nano.a(libc_a-sbrkr.o)
                0x08011580                _sbrk_r
 .text.__errno  0x080115a0        0xc /home/anh/ProgramFiles/stm32cube/stm32cubeide/plugins/com.st.stm32cube.ide.mcu.externaltools.gnu-tools-for-stm32.12.3.rel1.linux64_1.0.100.202403111256/tools/bin/../lib/gcc/arm-none-eabi/12.3.1/../../../../arm-none-eabi/lib/thumb/v7e-m+fp/hard/libc_nano.a(libc_a-errno.o)
                0x080115a0                __errno
 .text.__libc_init_array
                0x080115ac       0x48 /home/anh/ProgramFiles/stm32cube/stm32cubeide/plugins/com.st.stm32cube.ide.mcu.externaltools.gnu-tools-for-stm32.12.3.rel1.linux64_1.0.100.202403111256/tools/bin/../lib/gcc/arm-none-eabi/12.3.1/../../../../arm-none-eabi/lib/thumb/v7e-m+fp/hard/libc_nano.a(libc_a-init.o)
                0x080115ac                __libc_init_array
 .text.__retarget_lock_acquire_recursive
                0x080115f4        0x2 /home/anh/ProgramFiles/stm32cube/stm32cubeide/plugins/com.st.stm32cube.ide.mcu.externaltools.gnu-tools-for-stm32.12.3.rel1.linux64_1.0.100.202403111256/tools/bin/../lib/gcc/arm-none-eabi/12.3.1/../../../../arm-none-eabi/lib/thumb/v7e-m+fp/hard/libc_nano.a(libc_a-lock.o)
                0x080115f4                __retarget_lock_acquire_recursive
 .text.__retarget_lock_release_recursive
                0x080115f6        0x2 /home/anh/ProgramFiles/stm32cube/stm32cubeide/plugins/com.st.stm32cube.ide.mcu.externaltools.gnu-tools-for-stm32.12.3.rel1.linux64_1.0.100.202403111256/tools/bin/../lib/gcc/arm-none-eabi/12.3.1/../../../../arm-none-eabi/lib/thumb/v7e-m+fp/hard/libc_nano.a(libc_a-lock.o)
                0x080115f6                __retarget_lock_release_recursive
 .text.memcpy   0x080115f8       0x1c /home/anh/ProgramFiles/stm32cube/stm32cubeide/plugins/com.st.stm32cube.ide.mcu.externaltools.gnu-tools-for-stm32.12.3.rel1.linux64_1.0.100.202403111256/tools/bin/../lib/gcc/arm-none-eabi/12.3.1/../../../../arm-none-eabi/lib/thumb/v7e-m+fp/hard/libc_nano.a(libc_a-memcpy-stub.o)
                0x080115f8                memcpy
 .text._free_r  0x08011614       0x94 /home/anh/ProgramFiles/stm32cube/stm32cubeide/plugins/com.st.stm32cube.ide.mcu.externaltools.gnu-tools-for-stm32.12.3.rel1.linux64_1.0.100.202403111256/tools/bin/../lib/gcc/arm-none-eabi/12.3.1/../../../../arm-none-eabi/lib/thumb/v7e-m+fp/hard/libc_nano.a(libc_a-freer.o)
                0x08011614                _free_r
 .text.__ssputs_r
                0x080116a8       0xb6 /home/anh/ProgramFiles/stm32cube/stm32cubeide/plugins/com.st.stm32cube.ide.mcu.externaltools.gnu-tools-for-stm32.12.3.rel1.linux64_1.0.100.202403111256/tools/bin/../lib/gcc/arm-none-eabi/12.3.1/../../../../arm-none-eabi/lib/thumb/v7e-m+fp/hard/libc_nano.a(libc_a-nano-svfprintf.o)
                0x080116a8                __ssputs_r
 *fill*         0x0801175e        0x2 
 .text._svfprintf_r
                0x08011760      0x1f8 /home/anh/ProgramFiles/stm32cube/stm32cubeide/plugins/com.st.stm32cube.ide.mcu.externaltools.gnu-tools-for-stm32.12.3.rel1.linux64_1.0.100.202403111256/tools/bin/../lib/gcc/arm-none-eabi/12.3.1/../../../../arm-none-eabi/lib/thumb/v7e-m+fp/hard/libc_nano.a(libc_a-nano-svfprintf.o)
                0x08011760                _svfprintf_r
                0x08011760                _svfiprintf_r
 .text._printf_common
                0x08011958       0xda /home/anh/ProgramFiles/stm32cube/stm32cubeide/plugins/com.st.stm32cube.ide.mcu.externaltools.gnu-tools-for-stm32.12.3.rel1.linux64_1.0.100.202403111256/tools/bin/../lib/gcc/arm-none-eabi/12.3.1/../../../../arm-none-eabi/lib/thumb/v7e-m+fp/hard/libc_nano.a(libc_a-nano-vfprintf_i.o)
                0x08011958                _printf_common
 *fill*         0x08011a32        0x2 
 .text._printf_i
                0x08011a34      0x240 /home/anh/ProgramFiles/stm32cube/stm32cubeide/plugins/com.st.stm32cube.ide.mcu.externaltools.gnu-tools-for-stm32.12.3.rel1.linux64_1.0.100.202403111256/tools/bin/../lib/gcc/arm-none-eabi/12.3.1/../../../../arm-none-eabi/lib/thumb/v7e-m+fp/hard/libc_nano.a(libc_a-nano-vfprintf_i.o)
                0x08011a34                _printf_i
 .text._realloc_r
                0x08011c74       0x5c /home/anh/ProgramFiles/stm32cube/stm32cubeide/plugins/com.st.stm32cube.ide.mcu.externaltools.gnu-tools-for-stm32.12.3.rel1.linux64_1.0.100.202403111256/tools/bin/../lib/gcc/arm-none-eabi/12.3.1/../../../../arm-none-eabi/lib/thumb/v7e-m+fp/hard/libc_nano.a(libc_a-reallocr.o)
                0x08011c74                _realloc_r
 .text._malloc_usable_size_r
                0x08011cd0       0x10 /home/anh/ProgramFiles/stm32cube/stm32cubeide/plugins/com.st.stm32cube.ide.mcu.externaltools.gnu-tools-for-stm32.12.3.rel1.linux64_1.0.100.202403111256/tools/bin/../lib/gcc/arm-none-eabi/12.3.1/../../../../arm-none-eabi/lib/thumb/v7e-m+fp/hard/libc_nano.a(libc_a-msizer.o)
                0x08011cd0                _malloc_usable_size_r
 *(.glue_7)
 .glue_7        0x08011ce0        0x0 linker stubs
 *(.glue_7t)
 .glue_7t       0x08011ce0        0x0 linker stubs
 *(.eh_frame)
 .eh_frame      0x08011ce0        0x0 /home/anh/ProgramFiles/stm32cube/stm32cubeide/plugins/com.st.stm32cube.ide.mcu.externaltools.gnu-tools-for-stm32.12.3.rel1.linux64_1.0.100.202403111256/tools/bin/../lib/gcc/arm-none-eabi/12.3.1/thumb/v7e-m+fp/hard/crtbegin.o
 *(.init)
 .init          0x08011ce0        0x4 /home/anh/ProgramFiles/stm32cube/stm32cubeide/plugins/com.st.stm32cube.ide.mcu.externaltools.gnu-tools-for-stm32.12.3.rel1.linux64_1.0.100.202403111256/tools/bin/../lib/gcc/arm-none-eabi/12.3.1/thumb/v7e-m+fp/hard/crti.o
                0x08011ce0                _init
 .init          0x08011ce4        0x8 /home/anh/ProgramFiles/stm32cube/stm32cubeide/plugins/com.st.stm32cube.ide.mcu.externaltools.gnu-tools-for-stm32.12.3.rel1.linux64_1.0.100.202403111256/tools/bin/../lib/gcc/arm-none-eabi/12.3.1/thumb/v7e-m+fp/hard/crtn.o
 *(.fini)
 .fini          0x08011cec        0x4 /home/anh/ProgramFiles/stm32cube/stm32cubeide/plugins/com.st.stm32cube.ide.mcu.externaltools.gnu-tools-for-stm32.12.3.rel1.linux64_1.0.100.202403111256/tools/bin/../lib/gcc/arm-none-eabi/12.3.1/thumb/v7e-m+fp/hard/crti.o
                0x08011cec                _fini
 .fini          0x08011cf0        0x8 /home/anh/ProgramFiles/stm32cube/stm32cubeide/plugins/com.st.stm32cube.ide.mcu.externaltools.gnu-tools-for-stm32.12.3.rel1.linux64_1.0.100.202403111256/tools/bin/../lib/gcc/arm-none-eabi/12.3.1/thumb/v7e-m+fp/hard/crtn.o
                0x08011cf8                        . = ALIGN (0x4)
                0x08011cf8                        _etext = .

.vfp11_veneer   0x08011cf8        0x0
 .vfp11_veneer  0x08011cf8        0x0 linker stubs

.v4_bx          0x08011cf8        0x0
 .v4_bx         0x08011cf8        0x0 linker stubs

.iplt           0x08011cf8        0x0
 .iplt          0x08011cf8        0x0 /home/anh/ProgramFiles/stm32cube/stm32cubeide/plugins/com.st.stm32cube.ide.mcu.externaltools.gnu-tools-for-stm32.12.3.rel1.linux64_1.0.100.202403111256/tools/bin/../lib/gcc/arm-none-eabi/12.3.1/thumb/v7e-m+fp/hard/crtbegin.o

.rodata         0x08011cf8      0x758
                0x08011cf8                        . = ALIGN (0x4)
 *(.rodata)
 .rodata        0x08011cf8      0x358 ./Core/Src/demo.o
 .rodata        0x08012050       0x23 ./Core/Src/main.o
 *fill*         0x08012073        0x1 
 .rodata        0x08012074      0x1b2 ./libraries/Tracelog/TraceLog.o
 *fill*         0x08012226        0x2 
 .rodata        0x08012228        0x8 ./libraries/rfal/Src/rfal_nfcb.o
 *(.rodata*)
 .rodata.AHBPrescTable
                0x08012230       0x10 ./Core/Src/system_stm32l4xx.o
                0x08012230                AHBPrescTable
 .rodata.APBPrescTable
                0x08012240        0x8 ./Core/Src/system_stm32l4xx.o
                0x08012240                APBPrescTable
 .rodata.MSIRangeTable
                0x08012248       0x30 ./Core/Src/system_stm32l4xx.o
                0x08012248                MSIRangeTable
 .rodata.rfalAnalogConfigDefaultSettings
                0x08012278      0x1a2 ./libraries/rfal/Src/rfal_analogConfig.o
                0x08012278                rfalAnalogConfigDefaultSettings
 .rodata._svfprintf_r.str1.1
                0x0801241a       0x11 /home/anh/ProgramFiles/stm32cube/stm32cubeide/plugins/com.st.stm32cube.ide.mcu.externaltools.gnu-tools-for-stm32.12.3.rel1.linux64_1.0.100.202403111256/tools/bin/../lib/gcc/arm-none-eabi/12.3.1/../../../../arm-none-eabi/lib/thumb/v7e-m+fp/hard/libc_nano.a(libc_a-nano-svfprintf.o)
 .rodata._printf_i.str1.1
                0x0801242b       0x22 /home/anh/ProgramFiles/stm32cube/stm32cubeide/plugins/com.st.stm32cube.ide.mcu.externaltools.gnu-tools-for-stm32.12.3.rel1.linux64_1.0.100.202403111256/tools/bin/../lib/gcc/arm-none-eabi/12.3.1/../../../../arm-none-eabi/lib/thumb/v7e-m+fp/hard/libc_nano.a(libc_a-nano-vfprintf_i.o)
                0x08012450                        . = ALIGN (0x4)
 *fill*         0x0801244d        0x3 

.ARM.extab      0x08012450        0x0
                0x08012450                        . = ALIGN (0x4)
 *(.ARM.extab* .gnu.linkonce.armextab.*)
                0x08012450                        . = ALIGN (0x4)

.ARM            0x08012450        0x8
                0x08012450                        . = ALIGN (0x4)
                0x08012450                        __exidx_start = .
 *(.ARM.exidx*)
 .ARM.exidx     0x08012450        0x8 /home/anh/ProgramFiles/stm32cube/stm32cubeide/plugins/com.st.stm32cube.ide.mcu.externaltools.gnu-tools-for-stm32.12.3.rel1.linux64_1.0.100.202403111256/tools/bin/../lib/gcc/arm-none-eabi/12.3.1/../../../../arm-none-eabi/lib/thumb/v7e-m+fp/hard/libc_nano.a(libc_a-strlen.o)
 .ARM.exidx     0x08012458        0x0 /home/anh/ProgramFiles/stm32cube/stm32cubeide/plugins/com.st.stm32cube.ide.mcu.externaltools.gnu-tools-for-stm32.12.3.rel1.linux64_1.0.100.202403111256/tools/bin/../lib/gcc/arm-none-eabi/12.3.1/../../../../arm-none-eabi/lib/thumb/v7e-m+fp/hard/libc_nano.a(libc_a-memchr.o)
                                  0x8 (size before relaxing)
 .ARM.exidx     0x08012458        0x0 /home/anh/ProgramFiles/stm32cube/stm32cubeide/plugins/com.st.stm32cube.ide.mcu.externaltools.gnu-tools-for-stm32.12.3.rel1.linux64_1.0.100.202403111256/tools/bin/../lib/gcc/arm-none-eabi/12.3.1/thumb/v7e-m+fp/hard/libgcc.a(_udivmoddi4.o)
                                  0x8 (size before relaxing)
                0x08012458                        __exidx_end = .
                0x08012458                        . = ALIGN (0x4)

.preinit_array  0x08012458        0x0
                0x08012458                        . = ALIGN (0x4)
                0x08012458                        PROVIDE (__preinit_array_start = .)
 *(.preinit_array*)
                0x08012458                        PROVIDE (__preinit_array_end = .)
                0x08012458                        . = ALIGN (0x4)

.init_array     0x08012458        0x4
                0x08012458                        . = ALIGN (0x4)
                0x08012458                        PROVIDE (__init_array_start = .)
 *(SORT_BY_NAME(.init_array.*))
 *(.init_array*)
 .init_array    0x08012458        0x4 /home/anh/ProgramFiles/stm32cube/stm32cubeide/plugins/com.st.stm32cube.ide.mcu.externaltools.gnu-tools-for-stm32.12.3.rel1.linux64_1.0.100.202403111256/tools/bin/../lib/gcc/arm-none-eabi/12.3.1/thumb/v7e-m+fp/hard/crtbegin.o
                0x0801245c                        PROVIDE (__init_array_end = .)
                0x0801245c                        . = ALIGN (0x4)

.fini_array     0x0801245c        0x4
                0x0801245c                        . = ALIGN (0x4)
                [!provide]                        PROVIDE (__fini_array_start = .)
 *(SORT_BY_NAME(.fini_array.*))
 *(.fini_array*)
 .fini_array    0x0801245c        0x4 /home/anh/ProgramFiles/stm32cube/stm32cubeide/plugins/com.st.stm32cube.ide.mcu.externaltools.gnu-tools-for-stm32.12.3.rel1.linux64_1.0.100.202403111256/tools/bin/../lib/gcc/arm-none-eabi/12.3.1/thumb/v7e-m+fp/hard/crtbegin.o
                [!provide]                        PROVIDE (__fini_array_end = .)
                0x08012460                        . = ALIGN (0x4)
                0x08012460                        _sidata = LOADADDR (.data)

.rel.dyn        0x08012460        0x0
 .rel.iplt      0x08012460        0x0 /home/anh/ProgramFiles/stm32cube/stm32cubeide/plugins/com.st.stm32cube.ide.mcu.externaltools.gnu-tools-for-stm32.12.3.rel1.linux64_1.0.100.202403111256/tools/bin/../lib/gcc/arm-none-eabi/12.3.1/thumb/v7e-m+fp/hard/crtbegin.o

.data           0x20000000      0x18c load address 0x08012460
                0x20000000                        . = ALIGN (0x4)
                0x20000000                        _sdata = .
 *(.data)
 *(.data*)
 .data.NFCID3   0x20000000        0xa ./Core/Src/demo.o
 *fill*         0x2000000a        0x2 
 .data.GB       0x2000000c       0x14 ./Core/Src/demo.o
 .data.ndefSelectApp
                0x20000020        0xd ./Core/Src/demo.o
 *fill*         0x2000002d        0x3 
 .data.ccSelectFile
                0x20000030        0x7 ./Core/Src/demo.o
 *fill*         0x20000037        0x1 
 .data.readBynary
                0x20000038        0x5 ./Core/Src/demo.o
 *fill*         0x2000003d        0x3 
 .data.ndefInit
                0x20000040       0x1a ./Core/Src/demo.o
 *fill*         0x2000005a        0x2 
 .data.ndefUriSTcom
                0x2000005c       0x22 ./Core/Src/demo.o
 *fill*         0x2000007e        0x2 
 .data.TAG      0x20000080        0x4 ./Core/Src/demo.o
 .data.TAG      0x20000084        0x4 ./Core/Src/main.o
 .data.SystemCoreClock
                0x20000088        0x4 ./Core/Src/system_stm32l4xx.o
                0x20000088                SystemCoreClock
 .data.uwTickPrio
                0x2000008c        0x4 ./Drivers/STM32L4xx_HAL_Driver/Src/stm32l4xx_hal.o
                0x2000008c                uwTickPrio
 .data.uwTickFreq
                0x20000090        0x1 ./Drivers/STM32L4xx_HAL_Driver/Src/stm32l4xx_hal.o
                0x20000090                uwTickFreq
 .data.logi     0x20000091        0x1 ./libraries/Tracelog/TraceLog.o
 .data.logw     0x20000092        0x1 ./libraries/Tracelog/TraceLog.o
 .data.loge     0x20000093        0x1 ./libraries/Tracelog/TraceLog.o
 .data.logd     0x20000094        0x1 ./libraries/Tracelog/TraceLog.o
 .data.logv     0x20000095        0x1 ./libraries/Tracelog/TraceLog.o
 *fill*         0x20000096        0x2 
 .data.log_level_str
                0x20000098       0x1c ./libraries/Tracelog/TraceLog.o
 .data.COLOR_END
                0x200000b4        0x4 ./libraries/Tracelog/TraceLog.o
 .data.LOG_COLOR
                0x200000b8       0x80 ./libraries/Tracelog/TraceLog.o
 .data.stream_config.0
                0x20000138        0x4 ./libraries/rfal/Src/rfal_iso15693_2.o
 .data._impure_ptr
                0x2000013c        0x4 /home/anh/ProgramFiles/stm32cube/stm32cubeide/plugins/com.st.stm32cube.ide.mcu.externaltools.gnu-tools-for-stm32.12.3.rel1.linux64_1.0.100.202403111256/tools/bin/../lib/gcc/arm-none-eabi/12.3.1/../../../../arm-none-eabi/lib/thumb/v7e-m+fp/hard/libc_nano.a(libc_a-impure.o)
                0x2000013c                _impure_ptr
 .data._impure_data
                0x20000140       0x4c /home/anh/ProgramFiles/stm32cube/stm32cubeide/plugins/com.st.stm32cube.ide.mcu.externaltools.gnu-tools-for-stm32.12.3.rel1.linux64_1.0.100.202403111256/tools/bin/../lib/gcc/arm-none-eabi/12.3.1/../../../../arm-none-eabi/lib/thumb/v7e-m+fp/hard/libc_nano.a(libc_a-impure.o)
                0x20000140                _impure_data
 *(.RamFunc)
 *(.RamFunc*)
                0x2000018c                        . = ALIGN (0x4)
                0x2000018c                        _edata = .

.igot.plt       0x2000018c        0x0 load address 0x080125ec
 .igot.plt      0x2000018c        0x0 /home/anh/ProgramFiles/stm32cube/stm32cubeide/plugins/com.st.stm32cube.ide.mcu.externaltools.gnu-tools-for-stm32.12.3.rel1.linux64_1.0.100.202403111256/tools/bin/../lib/gcc/arm-none-eabi/12.3.1/thumb/v7e-m+fp/hard/crtbegin.o
                0x2000018c                        . = ALIGN (0x4)

.bss            0x2000018c     0x1128 load address 0x080125ec
                0x2000018c                        _sbss = .
                0x2000018c                        __bss_start__ = _sbss
 *(.bss)
 .bss           0x2000018c       0x1c /home/anh/ProgramFiles/stm32cube/stm32cubeide/plugins/com.st.stm32cube.ide.mcu.externaltools.gnu-tools-for-stm32.12.3.rel1.linux64_1.0.100.202403111256/tools/bin/../lib/gcc/arm-none-eabi/12.3.1/thumb/v7e-m+fp/hard/crtbegin.o
 *(.bss*)
 .bss.ndefLLCPSYMM
                0x200001a8        0x2 ./Core/Src/demo.o
 *fill*         0x200001aa        0x2 
 .bss.discParam
                0x200001ac       0x84 ./Core/Src/demo.o
 .bss.state     0x20000230        0x1 ./Core/Src/demo.o
 *fill*         0x20000231        0x3 
 .bss.hexStr    0x20000234      0x200 ./Core/Src/demo.o
                0x20000234                hexStr
 .bss.hexStrIdx
                0x20000434        0x1 ./Core/Src/demo.o
                0x20000434                hexStrIdx
 *fill*         0x20000435        0x3 
 .bss.nfcDevice.0
                0x20000438        0x4 ./Core/Src/demo.o
 .bss.globalCommProtectCnt
                0x2000043c        0x1 ./Core/Src/main.o
                0x2000043c                globalCommProtectCnt
 *fill*         0x2000043d        0x3 
 .bss.hspi2     0x20000440       0x64 ./Core/Src/spi.o
                0x20000440                hspi2
 .bss.txBuf     0x200004a4       0x61 ./Core/Src/spi_port.o
 *fill*         0x20000505        0x3 
 .bss.rxBuf     0x20000508       0x61 ./Core/Src/spi_port.o
 *fill*         0x20000569        0x3 
 .bss.pSpi      0x2000056c        0x4 ./Core/Src/spi_port.o
                0x2000056c                pSpi
 .bss.__sbrk_heap_end
                0x20000570        0x4 ./Core/Src/sysmem.o
 .bss.huart1    0x20000574       0x88 ./Core/Src/usart.o
                0x20000574                huart1
 .bss.uwTick    0x200005fc        0x4 ./Drivers/STM32L4xx_HAL_Driver/Src/stm32l4xx_hal.o
                0x200005fc                uwTick
 .bss.plog      0x20000600        0x4 ./libraries/Tracelog/TraceLog.o
 .bss.st25r3911NoResponseTime_64fcs
                0x20000604        0x4 ./libraries/rfal/ST25R3911/st25r3911.o
 .bss.st25r3911interrupt
                0x20000608       0x10 ./libraries/rfal/ST25R3911/st25r3911_interrupt.o
 .bss.gRfalAnalogConfigMgmt
                0x20000618        0x8 ./libraries/rfal/Src/rfal_analogConfig.o
 .bss.iso15693PhyConfig
                0x20000620        0x8 ./libraries/rfal/Src/rfal_iso15693_2.o
 .bss.gIsoDep   0x20000628       0x88 ./libraries/rfal/Src/rfal_isoDep.o
 .bss.gNfcDev   0x200006b0      0x500 ./libraries/rfal/Src/rfal_nfc.o
 .bss.gNfcip    0x20000bb0       0x88 ./libraries/rfal/Src/rfal_nfcDep.o
 .bss.gRfalNfcb
                0x20000c38        0x2 ./libraries/rfal/Src/rfal_nfcb.o
 *fill*         0x20000c3a        0x2 
 .bss.gRfalNfcfGreedyF
                0x20000c3c      0x142 ./libraries/rfal/Src/rfal_nfcf.o
 *fill*         0x20000d7e        0x2 
 .bss.gRFAL     0x20000d80      0x3ec ./libraries/rfal/Src/rfal_rfst25r3911.o
 .bss.__malloc_sbrk_start
                0x2000116c        0x4 /home/anh/ProgramFiles/stm32cube/stm32cubeide/plugins/com.st.stm32cube.ide.mcu.externaltools.gnu-tools-for-stm32.12.3.rel1.linux64_1.0.100.202403111256/tools/bin/../lib/gcc/arm-none-eabi/12.3.1/../../../../arm-none-eabi/lib/thumb/v7e-m+fp/hard/libc_nano.a(libc_a-mallocr.o)
                0x2000116c                __malloc_sbrk_start
 .bss.__malloc_free_list
                0x20001170        0x4 /home/anh/ProgramFiles/stm32cube/stm32cubeide/plugins/com.st.stm32cube.ide.mcu.externaltools.gnu-tools-for-stm32.12.3.rel1.linux64_1.0.100.202403111256/tools/bin/../lib/gcc/arm-none-eabi/12.3.1/../../../../arm-none-eabi/lib/thumb/v7e-m+fp/hard/libc_nano.a(libc_a-mallocr.o)
                0x20001170                __malloc_free_list
 .bss.__sf      0x20001174      0x138 /home/anh/ProgramFiles/stm32cube/stm32cubeide/plugins/com.st.stm32cube.ide.mcu.externaltools.gnu-tools-for-stm32.12.3.rel1.linux64_1.0.100.202403111256/tools/bin/../lib/gcc/arm-none-eabi/12.3.1/../../../../arm-none-eabi/lib/thumb/v7e-m+fp/hard/libc_nano.a(libc_a-findfp.o)
                0x20001174                __sf
 .bss.errno     0x200012ac        0x4 /home/anh/ProgramFiles/stm32cube/stm32cubeide/plugins/com.st.stm32cube.ide.mcu.externaltools.gnu-tools-for-stm32.12.3.rel1.linux64_1.0.100.202403111256/tools/bin/../lib/gcc/arm-none-eabi/12.3.1/../../../../arm-none-eabi/lib/thumb/v7e-m+fp/hard/libc_nano.a(libc_a-reent.o)
                0x200012ac                errno
 .bss.__lock___malloc_recursive_mutex
                0x200012b0        0x1 /home/anh/ProgramFiles/stm32cube/stm32cubeide/plugins/com.st.stm32cube.ide.mcu.externaltools.gnu-tools-for-stm32.12.3.rel1.linux64_1.0.100.202403111256/tools/bin/../lib/gcc/arm-none-eabi/12.3.1/../../../../arm-none-eabi/lib/thumb/v7e-m+fp/hard/libc_nano.a(libc_a-lock.o)
                0x200012b0                __lock___malloc_recursive_mutex
 *(COMMON)
                0x200012b4                        . = ALIGN (0x4)
 *fill*         0x200012b1        0x3 
                0x200012b4                        _ebss = .
                0x200012b4                        __bss_end__ = _ebss

._user_heap_stack
                0x200012b4      0x604 load address 0x080125ec
                0x200012b8                        . = ALIGN (0x8)
 *fill*         0x200012b4        0x4 
                [!provide]                        PROVIDE (end = .)
                0x200012b8                        PROVIDE (_end = .)
                0x200014b8                        . = (. + _Min_Heap_Size)
 *fill*         0x200012b8      0x200 
                0x200018b8                        . = (. + _Min_Stack_Size)
 *fill*         0x200014b8      0x400 
                0x200018b8                        . = ALIGN (0x8)

/DISCARD/
 libc.a(*)
 libm.a(*)
 libgcc.a(*)

.ARM.attributes
                0x00000000       0x30
 *(.ARM.attributes)
 .ARM.attributes
                0x00000000       0x22 /home/anh/ProgramFiles/stm32cube/stm32cubeide/plugins/com.st.stm32cube.ide.mcu.externaltools.gnu-tools-for-stm32.12.3.rel1.linux64_1.0.100.202403111256/tools/bin/../lib/gcc/arm-none-eabi/12.3.1/thumb/v7e-m+fp/hard/crti.o
 .ARM.attributes
                0x00000022       0x34 /home/anh/ProgramFiles/stm32cube/stm32cubeide/plugins/com.st.stm32cube.ide.mcu.externaltools.gnu-tools-for-stm32.12.3.rel1.linux64_1.0.100.202403111256/tools/bin/../lib/gcc/arm-none-eabi/12.3.1/thumb/v7e-m+fp/hard/crtbegin.o
 .ARM.attributes
                0x00000056       0x34 ./Core/Src/demo.o
 .ARM.attributes
                0x0000008a       0x34 ./Core/Src/gpio.o
 .ARM.attributes
                0x000000be       0x34 ./Core/Src/main.o
 .ARM.attributes
                0x000000f2       0x34 ./Core/Src/spi.o
 .ARM.attributes
                0x00000126       0x34 ./Core/Src/spi_port.o
 .ARM.attributes
                0x0000015a       0x34 ./Core/Src/stm32l4xx_hal_msp.o
 .ARM.attributes
                0x0000018e       0x34 ./Core/Src/stm32l4xx_it.o
 .ARM.attributes
                0x000001c2       0x34 ./Core/Src/sysmem.o
 .ARM.attributes
                0x000001f6       0x34 ./Core/Src/system_stm32l4xx.o
 .ARM.attributes
                0x0000022a       0x34 ./Core/Src/usart.o
 .ARM.attributes
                0x0000025e       0x21 ./Core/Startup/startup_stm32l431cctx.o
 .ARM.attributes
                0x0000027f       0x34 ./Drivers/STM32L4xx_HAL_Driver/Src/stm32l4xx_hal.o
 .ARM.attributes
                0x000002b3       0x34 ./Drivers/STM32L4xx_HAL_Driver/Src/stm32l4xx_hal_cortex.o
 .ARM.attributes
                0x000002e7       0x34 ./Drivers/STM32L4xx_HAL_Driver/Src/stm32l4xx_hal_gpio.o
 .ARM.attributes
                0x0000031b       0x34 ./Drivers/STM32L4xx_HAL_Driver/Src/stm32l4xx_hal_pwr.o
 .ARM.attributes
                0x0000034f       0x34 ./Drivers/STM32L4xx_HAL_Driver/Src/stm32l4xx_hal_pwr_ex.o
 .ARM.attributes
                0x00000383       0x34 ./Drivers/STM32L4xx_HAL_Driver/Src/stm32l4xx_hal_rcc.o
 .ARM.attributes
                0x000003b7       0x34 ./Drivers/STM32L4xx_HAL_Driver/Src/stm32l4xx_hal_rcc_ex.o
 .ARM.attributes
                0x000003eb       0x34 ./Drivers/STM32L4xx_HAL_Driver/Src/stm32l4xx_hal_spi.o
 .ARM.attributes
                0x0000041f       0x34 ./Drivers/STM32L4xx_HAL_Driver/Src/stm32l4xx_hal_uart.o
 .ARM.attributes
                0x00000453       0x34 ./libraries/Tracelog/TraceLog.o
 .ARM.attributes
                0x00000487       0x34 ./libraries/rfal/ST25R3911/st25r3911.o
 .ARM.attributes
                0x000004bb       0x34 ./libraries/rfal/ST25R3911/st25r3911_com.o
 .ARM.attributes
                0x000004ef       0x34 ./libraries/rfal/ST25R3911/st25r3911_interrupt.o
 .ARM.attributes
                0x00000523       0x34 ./libraries/rfal/ST25R3911/timer.o
 .ARM.attributes
                0x00000557       0x34 ./libraries/rfal/Src/rfal_analogConfig.o
 .ARM.attributes
                0x0000058b       0x34 ./libraries/rfal/Src/rfal_crc.o
 .ARM.attributes
                0x000005bf       0x34 ./libraries/rfal/Src/rfal_iso15693_2.o
 .ARM.attributes
                0x000005f3       0x34 ./libraries/rfal/Src/rfal_isoDep.o
 .ARM.attributes
                0x00000627       0x34 ./libraries/rfal/Src/rfal_nfc.o
 .ARM.attributes
                0x0000065b       0x34 ./libraries/rfal/Src/rfal_nfcDep.o
 .ARM.attributes
                0x0000068f       0x34 ./libraries/rfal/Src/rfal_nfca.o
 .ARM.attributes
                0x000006c3       0x34 ./libraries/rfal/Src/rfal_nfcb.o
 .ARM.attributes
                0x000006f7       0x34 ./libraries/rfal/Src/rfal_nfcf.o
 .ARM.attributes
                0x0000072b       0x34 ./libraries/rfal/Src/rfal_nfcv.o
 .ARM.attributes
                0x0000075f       0x34 ./libraries/rfal/Src/rfal_rfst25r3911.o
 .ARM.attributes
                0x00000793       0x34 ./libraries/rfal/Src/rfal_st25tb.o
 .ARM.attributes
                0x000007c7       0x34 ./libraries/rfal/Src/rfal_t1t.o
 .ARM.attributes
                0x000007fb       0x34 /home/anh/ProgramFiles/stm32cube/stm32cubeide/plugins/com.st.stm32cube.ide.mcu.externaltools.gnu-tools-for-stm32.12.3.rel1.linux64_1.0.100.202403111256/tools/bin/../lib/gcc/arm-none-eabi/12.3.1/../../../../arm-none-eabi/lib/thumb/v7e-m+fp/hard/libc_nano.a(libc_a-malloc.o)
 .ARM.attributes
                0x0000082f       0x34 /home/anh/ProgramFiles/stm32cube/stm32cubeide/plugins/com.st.stm32cube.ide.mcu.externaltools.gnu-tools-for-stm32.12.3.rel1.linux64_1.0.100.202403111256/tools/bin/../lib/gcc/arm-none-eabi/12.3.1/../../../../arm-none-eabi/lib/thumb/v7e-m+fp/hard/libc_nano.a(libc_a-mallocr.o)
 .ARM.attributes
                0x00000863       0x34 /home/anh/ProgramFiles/stm32cube/stm32cubeide/plugins/com.st.stm32cube.ide.mcu.externaltools.gnu-tools-for-stm32.12.3.rel1.linux64_1.0.100.202403111256/tools/bin/../lib/gcc/arm-none-eabi/12.3.1/../../../../arm-none-eabi/lib/thumb/v7e-m+fp/hard/libc_nano.a(libc_a-mlock.o)
 .ARM.attributes
                0x00000897       0x34 /home/anh/ProgramFiles/stm32cube/stm32cubeide/plugins/com.st.stm32cube.ide.mcu.externaltools.gnu-tools-for-stm32.12.3.rel1.linux64_1.0.100.202403111256/tools/bin/../lib/gcc/arm-none-eabi/12.3.1/../../../../arm-none-eabi/lib/thumb/v7e-m+fp/hard/libc_nano.a(libc_a-findfp.o)
 .ARM.attributes
                0x000008cb       0x34 /home/anh/ProgramFiles/stm32cube/stm32cubeide/plugins/com.st.stm32cube.ide.mcu.externaltools.gnu-tools-for-stm32.12.3.rel1.linux64_1.0.100.202403111256/tools/bin/../lib/gcc/arm-none-eabi/12.3.1/../../../../arm-none-eabi/lib/thumb/v7e-m+fp/hard/libc_nano.a(libc_a-asprintf.o)
 .ARM.attributes
                0x000008ff       0x34 /home/anh/ProgramFiles/stm32cube/stm32cubeide/plugins/com.st.stm32cube.ide.mcu.externaltools.gnu-tools-for-stm32.12.3.rel1.linux64_1.0.100.202403111256/tools/bin/../lib/gcc/arm-none-eabi/12.3.1/../../../../arm-none-eabi/lib/thumb/v7e-m+fp/hard/libc_nano.a(libc_a-vasprintf.o)
 .ARM.attributes
                0x00000933       0x34 /home/anh/ProgramFiles/stm32cube/stm32cubeide/plugins/com.st.stm32cube.ide.mcu.externaltools.gnu-tools-for-stm32.12.3.rel1.linux64_1.0.100.202403111256/tools/bin/../lib/gcc/arm-none-eabi/12.3.1/../../../../arm-none-eabi/lib/thumb/v7e-m+fp/hard/libc_nano.a(libc_a-memcmp.o)
 .ARM.attributes
                0x00000967       0x34 /home/anh/ProgramFiles/stm32cube/stm32cubeide/plugins/com.st.stm32cube.ide.mcu.externaltools.gnu-tools-for-stm32.12.3.rel1.linux64_1.0.100.202403111256/tools/bin/../lib/gcc/arm-none-eabi/12.3.1/../../../../arm-none-eabi/lib/thumb/v7e-m+fp/hard/libc_nano.a(libc_a-memmove.o)
 .ARM.attributes
                0x0000099b       0x34 /home/anh/ProgramFiles/stm32cube/stm32cubeide/plugins/com.st.stm32cube.ide.mcu.externaltools.gnu-tools-for-stm32.12.3.rel1.linux64_1.0.100.202403111256/tools/bin/../lib/gcc/arm-none-eabi/12.3.1/../../../../arm-none-eabi/lib/thumb/v7e-m+fp/hard/libc_nano.a(libc_a-memset.o)
 .ARM.attributes