../Util/timer/rtc-board.c:135:6:RtcInit	32	static
../Util/timer/rtc-board.c:187:10:RtcSetTimerContext	8	static
../Util/timer/rtc-board.c:199:10:RtcGetTimerContext	4	static
../Util/timer/rtc-board.c:208:10:RtcGetMinimumTimeout	4	static
../Util/timer/rtc-board.c:218:10:RtcMs2Tick	16	static
../Util/timer/rtc-board.c:228:10:RtcTick2Ms	24	static
../Util/timer/rtc-board.c:240:6:RtcDelayMs	64	static,ignoring_inline_asm
../Util/timer/rtc-board.c:259:6:RtcSetAlarm	16	static
../Util/timer/rtc-board.c:272:6:RtcStopAlarm	8	static
../Util/timer/rtc-board.c:283:6:RtcStartAlarm	64	static
../Util/timer/rtc-board.c:374:10:RtcGetTimerValue	40	static
../Util/timer/rtc-board.c:383:10:RtcGetTimerElapsedTime	40	static
../Util/timer/rtc-board.c:392:17:RtcGetCalendarValue	72	static
../Util/timer/rtc-board.c:433:10:RtcGetCalendarTime	56	static
../Util/timer/rtc-board.c:454:6:HAL_RTC_AlarmAEventCallback	16	static
../Util/timer/rtc-board.c:458:6:RtcBkupWrite	16	static
../Util/timer/rtc-board.c:463:6:RtcBkupRead	16	static
../Util/timer/rtc-board.c:468:6:RtcProcess	4	static
../Util/timer/rtc-board.c:472:13:RtcTempCompensation	40	static
