../Util/timer/stm32_timer.c:116:21:UTIL_TIMER_Init	8	static
../Util/timer/stm32_timer.c:122:21:UTIL_TIMER_DeInit	8	static
../Util/timer/stm32_timer.c:126:21:UTIL_TIMER_Create	24	static
../Util/timer/stm32_timer.c:146:21:UTIL_TIMER_Start	72	static,ignoring_inline_asm
../Util/timer/stm32_timer.c:189:21:UTIL_TIMER_StartWithPeriod	32	static
../Util/timer/stm32_timer.c:206:21:UTIL_TIMER_Stop	40	static,ignoring_inline_asm
../Util/timer/stm32_timer.c:261:21:UTIL_TIMER_SetPeriod	32	static
../Util/timer/stm32_timer.c:278:21:UTIL_TIMER_SetReloadMode	24	static
../Util/timer/stm32_timer.c:291:21:UTIL_TIMER_GetRemainingTime	40	static
../Util/timer/stm32_timer.c:309:10:UTIL_TIMER_IsRunning	16	static
../Util/timer/stm32_timer.c:318:10:UTIL_TIMER_GetFirstRemainingTime	16	static
../Util/timer/stm32_timer.c:327:6:UTIL_TIMER_IRQ_Handler	64	static,ignoring_inline_asm
../Util/timer/stm32_timer.c:377:19:UTIL_TIMER_GetCurrentTime	16	static
../Util/timer/stm32_timer.c:382:19:UTIL_TIMER_GetElapsedTime	48	static
../Util/timer/stm32_timer.c:406:6:TimerExists	24	static
../Util/timer/stm32_timer.c:423:6:TimerSetTimeout	48	static
../Util/timer/stm32_timer.c:444:6:TimerInsertTimer	24	static
../Util/timer/stm32_timer.c:472:6:TimerInsertNewHeadTimer	24	static
