../Core/Src/main.c:149:5:main	64	static
../Core/Src/main.c:277:6:SystemClock_Config	104	static
../Core/Src/main.c:314:6:HAL_GPIO_EXTI_Rising_Callback	16	static
../Core/Src/main.c:321:6:HAL_GPIO_EXTI_Falling_Callback	24	static,ignoring_inline_asm
../Core/Src/main.c:330:10:adc_get_value	32	static
../Core/Src/main.c:360:13:tracelog	16	static
../Core/Src/main.c:364:6:send_packet	80	static
../Core/Src/main.c:380:6:run_motor	8	static
../Core/Src/main.c:430:6:OnTxDone	8	static
../Core/Src/main.c:436:6:OnRxDone	40	static
../Core/Src/main.c:459:6:Error_Handler	8	static,ignoring_inline_asm
../Core/Src/main.c:478:6:assert_failed	16	static
