Archive member included to satisfy reference by file (symbol)

/opt/st/stm32cubeide_1.15.1/plugins/com.st.stm32cube.ide.mcu.externaltools.gnu-tools-for-stm32.12.3.rel1.linux64_1.0.100.202403111256/tools/bin/../lib/gcc/arm-none-eabi/12.3.1/../../../../arm-none-eabi/lib/thumb/v6-m/nofp/libc_nano.a(libc_a-exit.o)
                              /opt/st/stm32cubeide_1.15.1/plugins/com.st.stm32cube.ide.mcu.externaltools.gnu-tools-for-stm32.12.3.rel1.linux64_1.0.100.202403111256/tools/bin/../lib/gcc/arm-none-eabi/12.3.1/../../../../arm-none-eabi/lib/thumb/v6-m/nofp/crt0.o (exit)
/opt/st/stm32cubeide_1.15.1/plugins/com.st.stm32cube.ide.mcu.externaltools.gnu-tools-for-stm32.12.3.rel1.linux64_1.0.100.202403111256/tools/bin/../lib/gcc/arm-none-eabi/12.3.1/../../../../arm-none-eabi/lib/thumb/v6-m/nofp/libc_nano.a(libc_a-malloc.o)
                              ./libraries/TraceLog/TraceLog.o (free)
/opt/st/stm32cubeide_1.15.1/plugins/com.st.stm32cube.ide.mcu.externaltools.gnu-tools-for-stm32.12.3.rel1.linux64_1.0.100.202403111256/tools/bin/../lib/gcc/arm-none-eabi/12.3.1/../../../../arm-none-eabi/lib/thumb/v6-m/nofp/libc_nano.a(libc_a-mallocr.o)
                              /opt/st/stm32cubeide_1.15.1/plugins/com.st.stm32cube.ide.mcu.externaltools.gnu-tools-for-stm32.12.3.rel1.linux64_1.0.100.202403111256/tools/bin/../lib/gcc/arm-none-eabi/12.3.1/../../../../arm-none-eabi/lib/thumb/v6-m/nofp/libc_nano.a(libc_a-malloc.o) (_malloc_r)
/opt/st/stm32cubeide_1.15.1/plugins/com.st.stm32cube.ide.mcu.externaltools.gnu-tools-for-stm32.12.3.rel1.linux64_1.0.100.202403111256/tools/bin/../lib/gcc/arm-none-eabi/12.3.1/../../../../arm-none-eabi/lib/thumb/v6-m/nofp/libc_nano.a(libc_a-mlock.o)
                              /opt/st/stm32cubeide_1.15.1/plugins/com.st.stm32cube.ide.mcu.externaltools.gnu-tools-for-stm32.12.3.rel1.linux64_1.0.100.202403111256/tools/bin/../lib/gcc/arm-none-eabi/12.3.1/../../../../arm-none-eabi/lib/thumb/v6-m/nofp/libc_nano.a(libc_a-mallocr.o) (__malloc_lock)
/opt/st/stm32cubeide_1.15.1/plugins/com.st.stm32cube.ide.mcu.externaltools.gnu-tools-for-stm32.12.3.rel1.linux64_1.0.100.202403111256/tools/bin/../lib/gcc/arm-none-eabi/12.3.1/../../../../arm-none-eabi/lib/thumb/v6-m/nofp/libc_nano.a(libc_a-findfp.o)
                              /opt/st/stm32cubeide_1.15.1/plugins/com.st.stm32cube.ide.mcu.externaltools.gnu-tools-for-stm32.12.3.rel1.linux64_1.0.100.202403111256/tools/bin/../lib/gcc/arm-none-eabi/12.3.1/../../../../arm-none-eabi/lib/thumb/v6-m/nofp/libc_nano.a(libc_a-exit.o) (__stdio_exit_handler)
/opt/st/stm32cubeide_1.15.1/plugins/com.st.stm32cube.ide.mcu.externaltools.gnu-tools-for-stm32.12.3.rel1.linux64_1.0.100.202403111256/tools/bin/../lib/gcc/arm-none-eabi/12.3.1/../../../../arm-none-eabi/lib/thumb/v6-m/nofp/libc_nano.a(libc_a-fwalk.o)
                              /opt/st/stm32cubeide_1.15.1/plugins/com.st.stm32cube.ide.mcu.externaltools.gnu-tools-for-stm32.12.3.rel1.linux64_1.0.100.202403111256/tools/bin/../lib/gcc/arm-none-eabi/12.3.1/../../../../arm-none-eabi/lib/thumb/v6-m/nofp/libc_nano.a(libc_a-findfp.o) (_fwalk_sglue)
/opt/st/stm32cubeide_1.15.1/plugins/com.st.stm32cube.ide.mcu.externaltools.gnu-tools-for-stm32.12.3.rel1.linux64_1.0.100.202403111256/tools/bin/../lib/gcc/arm-none-eabi/12.3.1/../../../../arm-none-eabi/lib/thumb/v6-m/nofp/libc_nano.a(libc_a-stdio.o)
                              /opt/st/stm32cubeide_1.15.1/plugins/com.st.stm32cube.ide.mcu.externaltools.gnu-tools-for-stm32.12.3.rel1.linux64_1.0.100.202403111256/tools/bin/../lib/gcc/arm-none-eabi/12.3.1/../../../../arm-none-eabi/lib/thumb/v6-m/nofp/libc_nano.a(libc_a-findfp.o) (__sread)
/opt/st/stm32cubeide_1.15.1/plugins/com.st.stm32cube.ide.mcu.externaltools.gnu-tools-for-stm32.12.3.rel1.linux64_1.0.100.202403111256/tools/bin/../lib/gcc/arm-none-eabi/12.3.1/../../../../arm-none-eabi/lib/thumb/v6-m/nofp/libc_nano.a(libc_a-asprintf.o)
                              ./libraries/TraceLog/TraceLog.o (asprintf)
/opt/st/stm32cubeide_1.15.1/plugins/com.st.stm32cube.ide.mcu.externaltools.gnu-tools-for-stm32.12.3.rel1.linux64_1.0.100.202403111256/tools/bin/../lib/gcc/arm-none-eabi/12.3.1/../../../../arm-none-eabi/lib/thumb/v6-m/nofp/libc_nano.a(libc_a-vasprintf.o)
                              ./libraries/TraceLog/TraceLog.o (vasprintf)
/opt/st/stm32cubeide_1.15.1/plugins/com.st.stm32cube.ide.mcu.externaltools.gnu-tools-for-stm32.12.3.rel1.linux64_1.0.100.202403111256/tools/bin/../lib/gcc/arm-none-eabi/12.3.1/../../../../arm-none-eabi/lib/thumb/v6-m/nofp/libc_nano.a(libc_a-memset.o)
                              /opt/st/stm32cubeide_1.15.1/plugins/com.st.stm32cube.ide.mcu.externaltools.gnu-tools-for-stm32.12.3.rel1.linux64_1.0.100.202403111256/tools/bin/../lib/gcc/arm-none-eabi/12.3.1/../../../../arm-none-eabi/lib/thumb/v6-m/nofp/crt0.o (memset)
[...]
Memory Configuration

Name             Origin             Length             Attributes
RAM              0x20000000         0x00002000         xrw
FLASH            0x08000000         0x00010000         xr
*default*        0x00000000         0xffffffff

Linker script and memory map

LOAD /opt/st/stm32cubeide_1.15.1/plugins/com.st.stm32cube.ide.mcu.externaltools.gnu-tools-for-stm32.12.3.rel1.linux64_1.0.100.202403111256/tools/bin/../lib/gcc/arm-none-eabi/12.3.1/thumb/v6-m/nofp/crti.o
LOAD /opt/st/stm32cubeide_1.15.1/plugins/com.st.stm32cube.ide.mcu.externaltools.gnu-tools-for-stm32.12.3.rel1.linux64_1.0.100.202403111256/tools/bin/../lib/gcc/arm-none-eabi/12.3.1/thumb/v6-m/nofp/crtbegin.o
LOAD /opt/st/stm32cubeide_1.15.1/plugins/com.st.stm32cube.ide.mcu.externaltools.gnu-tools-for-stm32.12.3.rel1.linux64_1.0.100.202403111256/tools/bin/../lib/gcc/arm-none-eabi/12.3.1/../../../../arm-none-eabi/lib/thumb/v6-m/nofp/crt0.o
LOAD ./Core/Src/gpio.o
LOAD ./Core/Src/main.o
LOAD ./Core/Src/spi.o
LOAD ./Core/Src/stm32u0xx_hal_msp.o
LOAD ./Core/Src/stm32u0xx_it.o
LOAD ./Core/Src/syscalls.o
LOAD ./Core/Src/sysmem.o
LOAD ./Core/Src/system_stm32u0xx.o
LOAD ./Core/Src/usart.o
LOAD ./Core/Startup/startup_stm32u031c8tx.o
LOAD ./Drivers/STM32U0xx_HAL_Driver/Src/stm32u0xx_hal.o
LOAD ./Drivers/STM32U0xx_HAL_Driver/Src/stm32u0xx_hal_cortex.o
LOAD ./Drivers/STM32U0xx_HAL_Driver/Src/stm32u0xx_hal_dma.o
LOAD ./Drivers/STM32U0xx_HAL_Driver/Src/stm32u0xx_hal_dma_ex.o
LOAD ./Drivers/STM32U0xx_HAL_Driver/Src/stm32u0xx_hal_exti.o
LOAD ./Drivers/STM32U0xx_HAL_Driver/Src/stm32u0xx_hal_flash.o
LOAD ./Drivers/STM32U0xx_HAL_Driver/Src/stm32u0xx_hal_flash_ex.o
LOAD ./Drivers/STM32U0xx_HAL_Driver/Src/stm32u0xx_hal_gpio.o
LOAD ./Drivers/STM32U0xx_HAL_Driver/Src/stm32u0xx_hal_pwr.o
LOAD ./Drivers/STM32U0xx_HAL_Driver/Src/stm32u0xx_hal_pwr_ex.o
LOAD ./Drivers/STM32U0xx_HAL_Driver/Src/stm32u0xx_hal_rcc.o
LOAD ./Drivers/STM32U0xx_HAL_Driver/Src/stm32u0xx_hal_rcc_ex.o
LOAD ./Drivers/STM32U0xx_HAL_Driver/Src/stm32u0xx_hal_spi.o
LOAD ./Drivers/STM32U0xx_HAL_Driver/Src/stm32u0xx_hal_spi_ex.o
LOAD ./Drivers/STM32U0xx_HAL_Driver/Src/stm32u0xx_hal_tim.o
LOAD ./Drivers/STM32U0xx_HAL_Driver/Src/stm32u0xx_hal_tim_ex.o
LOAD ./Drivers/STM32U0xx_HAL_Driver/Src/stm32u0xx_hal_uart.o
LOAD ./Drivers/STM32U0xx_HAL_Driver/Src/stm32u0xx_hal_uart_ex.o
LOAD ./libraries/TraceLog/TraceLog.o
LOAD ./libraries/lora/radio/radio.o
LOAD ./libraries/lora/sx126x/sx126x.o
LOAD ./libraries/lora/sx126x/sx126x_bsp.o
START GROUP
LOAD /opt/st/stm32cubeide_1.15.1/plugins/com.st.stm32cube.ide.mcu.externaltools.gnu-tools-for-stm32.12.3.rel1.linux64_1.0.100.202403111256/tools/bin/../lib/gcc/arm-none-eabi/12.3.1/../../../../arm-none-eabi/lib/thumb/v6-m/nofp/libc_nano.a
LOAD /opt/st/stm32cubeide_1.15.1/plugins/com.st.stm32cube.ide.mcu.externaltools.gnu-tools-for-stm32.12.3.rel1.linux64_1.0.100.202403111256/tools/bin/../lib/gcc/arm-none-eabi/12.3.1/../../../../arm-none-eabi/lib/thumb/v6-m/nofp/libm.a
END GROUP
START GROUP
LOAD /opt/st/stm32cubeide_1.15.1/plugins/com.st.stm32cube.ide.mcu.externaltools.gnu-tools-for-stm32.12.3.rel1.linux64_1.0.100.202403111256/tools/bin/../lib/gcc/arm-none-eabi/12.3.1/thumb/v6-m/nofp/libgcc.a
LOAD /opt/st/stm32cubeide_1.15.1/plugins/com.st.stm32cube.ide.mcu.externaltools.gnu-tools-for-stm32.12.3.rel1.linux64_1.0.100.202403111256/tools/bin/../lib/gcc/arm-none-eabi/12.3.1/../../../../arm-none-eabi/lib/thumb/v6-m/nofp/libc_nano.a
END GROUP
START GROUP
LOAD /opt/st/stm32cubeide_1.15.1/plugins/com.st.stm32cube.ide.mcu.externaltools.gnu-tools-for-stm32.12.3.rel1.linux64_1.0.100.202403111256/tools/bin/../lib/gcc/arm-none-eabi/12.3.1/thumb/v6-m/nofp/libgcc.a
LOAD /opt/st/stm32cubeide_1.15.1/plugins/com.st.stm32cube.ide.mcu.externaltools.gnu-tools-for-stm32.12.3.rel1.linux64_1.0.100.202403111256/tools/bin/../lib/gcc/arm-none-eabi/12.3.1/../../../../arm-none-eabi/lib/thumb/v6-m/nofp/libc_nano.a
LOAD /opt/st/stm32cubeide_1.15.1/plugins/com.st.stm32cube.ide.mcu.externaltools.gnu-tools-for-stm32.12.3.rel1.linux64_1.0.100.202403111256/tools/bin/../lib/gcc/arm-none-eabi/12.3.1/../../../../arm-none-eabi/lib/thumb/v6-m/nofp/libnosys.a
END GROUP
START GROUP
LOAD /opt/st/stm32cubeide_1.15.1/plugins/com.st.stm32cube.ide.mcu.externaltools.gnu-tools-for-stm32.12.3.rel1.linux64_1.0.100.202403111256/tools/bin/../lib/gcc/arm-none-eabi/12.3.1/thumb/v6-m/nofp/libgcc.a
LOAD /opt/st/stm32cubeide_1.15.1/plugins/com.st.stm32cube.ide.mcu.externaltools.gnu-tools-for-stm32.12.3.rel1.linux64_1.0.100.202403111256/tools/bin/../lib/gcc/arm-none-eabi/12.3.1/../../../../arm-none-eabi/lib/thumb/v6-m/nofp/libc_nano.a
LOAD /opt/st/stm32cubeide_1.15.1/plugins/com.st.stm32cube.ide.mcu.externaltools.gnu-tools-for-stm32.12.3.rel1.linux64_1.0.100.202403111256/tools/bin/../lib/gcc/arm-none-eabi/12.3.1/../../../../arm-none-eabi/lib/thumb/v6-m/nofp/libnosys.a
END GROUP
LOAD /opt/st/stm32cubeide_1.15.1/plugins/com.st.stm32cube.ide.mcu.externaltools.gnu-tools-for-stm32.12.3.rel1.linux64_1.0.100.202403111256/tools/bin/../lib/gcc/arm-none-eabi/12.3.1/thumb/v6-m/nofp/crtend.o
LOAD /opt/st/stm32cubeide_1.15.1/plugins/com.st.stm32cube.ide.mcu.externaltools.gnu-tools-for-stm32.12.3.rel1.linux64_1.0.100.202403111256/tools/bin/../lib/gcc/arm-none-eabi/12.3.1/thumb/v6-m/nofp/crtn.o
                0x20002000                        _estack = (ORIGIN (RAM) + LENGTH (RAM))
                0x00000200                        _Min_Heap_Size = 0x200
                0x00000400                        _Min_Stack_Size = 0x400

.isr_vector     0x08000000       0xc0
                0x08000000                        . = ALIGN (0x4)
 *(.isr_vector)
 .isr_vector    0x08000000       0xc0 ./Core/Startup/startup_stm32u031c8tx.o
                0x08000000                g_pfnVectors
                0x080000c0                        . = ALIGN (0x4)

.text           0x080000c0     0xb160
                0x080000c0                        . = ALIGN (0x4)
 *(.text)
 .text          0x080000c0       0x48 /opt/st/stm32cubeide_1.15.1/plugins/com.st.stm32cube.ide.mcu.externaltools.gnu-tools-for-stm32.12.3.rel1.linux64_1.0.100.202403111256/tools/bin/../lib/gcc/arm-none-eabi/12.3.1/thumb/v6-m/nofp/crtbegin.o
 .text          0x08000108        0xe /opt/st/stm32cubeide_1.15.1/plugins/com.st.stm32cube.ide.mcu.externaltools.gnu-tools-for-stm32.12.3.rel1.linux64_1.0.100.202403111256/tools/bin/../lib/gcc/arm-none-eabi/12.3.1/../../../../arm-none-eabi/lib/thumb/v6-m/nofp/libc_nano.a(libc_a-strlen.o)
                0x08000108                strlen
 *fill*         0x08000116        0x2 
 .text          0x08000118       0x14 /opt/st/stm32cubeide_1.15.1/plugins/com.st.stm32cube.ide.mcu.externaltools.gnu-tools-for-stm32.12.3.rel1.linux64_1.0.100.202403111256/tools/bin/../lib/gcc/arm-none-eabi/12.3.1/thumb/v6-m/nofp/libgcc.a(_thumb1_case_shi.o)
                0x08000118                __gnu_thumb1_case_shi
 .text          0x0800012c      0x114 /opt/st/stm32cubeide_1.15.1/plugins/com.st.stm32cube.ide.mcu.externaltools.gnu-tools-for-stm32.12.3.rel1.linux64_1.0.100.202403111256/tools/bin/../lib/gcc/arm-none-eabi/12.3.1/thumb/v6-m/nofp/libgcc.a(_udivsi3.o)
                0x0800012c                __udivsi3
                0x0800012c                __aeabi_uidiv
                0x08000238                __aeabi_uidivmod
 .text          0x08000240      0x1d4 /opt/st/stm32cubeide_1.15.1/plugins/com.st.stm32cube.ide.mcu.externaltools.gnu-tools-for-stm32.12.3.rel1.linux64_1.0.100.202403111256/tools/bin/../lib/gcc/arm-none-eabi/12.3.1/thumb/v6-m/nofp/libgcc.a(_divsi3.o)
                0x08000240                __aeabi_idiv
                0x08000240                __divsi3
                0x0800040c                __aeabi_idivmod
 .text          0x08000414        0x4 /opt/st/stm32cubeide_1.15.1/plugins/com.st.stm32cube.ide.mcu.externaltools.gnu-tools-for-stm32.12.3.rel1.linux64_1.0.100.202403111256/tools/bin/../lib/gcc/arm-none-eabi/12.3.1/thumb/v6-m/nofp/libgcc.a(_dvmd_tls.o)
                0x08000414                __aeabi_ldiv0
                0x08000414                __aeabi_idiv0
 .text          0x08000418       0x7c /opt/st/stm32cubeide_1.15.1/plugins/com.st.stm32cube.ide.mcu.externaltools.gnu-tools-for-stm32.12.3.rel1.linux64_1.0.100.202403111256/tools/bin/../lib/gcc/arm-none-eabi/12.3.1/thumb/v6-m/nofp/libgcc.a(_arm_cmpdf2.o)
                0x08000418                __aeabi_cdrcmple
                0x08000428                __aeabi_cdcmple
                0x08000428                __aeabi_cdcmpeq
                0x08000438                __aeabi_dcmpeq
                0x08000444                __aeabi_dcmplt
                0x08000458                __aeabi_dcmple
                0x0800046c                __aeabi_dcmpgt
                0x08000480                __aeabi_dcmpge
 .text          0x08000494       0x40 /opt/st/stm32cubeide_1.15.1/plugins/com.st.stm32cube.ide.mcu.externaltools.gnu-tools-for-stm32.12.3.rel1.linux64_1.0.100.202403111256/tools/bin/../lib/gcc/arm-none-eabi/12.3.1/thumb/v6-m/nofp/libgcc.a(_aeabi_uldivmod.o)
                0x08000494                __aeabi_uldivmod
 .text          0x080004d4       0x3c /opt/st/stm32cubeide_1.15.1/plugins/com.st.stm32cube.ide.mcu.externaltools.gnu-tools-for-stm32.12.3.rel1.linux64_1.0.100.202403111256/tools/bin/../lib/gcc/arm-none-eabi/12.3.1/thumb/v6-m/nofp/libgcc.a(_fixunsdfsi.o)
                0x080004d4                __fixunsdfsi
                0x080004d4                __aeabi_d2uiz
 .text          0x08000510      0x198 /opt/st/stm32cubeide_1.15.1/plugins/com.st.stm32cube.ide.mcu.externaltools.gnu-tools-for-stm32.12.3.rel1.linux64_1.0.100.202403111256/tools/bin/../lib/gcc/arm-none-eabi/12.3.1/thumb/v6-m/nofp/libgcc.a(_udivmoddi4.o)
                0x08000510                __udivmoddi4
 .text          0x080006a8      0x6c8 /opt/st/stm32cubeide_1.15.1/plugins/com.st.stm32cube.ide.mcu.externaltools.gnu-tools-for-stm32.12.3.rel1.linux64_1.0.100.202403111256/tools/bin/../lib/gcc/arm-none-eabi/12.3.1/thumb/v6-m/nofp/libgcc.a(adddf3.o)
                0x080006a8                __aeabi_dadd
 .text          0x08000d70      0x634 /opt/st/stm32cubeide_1.15.1/plugins/com.st.stm32cube.ide.mcu.externaltools.gnu-tools-for-stm32.12.3.rel1.linux64_1.0.100.202403111256/tools/bin/../lib/gcc/arm-none-eabi/12.3.1/thumb/v6-m/nofp/libgcc.a(divdf3.o)
                0x08000d70                __aeabi_ddiv
 .text          0x080013a4       0x88 /opt/st/stm32cubeide_1.15.1/plugins/com.st.stm32cube.ide.mcu.externaltools.gnu-tools-for-stm32.12.3.rel1.linux64_1.0.100.202403111256/tools/bin/../lib/gcc/arm-none-eabi/12.3.1/thumb/v6-m/nofp/libgcc.a(eqdf2.o)
                0x080013a4                __eqdf2
                0x080013a4                __nedf2
 .text          0x0800142c       0xe8 /opt/st/stm32cubeide_1.15.1/plugins/com.st.stm32cube.ide.mcu.externaltools.gnu-tools-for-stm32.12.3.rel1.linux64_1.0.100.202403111256/tools/bin/../lib/gcc/arm-none-eabi/12.3.1/thumb/v6-m/nofp/libgcc.a(gedf2.o)
                0x0800142c                __gtdf2
                0x0800142c                __gedf2
 .text          0x08001514       0xe4 /opt/st/stm32cubeide_1.15.1/plugins/com.st.stm32cube.ide.mcu.externaltools.gnu-tools-for-stm32.12.3.rel1.linux64_1.0.100.202403111256/tools/bin/../lib/gcc/arm-none-eabi/12.3.1/thumb/v6-m/nofp/libgcc.a(ledf2.o)
                0x08001514                __ltdf2
                0x08001514                __ledf2
 .text          0x080015f8      0x590 /opt/st/stm32cubeide_1.15.1/plugins/com.st.stm32cube.ide.mcu.externaltools.gnu-tools-for-stm32.12.3.rel1.linux64_1.0.100.202403111256/tools/bin/../lib/gcc/arm-none-eabi/12.3.1/thumb/v6-m/nofp/libgcc.a(muldf3.o)
                0x080015f8                __aeabi_dmul
 .text          0x08001b88      0x738 /opt/st/stm32cubeide_1.15.1/plugins/com.st.stm32cube.ide.mcu.externaltools.gnu-tools-for-stm32.12.3.rel1.linux64_1.0.100.202403111256/tools/bin/../lib/gcc/arm-none-eabi/12.3.1/thumb/v6-m/nofp/libgcc.a(subdf3.o)
                0x08001b88                __aeabi_dsub
 .text          0x080022c0       0x78 /opt/st/stm32cubeide_1.15.1/plugins/com.st.stm32cube.ide.mcu.externaltools.gnu-tools-for-stm32.12.3.rel1.linux64_1.0.100.202403111256/tools/bin/../lib/gcc/arm-none-eabi/12.3.1/thumb/v6-m/nofp/libgcc.a(fixdfsi.o)
                0x080022c0                __aeabi_d2iz
 .text          0x08002338       0x5c /opt/st/stm32cubeide_1.15.1/plugins/com.st.stm32cube.ide.mcu.externaltools.gnu-tools-for-stm32.12.3.rel1.linux64_1.0.100.202403111256/tools/bin/../lib/gcc/arm-none-eabi/12.3.1/thumb/v6-m/nofp/libgcc.a(floatsidf.o)
                0x08002338                __aeabi_i2d
 .text          0x08002394       0x48 /opt/st/stm32cubeide_1.15.1/plugins/com.st.stm32cube.ide.mcu.externaltools.gnu-tools-for-stm32.12.3.rel1.linux64_1.0.100.202403111256/tools/bin/../lib/gcc/arm-none-eabi/12.3.1/thumb/v6-m/nofp/libgcc.a(floatunsidf.o)
                0x08002394                __aeabi_ui2d
 .text          0x080023dc       0x3c /opt/st/stm32cubeide_1.15.1/plugins/com.st.stm32cube.ide.mcu.externaltools.gnu-tools-for-stm32.12.3.rel1.linux64_1.0.100.202403111256/tools/bin/../lib/gcc/arm-none-eabi/12.3.1/thumb/v6-m/nofp/libgcc.a(_clzsi2.o)
                0x080023dc                __clzsi2
 .text          0x08002418       0x18 /opt/st/stm32cubeide_1.15.1/plugins/com.st.stm32cube.ide.mcu.externaltools.gnu-tools-for-stm32.12.3.rel1.linux64_1.0.100.202403111256/tools/bin/../lib/gcc/arm-none-eabi/12.3.1/thumb/v6-m/nofp/libgcc.a(_clzdi2.o)
                0x08002418                __clzdi2
 *(.text*)
 .text.MX_GPIO_Init
                0x08002430      0x1d8 ./Core/Src/gpio.o
                0x08002430                MX_GPIO_Init
 .text.main     0x08002608      0x310 ./Core/Src/main.o
                0x08002608                main
 .text.SystemClock_Config
                0x08002918       0x90 ./Core/Src/main.o
                0x08002918                SystemClock_Config
 .text.HAL_GPIO_EXTI_Rising_Callback
                0x080029a8       0x20 ./Core/Src/main.o
                0x080029a8                HAL_GPIO_EXTI_Rising_Callback
 .text.HAL_GPIO_EXTI_Falling_Callback
                0x080029c8       0x70 ./Core/Src/main.o
                0x080029c8                HAL_GPIO_EXTI_Falling_Callback
 .text.tracelog
                0x08002a38       0x2c ./Core/Src/main.o
 .text.send_packet
                0x08002a64       0x9c ./Core/Src/main.o
                0x08002a64                send_packet
 .text.OnTxDone
                0x08002b00       0x18 ./Core/Src/main.o
                0x08002b00                OnTxDone
 .text.OnRxDone
                0x08002b18       0xe0 ./Core/Src/main.o
                0x08002b18                OnRxDone
 .text.Error_Handler
                0x08002bf8        0xc ./Core/Src/main.o
                0x08002bf8                Error_Handler
 .text.assert_failed
                0x08002c04       0x12 ./Core/Src/main.o
                0x08002c04                assert_failed
 *fill*         0x08002c16        0x2 
 .text.MX_SPI1_Init
                0x08002c18       0x7c ./Core/Src/spi.o
                0x08002c18                MX_SPI1_Init
 .text.HAL_SPI_MspInit
                0x08002c94       0x94 ./Core/Src/spi.o
                0x08002c94                HAL_SPI_MspInit
 .text.HAL_MspInit
                0x08002d28       0x48 ./Core/Src/stm32u0xx_hal_msp.o
                0x08002d28                HAL_MspInit
 .text.NMI_Handler
                0x08002d70        0x8 ./Core/Src/stm32u0xx_it.o
                0x08002d70                NMI_Handler
 .text.HardFault_Handler
                0x08002d78        0x8 ./Core/Src/stm32u0xx_it.o
                0x08002d78                HardFault_Handler
 .text.SVC_Handler
                0x08002d80        0xa ./Core/Src/stm32u0xx_it.o
                0x08002d80                SVC_Handler
 .text.PendSV_Handler
                0x08002d8a        0xa ./Core/Src/stm32u0xx_it.o
                0x08002d8a                PendSV_Handler
 .text.SysTick_Handler
                0x08002d94        0xe ./Core/Src/stm32u0xx_it.o
                0x08002d94                SysTick_Handler
 .text.EXTI2_3_IRQHandler
                0x08002da2       0x10 ./Core/Src/stm32u0xx_it.o
                0x08002da2                EXTI2_3_IRQHandler
 .text.EXTI4_15_IRQHandler
                0x08002db2       0x14 ./Core/Src/stm32u0xx_it.o
                0x08002db2                EXTI4_15_IRQHandler
 *fill*         0x08002dc6        0x2 
 .text._sbrk    0x08002dc8       0x6c ./Core/Src/sysmem.o
                0x08002dc8                _sbrk
 .text.SystemInit
                0x08002e34       0x54 ./Core/Src/system_stm32u0xx.o
                0x08002e34                SystemInit
 .text.MX_USART1_UART_Init
                0x08002e88       0x9c ./Core/Src/usart.o
                0x08002e88                MX_USART1_UART_Init
 .text.HAL_UART_MspInit
                0x08002f24       0xc4 ./Core/Src/usart.o
                0x08002f24                HAL_UART_MspInit
 .text.Reset_Handler
                0x08002fe8       0x50 ./Core/Startup/startup_stm32u031c8tx.o
                0x08002fe8                Reset_Handler
 .text.Default_Handler
                0x08003038        0x2 ./Core/Startup/startup_stm32u031c8tx.o
                0x08003038                I2C2_3_IRQHandler
                0x08003038                WWDG_IWDG_IRQHandler
                0x08003038                TIM1_CC_IRQHandler
                0x08003038                TSC_IRQHandler
                0x08003038                ADC_COMP1_IRQHandler
                0x08003038                I2C1_IRQHandler
                0x08003038                TIM7_LPTIM2_IRQHandler
                0x08003038                RCC_CRS_IRQHandler
                0x08003038                RTC_TAMP_IRQHandler
                0x08003038                DMA1_Ch4_7_DMAMUX_OVR_IRQHandler
                0x08003038                SPI1_IRQHandler
                0x08003038                USART2_LPUART2_IRQHandler
                0x08003038                USART4_IRQHandler
                0x08003038                TIM16_IRQHandler
                0x08003038                TIM3_IRQHandler
                0x08003038                DMA1_Channel1_IRQHandler
                0x08003038                Default_Handler
                0x08003038                TIM15_IRQHandler
                0x08003038                EXTI0_1_IRQHandler
                0x08003038                PVD_PVM_IRQHandler
                0x08003038                SPI2_IRQHandler
                0x08003038                RNG_IRQHandler
                0x08003038                TIM6_DAC_LPTIM1_IRQHandler
                0x08003038                TIM2_IRQHandler
                0x08003038                DMA1_Channel2_3_IRQHandler
                0x08003038                FLASH_ECC_IRQHandler
                0x08003038                USART3_LPUART1_IRQHandler
                0x08003038                USART1_IRQHandler
                0x08003038                TIM1_BRK_UP_TRG_COM_IRQHandler
 .text.HAL_Init
                0x0800303a       0x2e ./Drivers/STM32U0xx_HAL_Driver/Src/stm32u0xx_hal.o
                0x0800303a                HAL_Init
 .text.HAL_InitTick
                0x08003068       0x94 ./Drivers/STM32U0xx_HAL_Driver/Src/stm32u0xx_hal.o
                0x08003068                HAL_InitTick
 .text.HAL_IncTick
                0x080030fc       0x20 ./Drivers/STM32U0xx_HAL_Driver/Src/stm32u0xx_hal.o
                0x080030fc                HAL_IncTick
 .text.HAL_GetTick
                0x0800311c       0x14 ./Drivers/STM32U0xx_HAL_Driver/Src/stm32u0xx_hal.o
                0x0800311c                HAL_GetTick
 .text.HAL_Delay
                0x08003130       0x44 ./Drivers/STM32U0xx_HAL_Driver/Src/stm32u0xx_hal.o
                0x08003130                HAL_Delay
 .text.__NVIC_EnableIRQ
                0x08003174       0x34 ./Drivers/STM32U0xx_HAL_Driver/Src/stm32u0xx_hal_cortex.o
 .text.__NVIC_SetPriority
                0x080031a8       0xdc ./Drivers/STM32U0xx_HAL_Driver/Src/stm32u0xx_hal_cortex.o
 .text.SysTick_Config
                0x08003284       0x48 ./Drivers/STM32U0xx_HAL_Driver/Src/stm32u0xx_hal_cortex.o
 .text.HAL_NVIC_SetPriority
                0x080032cc       0x40 ./Drivers/STM32U0xx_HAL_Driver/Src/stm32u0xx_hal_cortex.o
                0x080032cc                HAL_NVIC_SetPriority
 .text.HAL_NVIC_EnableIRQ
                0x0800330c       0x38 ./Drivers/STM32U0xx_HAL_Driver/Src/stm32u0xx_hal_cortex.o
                0x0800330c                HAL_NVIC_EnableIRQ
 .text.HAL_SYSTICK_Config
                0x08003344       0x1a ./Drivers/STM32U0xx_HAL_Driver/Src/stm32u0xx_hal_cortex.o
                0x08003344                HAL_SYSTICK_Config
 *fill*         0x0800335e        0x2 
 .text.HAL_GPIO_Init
                0x08003360      0x464 ./Drivers/STM32U0xx_HAL_Driver/Src/stm32u0xx_hal_gpio.o
                0x08003360                HAL_GPIO_Init
 .text.HAL_GPIO_ReadPin
                0x080037c4       0x58 ./Drivers/STM32U0xx_HAL_Driver/Src/stm32u0xx_hal_gpio.o
                0x080037c4                HAL_GPIO_ReadPin
 .text.HAL_GPIO_WritePin
                0x0800381c       0x74 ./Drivers/STM32U0xx_HAL_Driver/Src/stm32u0xx_hal_gpio.o
                0x0800381c                HAL_GPIO_WritePin
 .text.HAL_GPIO_EXTI_IRQHandler
                0x08003890       0x54 ./Drivers/STM32U0xx_HAL_Driver/Src/stm32u0xx_hal_gpio.o
                0x08003890                HAL_GPIO_EXTI_IRQHandler
 .text.HAL_PWREx_ControlVoltageScaling
                0x080038e4       0xe4 ./Drivers/STM32U0xx_HAL_Driver/Src/stm32u0xx_hal_pwr_ex.o
                0x080038e4                HAL_PWREx_ControlVoltageScaling
 .text.HAL_PWREx_GetVoltageRange
                0x080039c8       0x18 ./Drivers/STM32U0xx_HAL_Driver/Src/stm32u0xx_hal_pwr_ex.o
                0x080039c8                HAL_PWREx_GetVoltageRange
 .text.HAL_RCC_OscConfig
                0x080039e0      0xb08 ./Drivers/STM32U0xx_HAL_Driver/Src/stm32u0xx_hal_rcc.o
                0x080039e0                HAL_RCC_OscConfig
 .text.HAL_RCC_ClockConfig
                0x080044e8      0x334 ./Drivers/STM32U0xx_HAL_Driver/Src/stm32u0xx_hal_rcc.o
                0x080044e8                HAL_RCC_ClockConfig
 .text.HAL_RCC_GetSysClockFreq
                0x0800481c      0x138 ./Drivers/STM32U0xx_HAL_Driver/Src/stm32u0xx_hal_rcc.o
                0x0800481c                HAL_RCC_GetSysClockFreq
 .text.HAL_RCC_GetHCLKFreq
                0x08004954       0x14 ./Drivers/STM32U0xx_HAL_Driver/Src/stm32u0xx_hal_rcc.o
                0x08004954                HAL_RCC_GetHCLKFreq
 .text.HAL_RCC_GetPCLK1Freq
                0x08004968       0x30 ./Drivers/STM32U0xx_HAL_Driver/Src/stm32u0xx_hal_rcc.o
                0x08004968                HAL_RCC_GetPCLK1Freq
 .text.RCC_SetFlashLatencyFromMSIRange
                0x08004998       0xd8 ./Drivers/STM32U0xx_HAL_Driver/Src/stm32u0xx_hal_rcc.o
 .text.HAL_RCCEx_PeriphCLKConfig
                0x08004a70      0x680 ./Drivers/STM32U0xx_HAL_Driver/Src/stm32u0xx_hal_rcc_ex.o
                0x08004a70                HAL_RCCEx_PeriphCLKConfig
 .text.HAL_RCCEx_GetPeriphCLKFreq
                0x080050f0      0x87c ./Drivers/STM32U0xx_HAL_Driver/Src/stm32u0xx_hal_rcc_ex.o
                0x080050f0                HAL_RCCEx_GetPeriphCLKFreq
 .text.HAL_RCCEx_GetPLLClockFreq
                0x0800596c      0x17c ./Drivers/STM32U0xx_HAL_Driver/Src/stm32u0xx_hal_rcc_ex.o
                0x0800596c                HAL_RCCEx_GetPLLClockFreq
 .text.HAL_SPI_Init
                0x08005ae8      0x44c ./Drivers/STM32U0xx_HAL_Driver/Src/stm32u0xx_hal_spi.o
                0x08005ae8                HAL_SPI_Init
 .text.HAL_SPI_Transmit
                0x08005f34      0x2e4 ./Drivers/STM32U0xx_HAL_Driver/Src/stm32u0xx_hal_spi.o
                0x08005f34                HAL_SPI_Transmit
 .text.HAL_SPI_Receive
                0x08006218      0x2a4 ./Drivers/STM32U0xx_HAL_Driver/Src/stm32u0xx_hal_spi.o
                0x08006218                HAL_SPI_Receive
 .text.HAL_SPI_TransmitReceive
                0x080064bc      0x3e0 ./Drivers/STM32U0xx_HAL_Driver/Src/stm32u0xx_hal_spi.o
                0x080064bc                HAL_SPI_TransmitReceive
 .text.SPI_WaitFlagStateUntilTimeout
                0x0800689c      0x11c ./Drivers/STM32U0xx_HAL_Driver/Src/stm32u0xx_hal_spi.o
 .text.SPI_WaitFifoStateUntilTimeout
                0x080069b8      0x144 ./Drivers/STM32U0xx_HAL_Driver/Src/stm32u0xx_hal_spi.o
 .text.SPI_EndRxTransaction
                0x08006afc       0xbc ./Drivers/STM32U0xx_HAL_Driver/Src/stm32u0xx_hal_spi.o
 .text.SPI_EndRxTxTransaction
                0x08006bb8       0x8c ./Drivers/STM32U0xx_HAL_Driver/Src/stm32u0xx_hal_spi.o
 .text.HAL_UART_Init
                0x08006c44      0x168 ./Drivers/STM32U0xx_HAL_Driver/Src/stm32u0xx_hal_uart.o
                0x08006c44                HAL_UART_Init
 .text.HAL_UART_Transmit
                0x08006dac      0x148 ./Drivers/STM32U0xx_HAL_Driver/Src/stm32u0xx_hal_uart.o
                0x08006dac                HAL_UART_Transmit
 .text.UART_SetConfig
                0x08006ef4      0x58c ./Drivers/STM32U0xx_HAL_Driver/Src/stm32u0xx_hal_uart.o
                0x08006ef4                UART_SetConfig
 .text.UART_AdvFeatureConfig
                0x08007480      0x30c ./Drivers/STM32U0xx_HAL_Driver/Src/stm32u0xx_hal_uart.o
                0x08007480                UART_AdvFeatureConfig
 .text.UART_CheckIdleState
                0x0800778c      0x154 ./Drivers/STM32U0xx_HAL_Driver/Src/stm32u0xx_hal_uart.o
                0x0800778c                UART_CheckIdleState
 .text.UART_WaitOnFlagUntilTimeout
                0x080078e0       0xde ./Drivers/STM32U0xx_HAL_Driver/Src/stm32u0xx_hal_uart.o
                0x080078e0                UART_WaitOnFlagUntilTimeout
 *fill*         0x080079be        0x2 
 .text.UART_EndRxTransfer
                0x080079c0       0xcc ./Drivers/STM32U0xx_HAL_Driver/Src/stm32u0xx_hal_uart.o
 .text.HAL_UARTEx_DisableFifoMode
                0x08007a8c       0xc0 ./Drivers/STM32U0xx_HAL_Driver/Src/stm32u0xx_hal_uart_ex.o
                0x08007a8c                HAL_UARTEx_DisableFifoMode
 .text.HAL_UARTEx_SetTxFifoThreshold
                0x08007b4c      0x110 ./Drivers/STM32U0xx_HAL_Driver/Src/stm32u0xx_hal_uart_ex.o
                0x08007b4c                HAL_UARTEx_SetTxFifoThreshold
 .text.HAL_UARTEx_SetRxFifoThreshold
                0x08007c5c      0x118 ./Drivers/STM32U0xx_HAL_Driver/Src/stm32u0xx_hal_uart_ex.o
                0x08007c5c                HAL_UARTEx_SetRxFifoThreshold
 .text.UARTEx_SetNbDataToProcess
                0x08007d74       0xbc ./Drivers/STM32U0xx_HAL_Driver/Src/stm32u0xx_hal_uart_ex.o
 .text.log_monitor_init
                0x08007e30       0x1c ./libraries/TraceLog/TraceLog.o
                0x08007e30                log_monitor_init
 .text.LOG_INFO
                0x08007e4c       0x9c ./libraries/TraceLog/TraceLog.o
                0x08007e4c                LOG_INFO
 .text.LOG_WARN
                0x08007ee8       0x9c ./libraries/TraceLog/TraceLog.o
                0x08007ee8                LOG_WARN
 .text.LOG_ERROR
                0x08007f84       0x9c ./libraries/TraceLog/TraceLog.o
                0x08007f84                LOG_ERROR
 .text.LOG_EVENT
                0x08008020       0x9c ./libraries/TraceLog/TraceLog.o
                0x08008020                LOG_EVENT
 .text.RadioGetFskBandwidthRegValue
                0x080080bc       0x78 ./libraries/lora/radio/radio.o
 .text.RadioInit
                0x08008134       0x54 ./libraries/lora/radio/radio.o
                0x08008134                RadioInit
 .text.RadioReInit
                0x08008188       0x28 ./libraries/lora/radio/radio.o
                0x08008188                RadioReInit
 .text.RadioGetStatus
                0x080081b0       0x2e ./libraries/lora/radio/radio.o
                0x080081b0                RadioGetStatus
 *fill*         0x080081de        0x2 
 .text.RadioSetModem
                0x080081e0       0x68 ./libraries/lora/radio/radio.o
                0x080081e0                RadioSetModem
 .text.RadioSetChannel
                0x08008248       0x18 ./libraries/lora/radio/radio.o
                0x08008248                RadioSetChannel
 .text.RadioIsChannelFree
                0x08008260       0xb8 ./libraries/lora/radio/radio.o
                0x08008260                RadioIsChannelFree
 .text.RadioRandom
                0x08008318       0x2c ./libraries/lora/radio/radio.o
                0x08008318                RadioRandom
 .text.RadioSetRxConfig
                0x08008344      0x358 ./libraries/lora/radio/radio.o
                0x08008344                RadioSetRxConfig
 .text.RadioSetTxConfig
                0x0800869c      0x2c0 ./libraries/lora/radio/radio.o
                0x0800869c                RadioSetTxConfig
 .text.RadioCheckRfFrequency
                0x0800895c       0x12 ./libraries/lora/radio/radio.o
                0x0800895c                RadioCheckRfFrequency
 *fill*         0x0800896e        0x2 
 .text.RadioTimeOnAir
                0x08008970      0x2e4 ./libraries/lora/radio/radio.o
                0x08008970                RadioTimeOnAir
 .text.RadioSend
                0x08008c54       0x64 ./libraries/lora/radio/radio.o
                0x08008c54                RadioSend
 .text.RadioSleep
                0x08008cb8       0x2e ./libraries/lora/radio/radio.o
                0x08008cb8                RadioSleep
 .text.RadioStandby
                0x08008ce6       0x10 ./libraries/lora/radio/radio.o
                0x08008ce6                RadioStandby
 *fill*         0x08008cf6        0x2 
 .text.RadioRx  0x08008cf8       0x4c ./libraries/lora/radio/radio.o
                0x08008cf8                RadioRx
 .text.RadioRxBoosted
                0x08008d44       0x4c ./libraries/lora/radio/radio.o
                0x08008d44                RadioRxBoosted
 .text.RadioSetRxDutyCycle
                0x08008d90       0x30 ./libraries/lora/radio/radio.o
                0x08008d90                RadioSetRxDutyCycle
 .text.RadioSetCadParams
                0x08008dc0       0x48 ./libraries/lora/radio/radio.o
                0x08008dc0                RadioSetCadParams
 .text.RadioStartCad
                0x08008e08       0x1e ./libraries/lora/radio/radio.o
                0x08008e08                RadioStartCad
 .text.RadioSetTxContinuousWave
                0x08008e26       0x38 ./libraries/lora/radio/radio.o
                0x08008e26                RadioSetTxContinuousWave
 .text.RadioRssi
                0x08008e5e       0x1a ./libraries/lora/radio/radio.o
                0x08008e5e                RadioRssi
 .text.RadioWrite
                0x08008e78       0x2a ./libraries/lora/radio/radio.o
                0x08008e78                RadioWrite
 .text.RadioRead
                0x08008ea2       0x20 ./libraries/lora/radio/radio.o
                0x08008ea2                RadioRead
 .text.RadioWriteBuffer
                0x08008ec2       0x30 ./libraries/lora/radio/radio.o
                0x08008ec2                RadioWriteBuffer
 .text.RadioReadBuffer
                0x08008ef2       0x30 ./libraries/lora/radio/radio.o
                0x08008ef2                RadioReadBuffer
 *fill*         0x08008f22        0x2 
 .text.RadioSetMaxPayloadLength
                0x08008f24       0x6c ./libraries/lora/radio/radio.o
                0x08008f24                RadioSetMaxPayloadLength
 .text.RadioSetPublicNetwork
                0x08008f90       0x68 ./libraries/lora/radio/radio.o
                0x08008f90                RadioSetPublicNetwork
 .text.RadioGetWakeupTime
                0x08008ff8        0xc ./libraries/lora/radio/radio.o
                0x08008ff8                RadioGetWakeupTime
 .text.RadioOnDioIrq
                0x08009004       0x1c ./libraries/lora/radio/radio.o
                0x08009004                RadioOnDioIrq
 .text.RadioBgIrqProcess
                0x08009020      0x2f0 ./libraries/lora/radio/radio.o
                0x08009020                RadioBgIrqProcess
 .text.RadioIrqProcess
                0x08009310        0xe ./libraries/lora/radio/radio.o
                0x08009310                RadioIrqProcess
 *fill*         0x0800931e        0x2 
 .text.RadioIrqProcessAfterDeepSleep
                0x08009320       0x20 ./libraries/lora/radio/radio.o
                0x08009320                RadioIrqProcessAfterDeepSleep
 .text.SX126xInit
                0x08009340       0x24 ./libraries/lora/sx126x/sx126x.o
                0x08009340                SX126xInit
 .text.SX126xReInit
                0x08009364        0xa ./libraries/lora/sx126x/sx126x.o
                0x08009364                SX126xReInit
 *fill*         0x0800936e        0x2 
 .text.SX126xGetOperatingMode
                0x08009370       0x14 ./libraries/lora/sx126x/sx126x.o
                0x08009370                SX126xGetOperatingMode
 .text.SX126xSetOperatingMode
                0x08009384       0x20 ./libraries/lora/sx126x/sx126x.o
                0x08009384                SX126xSetOperatingMode
 .text.SX126xCheckDeviceReady
                0x080093a4       0x28 ./libraries/lora/sx126x/sx126x.o
                0x080093a4                SX126xCheckDeviceReady
 .text.SX126xSetPayload
                0x080093cc       0x24 ./libraries/lora/sx126x/sx126x.o
                0x080093cc                SX126xSetPayload
 .text.SX126xGetPayload
                0x080093f0       0x4e ./libraries/lora/sx126x/sx126x.o
                0x080093f0                SX126xGetPayload
 .text.SX126xSendPayload
                0x0800943e       0x30 ./libraries/lora/sx126x/sx126x.o
                0x0800943e                SX126xSendPayload
 .text.SX126xSetSyncWord
                0x0800946e       0x20 ./libraries/lora/sx126x/sx126x.o
                0x0800946e                SX126xSetSyncWord
 *fill*         0x0800948e        0x2 
 .text.SX126xSetCrcSeed
                0x08009490       0x4c ./libraries/lora/sx126x/sx126x.o
                0x08009490                SX126xSetCrcSeed
 .text.SX126xSetCrcPolynomial
                0x080094dc       0x4c ./libraries/lora/sx126x/sx126x.o
                0x080094dc                SX126xSetCrcPolynomial
 .text.SX126xSetWhiteningSeed
                0x08009528       0x84 ./libraries/lora/sx126x/sx126x.o
                0x08009528                SX126xSetWhiteningSeed
 .text.SX126xGetRandom
                0x080095ac       0x40 ./libraries/lora/sx126x/sx126x.o
                0x080095ac                SX126xGetRandom
 .text.SX126xSetSleep
                0x080095ec       0x28 ./libraries/lora/sx126x/sx126x.o
                0x080095ec                SX126xSetSleep
 .text.SX126xSetStandby
                0x08009614       0x3a ./libraries/lora/sx126x/sx126x.o
                0x08009614                SX126xSetStandby
 .text.SX126xSetTx
                0x0800964e       0x40 ./libraries/lora/sx126x/sx126x.o
                0x0800964e                SX126xSetTx
 *fill*         0x0800968e        0x2 
 .text.SX126xSetRx
                0x08009690       0x50 ./libraries/lora/sx126x/sx126x.o
                0x08009690                SX126xSetRx
 .text.SX126xSetRxBoosted
                0x080096e0       0x50 ./libraries/lora/sx126x/sx126x.o
                0x080096e0                SX126xSetRxBoosted
 .text.SX126xSetRxDutyCycle
                0x08009730       0x5e ./libraries/lora/sx126x/sx126x.o
                0x08009730                SX126xSetRxDutyCycle
 .text.SX126xSetCad
                0x0800978e       0x1a ./libraries/lora/sx126x/sx126x.o
                0x0800978e                SX126xSetCad
 .text.SX126xSetTxContinuousWave
                0x080097a8       0x14 ./libraries/lora/sx126x/sx126x.o
                0x080097a8                SX126xSetTxContinuousWave
 .text.SX126xSetStopRxTimerOnPreambleDetect
                0x080097bc       0x20 ./libraries/lora/sx126x/sx126x.o
                0x080097bc                SX126xSetStopRxTimerOnPreambleDetect
 .text.SX126xSetLoRaSymbNumTimeout
                0x080097dc       0x20 ./libraries/lora/sx126x/sx126x.o
                0x080097dc                SX126xSetLoRaSymbNumTimeout
 .text.SX126xSetRegulatorMode
                0x080097fc       0x20 ./libraries/lora/sx126x/sx126x.o
                0x080097fc                SX126xSetRegulatorMode
 .text.SX126xCalibrateImage
                0x0800981c       0xa8 ./libraries/lora/sx126x/sx126x.o
                0x0800981c                SX126xCalibrateImage
 .text.SX126xSetPaConfig
                0x080098c4       0x5c ./libraries/lora/sx126x/sx126x.o
                0x080098c4                SX126xSetPaConfig
 .text.SX126xSetDioIrqParams
                0x08009920       0x9c ./libraries/lora/sx126x/sx126x.o
                0x08009920                SX126xSetDioIrqParams
 .text.SX126xGetIrqStatus
                0x080099bc       0x2e ./libraries/lora/sx126x/sx126x.o
                0x080099bc                SX126xGetIrqStatus
 .text.SX126xSetDio2AsRfSwitchCtrl
                0x080099ea       0x20 ./libraries/lora/sx126x/sx126x.o
                0x080099ea                SX126xSetDio2AsRfSwitchCtrl
 *fill*         0x08009a0a        0x2 
 .text.SX126xSetRfFrequency
                0x08009a0c       0x8c ./libraries/lora/sx126x/sx126x.o
                0x08009a0c                SX126xSetRfFrequency
 .text.SX126xSetPacketType
                0x08009a98       0x2c ./libraries/lora/sx126x/sx126x.o
                0x08009a98                SX126xSetPacketType
 .text.SX126xGetPacketType
                0x08009ac4       0x14 ./libraries/lora/sx126x/sx126x.o
                0x08009ac4                SX126xGetPacketType
 .text.SX126xSetTxParams
                0x08009ad8       0xf4 ./libraries/lora/sx126x/sx126x.o
                0x08009ad8                SX126xSetTxParams
 .text.SX126xSetModulationParams
                0x08009bcc      0x14c ./libraries/lora/sx126x/sx126x.o
                0x08009bcc                SX126xSetModulationParams
 .text.SX126xSetPacketParams
                0x08009d18      0x164 ./libraries/lora/sx126x/sx126x.o
                0x08009d18                SX126xSetPacketParams
 .text.SX126xSetCadParams
                0x08009e7c       0x84 ./libraries/lora/sx126x/sx126x.o
                0x08009e7c                SX126xSetCadParams
 .text.SX126xSetBufferBaseAddress
                0x08009f00       0x38 ./libraries/lora/sx126x/sx126x.o
                0x08009f00                SX126xSetBufferBaseAddress
 .text.SX126xGetRssiInst
                0x08009f38       0x32 ./libraries/lora/sx126x/sx126x.o
                0x08009f38                SX126xGetRssiInst
 *fill*         0x08009f6a        0x2 
 .text.SX126xGetRxBufferStatus
                0x08009f6c       0x6c ./libraries/lora/sx126x/sx126x.o
                0x08009f6c                SX126xGetRxBufferStatus
 .text.SX126xGetPacketStatus
                0x08009fd8       0xb8 ./libraries/lora/sx126x/sx126x.o
                0x08009fd8                SX126xGetPacketStatus
 .text.SX126xClearIrqStatus
                0x0800a090       0x3a ./libraries/lora/sx126x/sx126x.o
                0x0800a090                SX126xClearIrqStatus
 *fill*         0x0800a0ca        0x2 
 .text.SX126xIoInit
                0x0800a0cc       0x18 ./libraries/lora/sx126x/sx126x_bsp.o
                0x0800a0cc                SX126xIoInit
 .text.SX126xReset
                0x0800a0e4       0x40 ./libraries/lora/sx126x/sx126x_bsp.o
                0x0800a0e4                SX126xReset
 .text.SX126xWaitOnBusy
                0x0800a124       0x54 ./libraries/lora/sx126x/sx126x_bsp.o
                0x0800a124                SX126xWaitOnBusy
 .text.SX126xWakeup
                0x0800a178       0x58 ./libraries/lora/sx126x/sx126x_bsp.o
                0x0800a178                SX126xWakeup
 .text.SX126xWriteCommand
                0x0800a1d0       0x70 ./libraries/lora/sx126x/sx126x_bsp.o
                0x0800a1d0                SX126xWriteCommand
 .text.SX126xReadCommand
                0x0800a240       0x78 ./libraries/lora/sx126x/sx126x_bsp.o
                0x0800a240                SX126xReadCommand
 .text.SX126xWriteRegisters
                0x0800a2b8       0x88 ./libraries/lora/sx126x/sx126x_bsp.o
                0x0800a2b8                SX126xWriteRegisters
 .text.SX126xWriteRegister
                0x0800a340       0x28 ./libraries/lora/sx126x/sx126x_bsp.o
                0x0800a340                SX126xWriteRegister
 .text.SX126xReadRegisters
                0x0800a368       0x8c ./libraries/lora/sx126x/sx126x_bsp.o
                0x0800a368                SX126xReadRegisters
 .text.SX126xReadRegister
                0x0800a3f4       0x28 ./libraries/lora/sx126x/sx126x_bsp.o
                0x0800a3f4                SX126xReadRegister
 .text.SX126xWriteBuffer
                0x0800a41c       0x78 ./libraries/lora/sx126x/sx126x_bsp.o
                0x0800a41c                SX126xWriteBuffer
 .text.SX126xReadBuffer
                0x0800a494       0x94 ./libraries/lora/sx126x/sx126x_bsp.o
                0x0800a494                SX126xReadBuffer
 .text.SX126xSetRfTxPower
                0x0800a528       0x22 ./libraries/lora/sx126x/sx126x_bsp.o
                0x0800a528                SX126xSetRfTxPower
 .text.SX126xGetPaSelect
                0x0800a54a       0x12 ./libraries/lora/sx126x/sx126x_bsp.o
                0x0800a54a                SX126xGetPaSelect
 .text.SX126xAntSwOn
                0x0800a55c        0xa ./libraries/lora/sx126x/sx126x_bsp.o
                0x0800a55c                SX126xAntSwOn
 .text.SX126xAntSwOff
                0x0800a566        0xa ./libraries/lora/sx126x/sx126x_bsp.o
                0x0800a566                SX126xAntSwOff
 .text.free     0x0800a570       0x14 /opt/st/stm32cubeide_1.15.1/plugins/com.st.stm32cube.ide.mcu.externaltools.gnu-tools-for-stm32.12.3.rel1.linux64_1.0.100.202403111256/tools/bin/../lib/gcc/arm-none-eabi/12.3.1/../../../../arm-none-eabi/lib/thumb/v6-m/nofp/libc_nano.a(libc_a-malloc.o)
                0x0800a570                free
 .text.sbrk_aligned
                0x0800a584       0x44 /opt/st/stm32cubeide_1.15.1/plugins/com.st.stm32cube.ide.mcu.externaltools.gnu-tools-for-stm32.12.3.rel1.linux64_1.0.100.202403111256/tools/bin/../lib/gcc/arm-none-eabi/12.3.1/../../../../arm-none-eabi/lib/thumb/v6-m/nofp/libc_nano.a(libc_a-mallocr.o)
 .text._malloc_r
                0x0800a5c8      0x100 /opt/st/stm32cubeide_1.15.1/plugins/com.st.stm32cube.ide.mcu.externaltools.gnu-tools-for-stm32.12.3.rel1.linux64_1.0.100.202403111256/tools/bin/../lib/gcc/arm-none-eabi/12.3.1/../../../../arm-none-eabi/lib/thumb/v6-m/nofp/libc_nano.a(libc_a-mallocr.o)
                0x0800a5c8                _malloc_r
 .text.__malloc_lock
                0x0800a6c8       0x10 /opt/st/stm32cubeide_1.15.1/plugins/com.st.stm32cube.ide.mcu.externaltools.gnu-tools-for-stm32.12.3.rel1.linux64_1.0.100.202403111256/tools/bin/../lib/gcc/arm-none-eabi/12.3.1/../../../../arm-none-eabi/lib/thumb/v6-m/nofp/libc_nano.a(libc_a-mlock.o)
                0x0800a6c8                __malloc_lock
 .text.__malloc_unlock
                0x0800a6d8       0x10 /opt/st/stm32cubeide_1.15.1/plugins/com.st.stm32cube.ide.mcu.externaltools.gnu-tools-for-stm32.12.3.rel1.linux64_1.0.100.202403111256/tools/bin/../lib/gcc/arm-none-eabi/12.3.1/../../../../arm-none-eabi/lib/thumb/v6-m/nofp/libc_nano.a(libc_a-mlock.o)
                0x0800a6d8                __malloc_unlock
 .text.asprintf
                0x0800a6e8       0x44 /opt/st/stm32cubeide_1.15.1/plugins/com.st.stm32cube.ide.mcu.externaltools.gnu-tools-for-stm32.12.3.rel1.linux64_1.0.100.202403111256/tools/bin/../lib/gcc/arm-none-eabi/12.3.1/../../../../arm-none-eabi/lib/thumb/v6-m/nofp/libc_nano.a(libc_a-asprintf.o)
                0x0800a6e8                asiprintf
                0x0800a6e8                asprintf
 .text._vasprintf_r
                0x0800a72c       0x30 /opt/st/stm32cubeide_1.15.1/plugins/com.st.stm32cube.ide.mcu.externaltools.gnu-tools-for-stm32.12.3.rel1.linux64_1.0.100.202403111256/tools/bin/../lib/gcc/arm-none-eabi/12.3.1/../../../../arm-none-eabi/lib/thumb/v6-m/nofp/libc_nano.a(libc_a-vasprintf.o)
                0x0800a72c                _vasiprintf_r
                0x0800a72c                _vasprintf_r
 .text.vasprintf
                0x0800a75c       0x18 /opt/st/stm32cubeide_1.15.1/plugins/com.st.stm32cube.ide.mcu.externaltools.gnu-tools-for-stm32.12.3.rel1.linux64_1.0.100.202403111256/tools/bin/../lib/gcc/arm-none-eabi/12.3.1/../../../../arm-none-eabi/lib/thumb/v6-m/nofp/libc_nano.a(libc_a-vasprintf.o)
                0x0800a75c                vasiprintf
                0x0800a75c                vasprintf
 .text.memset   0x0800a774       0x10 /opt/st/stm32cubeide_1.15.1/plugins/com.st.stm32cube.ide.mcu.externaltools.gnu-tools-for-stm32.12.3.rel1.linux64_1.0.100.202403111256/tools/bin/../lib/gcc/arm-none-eabi/12.3.1/../../../../arm-none-eabi/lib/thumb/v6-m/nofp/libc_nano.a(libc_a-memset.o)
                0x0800a774                memset
 .text._sbrk_r  0x0800a784       0x24 /opt/st/stm32cubeide_1.15.1/plugins/com.st.stm32cube.ide.mcu.externaltools.gnu-tools-for-stm32.12.3.rel1.linux64_1.0.100.202403111256/tools/bin/../lib/gcc/arm-none-eabi/12.3.1/../../../../arm-none-eabi/lib/thumb/v6-m/nofp/libc_nano.a(libc_a-sbrkr.o)
                0x0800a784                _sbrk_r
 .text.__errno  0x0800a7a8        0xc /opt/st/stm32cubeide_1.15.1/plugins/com.st.stm32cube.ide.mcu.externaltools.gnu-tools-for-stm32.12.3.rel1.linux64_1.0.100.202403111256/tools/bin/../lib/gcc/arm-none-eabi/12.3.1/../../../../arm-none-eabi/lib/thumb/v6-m/nofp/libc_nano.a(libc_a-errno.o)
                0x0800a7a8                __errno
 .text.__libc_init_array
                0x0800a7b4       0x48 /opt/st/stm32cubeide_1.15.1/plugins/com.st.stm32cube.ide.mcu.externaltools.gnu-tools-for-stm32.12.3.rel1.linux64_1.0.100.202403111256/tools/bin/../lib/gcc/arm-none-eabi/12.3.1/../../../../arm-none-eabi/lib/thumb/v6-m/nofp/libc_nano.a(libc_a-init.o)
                0x0800a7b4                __libc_init_array
 .text.__retarget_lock_acquire_recursive
                0x0800a7fc        0x2 /opt/st/stm32cubeide_1.15.1/plugins/com.st.stm32cube.ide.mcu.externaltools.gnu-tools-for-stm32.12.3.rel1.linux64_1.0.100.202403111256/tools/bin/../lib/gcc/arm-none-eabi/12.3.1/../../../../arm-none-eabi/lib/thumb/v6-m/nofp/libc_nano.a(libc_a-lock.o)
                0x0800a7fc                __retarget_lock_acquire_recursive
 .text.__retarget_lock_release_recursive
                0x0800a7fe        0x2 /opt/st/stm32cubeide_1.15.1/plugins/com.st.stm32cube.ide.mcu.externaltools.gnu-tools-for-stm32.12.3.rel1.linux64_1.0.100.202403111256/tools/bin/../lib/gcc/arm-none-eabi/12.3.1/../../../../arm-none-eabi/lib/thumb/v6-m/nofp/libc_nano.a(libc_a-lock.o)
                0x0800a7fe                __retarget_lock_release_recursive
 .text.memcpy   0x0800a800       0x12 /opt/st/stm32cubeide_1.15.1/plugins/com.st.stm32cube.ide.mcu.externaltools.gnu-tools-for-stm32.12.3.rel1.linux64_1.0.100.202403111256/tools/bin/../lib/gcc/arm-none-eabi/12.3.1/../../../../arm-none-eabi/lib/thumb/v6-m/nofp/libc_nano.a(libc_a-memcpy-stub.o)
                0x0800a800                memcpy
 *fill*         0x0800a812        0x2 
 .text._free_r  0x0800a814       0x94 /opt/st/stm32cubeide_1.15.1/plugins/com.st.stm32cube.ide.mcu.externaltools.gnu-tools-for-stm32.12.3.rel1.linux64_1.0.100.202403111256/tools/bin/../lib/gcc/arm-none-eabi/12.3.1/../../../../arm-none-eabi/lib/thumb/v6-m/nofp/libc_nano.a(libc_a-freer.o)
                0x0800a814                _free_r
 .text.__ssputs_r
                0x0800a8a8       0xc0 /opt/st/stm32cubeide_1.15.1/plugins/com.st.stm32cube.ide.mcu.externaltools.gnu-tools-for-stm32.12.3.rel1.linux64_1.0.100.202403111256/tools/bin/../lib/gcc/arm-none-eabi/12.3.1/../../../../arm-none-eabi/lib/thumb/v6-m/nofp/libc_nano.a(libc_a-nano-svfprintf.o)
                0x0800a8a8                __ssputs_r
 .text._svfprintf_r
                0x0800a968      0x1fc /opt/st/stm32cubeide_1.15.1/plugins/com.st.stm32cube.ide.mcu.externaltools.gnu-tools-for-stm32.12.3.rel1.linux64_1.0.100.202403111256/tools/bin/../lib/gcc/arm-none-eabi/12.3.1/../../../../arm-none-eabi/lib/thumb/v6-m/nofp/libc_nano.a(libc_a-nano-svfprintf.o)
                0x0800a968                _svfprintf_r
                0x0800a968                _svfiprintf_r
 .text._printf_common
                0x0800ab64       0xde /opt/st/stm32cubeide_1.15.1/plugins/com.st.stm32cube.ide.mcu.externaltools.gnu-tools-for-stm32.12.3.rel1.linux64_1.0.100.202403111256/tools/bin/../lib/gcc/arm-none-eabi/12.3.1/../../../../arm-none-eabi/lib/thumb/v6-m/nofp/libc_nano.a(libc_a-nano-vfprintf_i.o)
                0x0800ab64                _printf_common
 *fill*         0x0800ac42        0x2 
 .text._printf_i
                0x0800ac44      0x21c /opt/st/stm32cubeide_1.15.1/plugins/com.st.stm32cube.ide.mcu.externaltools.gnu-tools-for-stm32.12.3.rel1.linux64_1.0.100.202403111256/tools/bin/../lib/gcc/arm-none-eabi/12.3.1/../../../../arm-none-eabi/lib/thumb/v6-m/nofp/libc_nano.a(libc_a-nano-vfprintf_i.o)
                0x0800ac44                _printf_i
 .text.memmove  0x0800ae60       0x26 /opt/st/stm32cubeide_1.15.1/plugins/com.st.stm32cube.ide.mcu.externaltools.gnu-tools-for-stm32.12.3.rel1.linux64_1.0.100.202403111256/tools/bin/../lib/gcc/arm-none-eabi/12.3.1/../../../../arm-none-eabi/lib/thumb/v6-m/nofp/libc_nano.a(libc_a-memmove.o)
                0x0800ae60                memmove
 .text.memchr   0x0800ae86       0x16 /opt/st/stm32cubeide_1.15.1/plugins/com.st.stm32cube.ide.mcu.externaltools.gnu-tools-for-stm32.12.3.rel1.linux64_1.0.100.202403111256/tools/bin/../lib/gcc/arm-none-eabi/12.3.1/../../../../arm-none-eabi/lib/thumb/v6-m/nofp/libc_nano.a(libc_a-memchr-stub.o)
                0x0800ae86                memchr
 .text._realloc_r
                0x0800ae9c       0x5e /opt/st/stm32cubeide_1.15.1/plugins/com.st.stm32cube.ide.mcu.externaltools.gnu-tools-for-stm32.12.3.rel1.linux64_1.0.100.202403111256/tools/bin/../lib/gcc/arm-none-eabi/12.3.1/../../../../arm-none-eabi/lib/thumb/v6-m/nofp/libc_nano.a(libc_a-reallocr.o)
                0x0800ae9c                _realloc_r
 .text._malloc_usable_size_r
                0x0800aefa       0x10 /opt/st/stm32cubeide_1.15.1/plugins/com.st.stm32cube.ide.mcu.externaltools.gnu-tools-for-stm32.12.3.rel1.linux64_1.0.100.202403111256/tools/bin/../lib/gcc/arm-none-eabi/12.3.1/../../../../arm-none-eabi/lib/thumb/v6-m/nofp/libc_nano.a(libc_a-msizer.o)
                0x0800aefa                _malloc_usable_size_r
 *fill*         0x0800af0a        0x2 
 .text.ceil     0x0800af0c       0xf0 /opt/st/stm32cubeide_1.15.1/plugins/com.st.stm32cube.ide.mcu.externaltools.gnu-tools-for-stm32.12.3.rel1.linux64_1.0.100.202403111256/tools/bin/../lib/gcc/arm-none-eabi/12.3.1/../../../../arm-none-eabi/lib/thumb/v6-m/nofp/libm.a(libm_a-s_ceil.o)
                0x0800af0c                ceil
 .text.floor    0x0800affc       0xf8 /opt/st/stm32cubeide_1.15.1/plugins/com.st.stm32cube.ide.mcu.externaltools.gnu-tools-for-stm32.12.3.rel1.linux64_1.0.100.202403111256/tools/bin/../lib/gcc/arm-none-eabi/12.3.1/../../../../arm-none-eabi/lib/thumb/v6-m/nofp/libm.a(libm_a-s_floor.o)
                0x0800affc                floor
 .text.rint     0x0800b0f4      0x114 /opt/st/stm32cubeide_1.15.1/plugins/com.st.stm32cube.ide.mcu.externaltools.gnu-tools-for-stm32.12.3.rel1.linux64_1.0.100.202403111256/tools/bin/../lib/gcc/arm-none-eabi/12.3.1/../../../../arm-none-eabi/lib/thumb/v6-m/nofp/libm.a(libm_a-s_rint.o)
                0x0800b0f4                rint
 *(.glue_7)
 .glue_7        0x0800b208        0x0 linker stubs
 *(.glue_7t)
 .glue_7t       0x0800b208        0x0 linker stubs
 *(.eh_frame)
 .eh_frame      0x0800b208        0x0 /opt/st/stm32cubeide_1.15.1/plugins/com.st.stm32cube.ide.mcu.externaltools.gnu-tools-for-stm32.12.3.rel1.linux64_1.0.100.202403111256/tools/bin/../lib/gcc/arm-none-eabi/12.3.1/thumb/v6-m/nofp/crtbegin.o
 *(.init)
 .init          0x0800b208        0x4 /opt/st/stm32cubeide_1.15.1/plugins/com.st.stm32cube.ide.mcu.externaltools.gnu-tools-for-stm32.12.3.rel1.linux64_1.0.100.202403111256/tools/bin/../lib/gcc/arm-none-eabi/12.3.1/thumb/v6-m/nofp/crti.o
                0x0800b208                _init
 .init          0x0800b20c        0x8 /opt/st/stm32cubeide_1.15.1/plugins/com.st.stm32cube.ide.mcu.externaltools.gnu-tools-for-stm32.12.3.rel1.linux64_1.0.100.202403111256/tools/bin/../lib/gcc/arm-none-eabi/12.3.1/thumb/v6-m/nofp/crtn.o
 *(.fini)
 .fini          0x0800b214        0x4 /opt/st/stm32cubeide_1.15.1/plugins/com.st.stm32cube.ide.mcu.externaltools.gnu-tools-for-stm32.12.3.rel1.linux64_1.0.100.202403111256/tools/bin/../lib/gcc/arm-none-eabi/12.3.1/thumb/v6-m/nofp/crti.o
                0x0800b214                _fini
 .fini          0x0800b218        0x8 /opt/st/stm32cubeide_1.15.1/plugins/com.st.stm32cube.ide.mcu.externaltools.gnu-tools-for-stm32.12.3.rel1.linux64_1.0.100.202403111256/tools/bin/../lib/gcc/arm-none-eabi/12.3.1/thumb/v6-m/nofp/crtn.o
                0x0800b220                        . = ALIGN (0x4)
                0x0800b220                        _etext = .

.vfp11_veneer   0x0800b220        0x0
 .vfp11_veneer  0x0800b220        0x0 linker stubs

.v4_bx          0x0800b220        0x0
 .v4_bx         0x0800b220        0x0 linker stubs

.iplt           0x0800b220        0x0
 .iplt          0x0800b220        0x0 /opt/st/stm32cubeide_1.15.1/plugins/com.st.stm32cube.ide.mcu.externaltools.gnu-tools-for-stm32.12.3.rel1.linux64_1.0.100.202403111256/tools/bin/../lib/gcc/arm-none-eabi/12.3.1/thumb/v6-m/nofp/crtbegin.o

.rodata         0x0800b220      0x780
                0x0800b220                        . = ALIGN (0x4)
 *(.rodata)
 .rodata        0x0800b220      0x12f ./Core/Src/main.o
 *fill*         0x0800b34f        0x1 
 .rodata        0x0800b350       0x3b ./Drivers/STM32U0xx_HAL_Driver/Src/stm32u0xx_hal_cortex.o
 *fill*         0x0800b38b        0x1 
 .rodata        0x0800b38c       0x39 ./Drivers/STM32U0xx_HAL_Driver/Src/stm32u0xx_hal_gpio.o
 *fill*         0x0800b3c5        0x3 
 .rodata        0x0800b3c8       0x3b ./Drivers/STM32U0xx_HAL_Driver/Src/stm32u0xx_hal_pwr_ex.o
 *fill*         0x0800b403        0x1 
 .rodata        0x0800b404       0x38 ./Drivers/STM32U0xx_HAL_Driver/Src/stm32u0xx_hal_rcc.o
 .rodata        0x0800b43c       0x3b ./Drivers/STM32U0xx_HAL_Driver/Src/stm32u0xx_hal_rcc_ex.o
 *fill*         0x0800b477        0x1 
 .rodata        0x0800b478       0x38 ./Drivers/STM32U0xx_HAL_Driver/Src/stm32u0xx_hal_spi.o
 .rodata        0x0800b4b0       0x39 ./Drivers/STM32U0xx_HAL_Driver/Src/stm32u0xx_hal_uart.o
 *fill*         0x0800b4e9        0x3 
 .rodata        0x0800b4ec       0x3c ./Drivers/STM32U0xx_HAL_Driver/Src/stm32u0xx_hal_uart_ex.o
 .rodata        0x0800b528      0x1b2 ./libraries/TraceLog/TraceLog.o
 *fill*         0x0800b6da        0x2 
 .rodata        0x0800b6dc       0x11 ./libraries/lora/sx126x/sx126x.o
 *fill*         0x0800b6ed        0x3 
 .rodata        0x0800b6f0       0x40 /opt/st/stm32cubeide_1.15.1/plugins/com.st.stm32cube.ide.mcu.externaltools.gnu-tools-for-stm32.12.3.rel1.linux64_1.0.100.202403111256/tools/bin/../lib/gcc/arm-none-eabi/12.3.1/thumb/v6-m/nofp/libgcc.a(divdf3.o)
 *(.rodata*)
 .rodata.AHBPrescTable
                0x0800b730       0x10 ./Core/Src/system_stm32u0xx.o
                0x0800b730                AHBPrescTable
 .rodata.APBPrescTable
                0x0800b740        0x8 ./Core/Src/system_stm32u0xx.o
                0x0800b740                APBPrescTable
 .rodata.MSIRangeTable
                0x0800b748       0x30 ./Core/Src/system_stm32u0xx.o
                0x0800b748                MSIRangeTable
 .rodata.HAL_RCCEx_GetPeriphCLKFreq
                0x0800b778       0x84 ./Drivers/STM32U0xx_HAL_Driver/Src/stm32u0xx_hal_rcc_ex.o
 .rodata.UARTPrescTable
                0x0800b7fc       0x18 ./Drivers/STM32U0xx_HAL_Driver/Src/stm32u0xx_hal_uart.o
                0x0800b7fc                UARTPrescTable
 .rodata.numerator.1
                0x0800b814        0x8 ./Drivers/STM32U0xx_HAL_Driver/Src/stm32u0xx_hal_uart_ex.o
 .rodata.denominator.0
                0x0800b81c        0x8 ./Drivers/STM32U0xx_HAL_Driver/Src/stm32u0xx_hal_uart_ex.o
 .rodata.Radio  0x0800b824       0x7c ./libraries/lora/radio/radio.o
                0x0800b824                Radio
 .rodata.FskBandwidths
                0x0800b8a0       0xb0 ./libraries/lora/radio/radio.o
                0x0800b8a0                FskBandwidths
 .rodata.Bandwidths
                0x0800b950        0xa ./libraries/lora/radio/radio.o
                0x0800b950                Bandwidths
 .rodata._svfprintf_r.str1.1
                0x0800b95a       0x11 /opt/st/stm32cubeide_1.15.1/plugins/com.st.stm32cube.ide.mcu.externaltools.gnu-tools-for-stm32.12.3.rel1.linux64_1.0.100.202403111256/tools/bin/../lib/gcc/arm-none-eabi/12.3.1/../../../../arm-none-eabi/lib/thumb/v6-m/nofp/libc_nano.a(libc_a-nano-svfprintf.o)
 .rodata._printf_i.str1.1
                0x0800b96b       0x22 /opt/st/stm32cubeide_1.15.1/plugins/com.st.stm32cube.ide.mcu.externaltools.gnu-tools-for-stm32.12.3.rel1.linux64_1.0.100.202403111256/tools/bin/../lib/gcc/arm-none-eabi/12.3.1/../../../../arm-none-eabi/lib/thumb/v6-m/nofp/libc_nano.a(libc_a-nano-vfprintf_i.o)
 *fill*         0x0800b98d        0x3 
 .rodata.TWO52  0x0800b990       0x10 /opt/st/stm32cubeide_1.15.1/plugins/com.st.stm32cube.ide.mcu.externaltools.gnu-tools-for-stm32.12.3.rel1.linux64_1.0.100.202403111256/tools/bin/../lib/gcc/arm-none-eabi/12.3.1/../../../../arm-none-eabi/lib/thumb/v6-m/nofp/libm.a(libm_a-s_rint.o)
                0x0800b9a0                        . = ALIGN (0x4)

.ARM.extab      0x0800b9a0        0x0
                0x0800b9a0                        . = ALIGN (0x4)
 *(.ARM.extab* .gnu.linkonce.armextab.*)
                0x0800b9a0                        . = ALIGN (0x4)

.ARM            0x0800b9a0        0x8
                0x0800b9a0                        . = ALIGN (0x4)
                0x0800b9a0                        __exidx_start = .
 *(.ARM.exidx*)
 .ARM.exidx     0x0800b9a0        0x8 /opt/st/stm32cubeide_1.15.1/plugins/com.st.stm32cube.ide.mcu.externaltools.gnu-tools-for-stm32.12.3.rel1.linux64_1.0.100.202403111256/tools/bin/../lib/gcc/arm-none-eabi/12.3.1/thumb/v6-m/nofp/libgcc.a(_udivmoddi4.o)
                0x0800b9a8                        __exidx_end = .
                0x0800b9a8                        . = ALIGN (0x4)

.preinit_array  0x0800b9a8        0x0
                0x0800b9a8                        . = ALIGN (0x4)
                0x0800b9a8                        PROVIDE (__preinit_array_start = .)
 *(.preinit_array*)
                0x0800b9a8                        PROVIDE (__preinit_array_end = .)
                0x0800b9a8                        . = ALIGN (0x4)

.init_array     0x0800b9a8        0x4
                0x0800b9a8                        . = ALIGN (0x4)
                0x0800b9a8                        PROVIDE (__init_array_start = .)
 *(SORT_BY_NAME(.init_array.*))
 *(.init_array*)
 .init_array    0x0800b9a8        0x4 /opt/st/stm32cubeide_1.15.1/plugins/com.st.stm32cube.ide.mcu.externaltools.gnu-tools-for-stm32.12.3.rel1.linux64_1.0.100.202403111256/tools/bin/../lib/gcc/arm-none-eabi/12.3.1/thumb/v6-m/nofp/crtbegin.o
                0x0800b9ac                        PROVIDE (__init_array_end = .)
                0x0800b9ac                        . = ALIGN (0x4)

.fini_array     0x0800b9ac        0x4
                0x0800b9ac                        . = ALIGN (0x4)
                [!provide]                        PROVIDE (__fini_array_start = .)
 *(SORT_BY_NAME(.fini_array.*))
 *(.fini_array*)
 .fini_array    0x0800b9ac        0x4 /opt/st/stm32cubeide_1.15.1/plugins/com.st.stm32cube.ide.mcu.externaltools.gnu-tools-for-stm32.12.3.rel1.linux64_1.0.100.202403111256/tools/bin/../lib/gcc/arm-none-eabi/12.3.1/thumb/v6-m/nofp/crtbegin.o
                [!provide]                        PROVIDE (__fini_array_end = .)
                0x0800b9b0                        . = ALIGN (0x4)
                0x0800b9b0                        _sidata = LOADADDR (.data)

.rel.dyn        0x0800b9b0        0x0
 .rel.iplt      0x0800b9b0        0x0 /opt/st/stm32cubeide_1.15.1/plugins/com.st.stm32cube.ide.mcu.externaltools.gnu-tools-for-stm32.12.3.rel1.linux64_1.0.100.202403111256/tools/bin/../lib/gcc/arm-none-eabi/12.3.1/thumb/v6-m/nofp/crtbegin.o

.data           0x20000000      0x1ac load address 0x0800b9b0
                0x20000000                        . = ALIGN (0x4)
                0x20000000                        _sdata = .
 *(.data)
 *(.data*)
 .data.TAG      0x20000000        0x4 ./Core/Src/main.o
 .data.txpkt    0x20000004        0xd ./Core/Src/main.o
                0x20000004                txpkt
 *fill*         0x20000011        0x3 
 .data.SystemCoreClock
                0x20000014        0x4 ./Core/Src/system_stm32u0xx.o
                0x20000014                SystemCoreClock
 .data.uwTickPrio
                0x20000018        0x4 ./Drivers/STM32U0xx_HAL_Driver/Src/stm32u0xx_hal.o
                0x20000018                uwTickPrio
 .data.uwTickFreq
                0x2000001c        0x4 ./Drivers/STM32U0xx_HAL_Driver/Src/stm32u0xx_hal.o
                0x2000001c                uwTickFreq
 .data.logi     0x20000020        0x1 ./libraries/TraceLog/TraceLog.o
 .data.logw     0x20000021        0x1 ./libraries/TraceLog/TraceLog.o
 .data.loge     0x20000022        0x1 ./libraries/TraceLog/TraceLog.o
 .data.logv     0x20000023        0x1 ./libraries/TraceLog/TraceLog.o
 .data.log_level_str
                0x20000024       0x1c ./libraries/TraceLog/TraceLog.o
 .data.COLOR_END
                0x20000040        0x4 ./libraries/TraceLog/TraceLog.o
 .data.LOG_COLOR
                0x20000044       0x80 ./libraries/TraceLog/TraceLog.o
 *fill*         0x200000c4        0x4 
 .data.RadioLoRaSymbTime
                0x200000c8       0x90 ./libraries/lora/radio/radio.o
 .data.MaxPayloadLength
                0x20000158        0x1 ./libraries/lora/radio/radio.o
                0x20000158                MaxPayloadLength
 *fill*         0x20000159        0x3 
 .data._impure_ptr
                0x2000015c        0x4 /opt/st/stm32cubeide_1.15.1/plugins/com.st.stm32cube.ide.mcu.externaltools.gnu-tools-for-stm32.12.3.rel1.linux64_1.0.100.202403111256/tools/bin/../lib/gcc/arm-none-eabi/12.3.1/../../../../arm-none-eabi/lib/thumb/v6-m/nofp/libc_nano.a(libc_a-impure.o)
                0x2000015c                _impure_ptr
 .data._impure_data
                0x20000160       0x4c /opt/st/stm32cubeide_1.15.1/plugins/com.st.stm32cube.ide.mcu.externaltools.gnu-tools-for-stm32.12.3.rel1.linux64_1.0.100.202403111256/tools/bin/../lib/gcc/arm-none-eabi/12.3.1/../../../../arm-none-eabi/lib/thumb/v6-m/nofp/libc_nano.a(libc_a-impure.o)
                0x20000160                _impure_data
 *(.RamFunc)
 *(.RamFunc*)
                0x200001ac                        . = ALIGN (0x4)
                0x200001ac                        _edata = .

.igot.plt       0x200001ac        0x0 load address 0x0800bb5c
 .igot.plt      0x200001ac        0x0 /opt/st/stm32cubeide_1.15.1/plugins/com.st.stm32cube.ide.mcu.externaltools.gnu-tools-for-stm32.12.3.rel1.linux64_1.0.100.202403111256/tools/bin/../lib/gcc/arm-none-eabi/12.3.1/thumb/v6-m/nofp/crtbegin.o
                0x200001ac                        . = ALIGN (0x4)

.bss            0x200001ac      0x470 load address 0x0800bb5c
                0x200001ac                        _sbss = .
                0x200001ac                        __bss_start__ = _sbss
 *(.bss)
 .bss           0x200001ac       0x1c /opt/st/stm32cubeide_1.15.1/plugins/com.st.stm32cube.ide.mcu.externaltools.gnu-tools-for-stm32.12.3.rel1.linux64_1.0.100.202403111256/tools/bin/../lib/gcc/arm-none-eabi/12.3.1/thumb/v6-m/nofp/crtbegin.o
 *(.bss*)
 .bss.RadioEvents
                0x200001c8       0x20 ./Core/Src/main.o
 .bss.btn_press
                0x200001e8        0x1 ./Core/Src/main.o
                0x200001e8                btn_press
 .bss.btn_acction
                0x200001e9        0x1 ./Core/Src/main.o
                0x200001e9                btn_acction
 *fill*         0x200001ea        0x2 
 .bss.rxpkt     0x200001ec       0x52 ./Core/Src/main.o
                0x200001ec                rxpkt
 *fill*         0x2000023e        0x2 
 .bss.ack_timeout
                0x20000240        0x4 ./Core/Src/main.o
                0x20000240                ack_timeout
 .bss.hspi1     0x20000244       0x64 ./Core/Src/spi.o
                0x20000244                hspi1
 .bss.__sbrk_heap_end
                0x200002a8        0x4 ./Core/Src/sysmem.o
 .bss.huart1    0x200002ac       0x94 ./Core/Src/usart.o
                0x200002ac                huart1
 .bss.uwTick    0x20000340        0x4 ./Drivers/STM32U0xx_HAL_Driver/Src/stm32u0xx_hal.o
                0x20000340                uwTick
 .bss.plog      0x20000344        0x4 ./libraries/TraceLog/TraceLog.o
 .bss.TxTimeout
                0x20000348        0x4 ./libraries/lora/radio/radio.o
                0x20000348                TxTimeout
 .bss.RxTimeout
                0x2000034c        0x4 ./libraries/lora/radio/radio.o
                0x2000034c                RxTimeout
 .bss.RxContinuous
                0x20000350        0x1 ./libraries/lora/radio/radio.o
                0x20000350                RxContinuous
 *fill*         0x20000351        0x3 
 .bss.RadioPktStatus
                0x20000354       0x14 ./libraries/lora/radio/radio.o
                0x20000354                RadioPktStatus
 .bss.RadioRxPayload
                0x20000368       0xff ./libraries/lora/radio/radio.o
                0x20000368                RadioRxPayload
 .bss.IrqFired  0x20000467        0x1 ./libraries/lora/radio/radio.o
                0x20000467                IrqFired
 .bss.TimerRxTimeout
                0x20000468        0x1 ./libraries/lora/radio/radio.o
                0x20000468                TimerRxTimeout
 .bss.TimerTxTimeout
                0x20000469        0x1 ./libraries/lora/radio/radio.o
                0x20000469                TimerTxTimeout
 .bss._modem    0x2000046a        0x1 ./libraries/lora/radio/radio.o
                0x2000046a                _modem
 *fill*         0x2000046b        0x1 
 .bss.RadioPublicNetwork
                0x2000046c        0x2 ./libraries/lora/radio/radio.o
 *fill*         0x2000046e        0x2 
 .bss.RadioEvents
                0x20000470        0x4 ./libraries/lora/radio/radio.o
 .bss.SX126x    0x20000474       0x54 ./libraries/lora/radio/radio.o
                0x20000474                SX126x
 .bss.OperatingMode
                0x200004c8        0x1 ./libraries/lora/sx126x/sx126x.o
 .bss.PacketType
                0x200004c9        0x1 ./libraries/lora/sx126x/sx126x.o
 *fill*         0x200004ca        0x2 
 .bss.FrequencyError
                0x200004cc        0x4 ./libraries/lora/sx126x/sx126x.o
                0x200004cc                FrequencyError
 .bss.ImageCalibrated
                0x200004d0        0x1 ./libraries/lora/sx126x/sx126x.o
 .bss.dio3IsOutput
                0x200004d1        0x1 ./libraries/lora/sx126x/sx126x_bsp.o
                0x200004d1                dio3IsOutput
 *fill*         0x200004d2        0x2 
 .bss.__malloc_sbrk_start
                0x200004d4        0x4 /opt/st/stm32cubeide_1.15.1/plugins/com.st.stm32cube.ide.mcu.externaltools.gnu-tools-for-stm32.12.3.rel1.linux64_1.0.100.202403111256/tools/bin/../lib/gcc/arm-none-eabi/12.3.1/../../../../arm-none-eabi/lib/thumb/v6-m/nofp/libc_nano.a(libc_a-mallocr.o)
                0x200004d4                __malloc_sbrk_start
 .bss.__malloc_free_list
                0x200004d8        0x4 /opt/st/stm32cubeide_1.15.1/plugins/com.st.stm32cube.ide.mcu.externaltools.gnu-tools-for-stm32.12.3.rel1.linux64_1.0.100.202403111256/tools/bin/../lib/gcc/arm-none-eabi/12.3.1/../../../../arm-none-eabi/lib/thumb/v6-m/nofp/libc_nano.a(libc_a-mallocr.o)
                0x200004d8                __malloc_free_list
 .bss.__sf      0x200004dc      0x138 /opt/st/stm32cubeide_1.15.1/plugins/com.st.stm32cube.ide.mcu.externaltools.gnu-tools-for-stm32.12.3.rel1.linux64_1.0.100.202403111256/tools/bin/../lib/gcc/arm-none-eabi/12.3.1/../../../../arm-none-eabi/lib/thumb/v6-m/nofp/libc_nano.a(libc_a-findfp.o)
                0x200004dc                __sf
 .bss.errno     0x20000614        0x4 /opt/st/stm32cubeide_1.15.1/plugins/com.st.stm32cube.ide.mcu.externaltools.gnu-tools-for-stm32.12.3.rel1.linux64_1.0.100.202403111256/tools/bin/../lib/gcc/arm-none-eabi/12.3.1/../../../../arm-none-eabi/lib/thumb/v6-m/nofp/libc_nano.a(libc_a-reent.o)
                0x20000614                errno
 .bss.__lock___malloc_recursive_mutex
                0x20000618        0x1 /opt/st/stm32cubeide_1.15.1/plugins/com.st.stm32cube.ide.mcu.externaltools.gnu-tools-for-stm32.12.3.rel1.linux64_1.0.100.202403111256/tools/bin/../lib/gcc/arm-none-eabi/12.3.1/../../../../arm-none-eabi/lib/thumb/v6-m/nofp/libc_nano.a(libc_a-lock.o)
                0x20000618                __lock___malloc_recursive_mutex
 *(COMMON)
                0x2000061c                        . = ALIGN (0x4)
 *fill*         0x20000619        0x3 
                0x2000061c                        _ebss = .
                0x2000061c                        __bss_end__ = _ebss

._user_heap_stack
                0x2000061c      0x604 load address 0x0800bb5c
                0x20000620                        . = ALIGN (0x8)
 *fill*         0x2000061c        0x4 
                [!provide]                        PROVIDE (end = .)
                0x20000620                        PROVIDE (_end = .)
                0x20000820                        . = (. + _Min_Heap_Size)
 *fill*         0x20000620      0x200 
                0x20000c20                        . = (. + _Min_Stack_Size)
 *fill*         0x20000820      0x400 
                0x20000c20                        . = ALIGN (0x8)

/DISCARD/
 libc.a(*)
 libm.a(*)
 libgcc.a(*)

.ARM.attributes
                0x00000000       0x28
 *(.ARM.attributes)
 .ARM.attributes
                0x00000000       0x1e /opt/st/stm32cubeide_1.15.1/plugins/com.st.stm32cube.ide.mcu.externaltools.gnu-tools-for-stm32.12.3.rel1.linux64_1.0.100.202403111256/tools/bin/../lib/gcc/arm-none-eabi/12.3.1/thumb/v6-m/nofp/crti.o
 .ARM.attributes
                0x0000001e       0x2c /opt/st/stm32cubeide_1.15.1/plugins/com.st.stm32cube.ide.mcu.externaltools.gnu-tools-for-stm32.12.3.rel1.linux64_1.0.100.202403111256/tools/bin/../lib/gcc/arm-none-eabi/12.3.1/thumb/v6-m/nofp/crtbegin.o
 .ARM.attributes
                0x0000004a       0x2c ./Core/Src/gpio.o
 .ARM.attributes
                0x00000076       0x2c ./Core/Src/main.o
 .ARM.attributes
                0x000000a2       0x2c ./Core/Src/spi.o
 .ARM.attributes
                0x000000ce       0x2c ./Core/Src/stm32u0xx_hal_msp.o
 .ARM.attributes
                0x000000fa       0x2c ./Core/Src/stm32u0xx_it.o
 .ARM.attributes
                0x00000126       0x2c ./Core/Src/sysmem.o
 .ARM.attributes
                0x00000152       0x2c ./Core/Src/system_stm32u0xx.o
 .ARM.attributes
                0x0000017e       0x2c ./Core/Src/usart.o
 .ARM.attributes
                0x000001aa       0x22 ./Core/Startup/startup_stm32u031c8tx.o
 .ARM.attributes
                0x000001cc       0x2c ./Drivers/STM32U0xx_HAL_Driver/Src/stm32u0xx_hal.o
 .ARM.attributes
                0x000001f8       0x2c ./Drivers/STM32U0xx_HAL_Driver/Src/stm32u0xx_hal_cortex.o
 .ARM.attributes
                0x00000224       0x2c ./Drivers/STM32U0xx_HAL_Driver/Src/stm32u0xx_hal_gpio.o
 .ARM.attributes
                0x00000250       0x2c ./Drivers/STM32U0xx_HAL_Driver/Src/stm32u0xx_hal_pwr_ex.o
 .ARM.attributes
                0x0000027c       0x2c ./Drivers/STM32U0xx_HAL_Driver/Src/stm32u0xx_hal_rcc.o
 .ARM.attributes
                0x000002a8       0x2c ./Drivers/STM32U0xx_HAL_Driver/Src/stm32u0xx_hal_rcc_ex.o
 .ARM.attributes
                0x000002d4       0x2c ./Drivers/STM32U0xx_HAL_Driver/Src/stm32u0xx_hal_spi.o
 .ARM.attributes
                0x00000300       0x2c ./Drivers/STM32U0xx_HAL_Driver/Src/stm32u0xx_hal_uart.o
 .ARM.attributes
                0x0000032c       0x2c ./Drivers/STM32U0xx_HAL_Driver/Src/stm32u0xx_hal_uart_ex.o
 .ARM.attributes
                0x00000358       0x2c ./libraries/TraceLog/TraceLog.o
 .ARM.attributes
                0x00000384       0x2c ./libraries/lora/radio/radio.o
 .ARM.attributes
                0x000003b0       0x2c ./libraries/lora/sx126x/sx126x.o
 .ARM.attributes
                0x000003dc       0x2c ./libraries/lora/sx126x/sx126x_bsp.o
 .ARM.attributes
                0x00000408       0x2c /opt/st/stm32cubeide_1.15.1/plugins/com.st.stm32cube.ide.mcu.externaltools.gnu-tools-for-stm32.12.3.rel1.linux64_1.0.100.202403111256/tools/bin/../lib/gcc/arm-none-eabi/12.3.1/../../../../arm-none-eabi/lib/thumb/v6-m/nofp/libc_nano.a(libc_a-malloc.o)
 .ARM.attributes
                0x00000434       0x2c /opt/st/stm32cubeide_1.15.1/plugins/com.st.stm32cube.ide.mcu.externaltools.gnu-tools-for-stm32.12.3.rel1.linux64_1.0.100.202403111256/tools/bin/../lib/gcc/arm-none-eabi/12.3.1/../../../../arm-none-eabi/lib/thumb/v6-m/nofp/libc_nano.a(libc_a-mallocr.o)
 .ARM.attributes
                0x00000460       0x2c /opt/st/stm32cubeide_1.15.1/plugins/com.st.stm32cube.ide.mcu.externaltools.gnu-tools-for-stm32.12.3.rel1.linux64_1.0.100.202403111256/tools/bin/../lib/gcc/arm-none-eabi/12.3.1/../../../../arm-none-eabi/lib/thumb/v6-m/nofp/libc_nano.a(libc_a-mlock.o)
 .ARM.attributes
                0x0000048c       0x2c /opt/st/stm32cubeide_1.15.1/plugins/com.st.stm32cube.ide.mcu.externaltools.gnu-tools-for-stm32.12.3.rel1.linux64_1.0.100.202403111256/tools/bin/../lib/gcc/arm-none-eabi/12.3.1/../../../../arm-none-eabi/lib/thumb/v6-m/nofp/libc_nano.a(libc_a-findfp.o)
 .ARM.attributes
                0x000004b8       0x2c /opt/st/stm32cubeide_1.15.1/plugins/com.st.stm32cube.ide.mcu.externaltools.gnu-tools-for-stm32.12.3.rel1.linux64_1.0.100.202403111256/tools/bin/../lib/gcc/arm-none-eabi/12.3.1/../../../../arm-none-eabi/lib/thumb/v6-m/nofp/libc_nano.a(libc_a-asprintf.o)
 .ARM.attributes
                0x000004e4       0x2c /opt/st/stm32cubeide_1.15.1/plugins/com.st.stm32cube.ide.mcu.externaltools.gnu-tools-for-stm32.12.3.rel1.linux64_1.0.100.202403111256/tools/bin/../lib/gcc/arm-none-eabi/12.3.1/../../../../arm-none-eabi/lib/thumb/v6-m/nofp/libc_nano.a(libc_a-vasprintf.o)
 .ARM.attributes
                0x00000510       0x2c /opt/st/stm32cubeide_1.15.1/plugins/com.st.stm32cube.ide.mcu.externaltools.gnu-tools-for-stm32.12.3.rel1.linux64_1.0.100.202403111256/tools/bin/../lib/gcc/arm-none-eabi/12.3.1/../../../../arm-none-eabi/lib/thumb/v6-m/nofp/libc_nano.a(libc_a-memset.o)
 .ARM.attributes
                0x0000053c       0x2c /opt/st/stm32cubeide_1.15.1/plugins/com.st.stm32cube.ide.mcu.externaltools.gnu-tools-for-stm32.12.3.rel1.linux64_1.0.100.202403111256/tools/bin/../lib/gcc/arm-none-eabi/12.3.1/../../../../arm-none-eabi/lib/thumb/v6-m/nofp/libc_nano.a(libc_a-reent.o)
 .ARM.attributes
                0x00000568       0x2c /opt/st/stm32cubeide_1.15.1/plugins/com.st.stm32cube.ide.mcu.externaltools.gnu-tools-for-stm32.12.3.rel1.linux64_1.0.100.202403111256/tools/bin/../lib/gcc/arm-none-eabi/12.3.1/../../../../arm-none-eabi/lib/thumb/v6-m/nofp/libc_nano.a(libc_a-impure.o)
 .ARM.attributes
                0x00000594       0x2c /opt/st/stm32cubeide_1.15.1/plugins/com.st.stm32cube.ide.mcu.externaltools.gnu-tools-for-stm32.12.3.rel1.linux64_1.0.100.202403111256/tools/bin/../lib/gcc/arm-none-eabi/12.3.1/../../../../arm-none-eabi/lib/thumb/v6-m/nofp/libc_nano.a(libc_a-sbrkr.o)
 .ARM.attributes
                0x000005c0       0x2c /opt/st/stm32cubeide_1.15.1/plugins/com.st.stm32cube.ide.mcu.externaltools.gnu-tools-for-stm32.12.3.rel1.linux64_1.0.100.202403111256/tools/bin/../lib/gcc/arm-none-eabi/12.3.1/../../../../arm-none-eabi/lib/thumb/v6-m/nofp/libc_nano.a(libc_a-errno.o)
 .ARM.attributes
                0x000005ec       0x2c /opt/st/stm32cubeide_1.15.1/plugins/com.st.stm32cube.ide.mcu.externaltools.gnu-tools-for-stm32.12.3.rel1.linux64_1.0.100.202403111256/tools/bin/../lib/gcc/arm-none-eabi/12.3.1/../../../../arm-none-eabi/lib/thumb/v6-m/nofp/libc_nano.a(libc_a-init.o)
 .ARM.attributes
                0x00000618       0x2c /opt/st/stm32cubeide_1.15.1/plugins/com.st.stm32cube.ide.mcu.externaltools.gnu-tools-for-stm32.12.3.rel1.linux64_1.0.100.202403111256/tools/bin/../lib/gcc/arm-none-eabi/12.3.1/../../../../arm-none-eabi/lib/thumb/v6-m/nofp/libc_nano.a(libc_a-lock.o)
 .ARM.attributes
                0x00000644       0x2c /opt/st/stm32cubeide_1.15.1/plugins/com.st.stm32cube.ide.mcu.externaltools.gnu-tools-for-stm32.12.3.rel1.linux64_1.0.100.202403111256/tools/bin/../lib/gcc/arm-none-eabi/12.3.1/../../../../arm-none-eabi/lib/thumb/v6-m/nofp/libc_nano.a(libc_a-memcpy-stub.o)
 .ARM.attributes
                0x00000670       0x1c /opt/st/stm32cubeide_1.15.1/plugins/com.st.stm32cube.ide.mcu.externaltools.gnu-tools-for-stm32.12.3.rel1.linux64_1.0.100.202403111256/tools/bin/../lib/gcc/arm-none-eabi/12.3.1/../../../../arm-none-eabi/lib/thumb/v6-m/nofp/libc_nano.a(libc_a-strlen.o)
 .ARM.attributes
                0x0000068c       0x2c /opt/st/stm32cubeide_1.15.1/plugins/com.st.stm32cube.ide.mcu.externaltools.gnu-tools-for-stm32.12.3.rel1.linux64_1.0.100.202403111256/tools/bin/../lib/gcc/arm-none-eabi/12.3.1/../../../../arm-none-eabi/lib/thumb/v6-m/nofp/libc_nano.a(libc_a-freer.o)
 .ARM.attributes
                0x000006b8       0x2c /opt/st/stm32cubeide_1.15.1/plugins/com.st.stm32cube.ide.mcu.externaltools.gnu-tools-for-stm32.12.3.rel1.linux64_1.0.100.202403111256/tools/bin/../lib/gcc/arm-none-eabi/12.3.1/../../../../arm-none-eabi/lib/thumb/v6-m/nofp/libc_nano.a(libc_a-nano-svfprintf.o)
 .ARM.attributes
                0x000006e4       0x2c /opt/st/stm32cubeide_1.15.1/plugins/com.st.stm32cube.ide.mcu.externaltools.gnu-tools-for-stm32.12.3.rel1.linux64_1.0.100.202403111256/tools/bin/../lib/gcc/arm-none-eabi/12.3.1/../../../../arm-none-eabi/lib/thumb/v6-m/nofp/libc_nano.a(libc_a-nano-vfprintf_i.o)
 .ARM.attributes
                0x00000710       0x2c /opt/st/stm32cubeide_1.15.1/plugins/com.st.stm32cube.ide.mcu.externaltools.gnu-tools-for-stm32.12.3.rel1.linux64_1.0.100.202403111256/tools/bin/../lib/gcc/arm-none-eabi/12.3.1/../../../../arm-none-eabi/lib/thumb/v6-m/nofp/libc_nano.a(libc_a-memmove.o)
 .ARM.attributes
                0x0000073c       0x2c /opt/st/stm32cubeide_1.15.1/plugins/com.st.stm32cube.ide.mcu.externaltools.gnu-tools-for-stm32.12.3.rel1.linux64_1.0.100.202403111256/tools/bin/../lib/gcc/arm-none-eabi/12.3.1/../../../../arm-none-eabi/lib/thumb/v6-m/nofp/libc_nano.a(libc_a-memchr-stub.o)
 .ARM.attributes
                0x00000768       0x2c /opt/st/stm32cubeide_1.15.1/plugins/com.st.stm32cube.ide.mcu.externaltools.gnu-tools-for-stm32.12.3.rel1.linux64_1.0.100.202403111256/tools/bin/../lib/gcc/arm-none-eabi/12.3.1/../../../../arm-none-eabi/lib/thumb/v6-m/nofp/libc_nano.a(libc_a-reallocr.o)
 .ARM.attributes
                0x00000794       0x2c /opt/st/stm32cubeide_1.15.1/plugins/com.st.stm32cube.ide.mcu.externaltools.gnu-tools-for-stm32.12.3.rel1.linux64_1.0.100.202403111256/tools/bin/../lib/gcc/arm-none-eabi/12.3.1/../../../../arm-none-eabi/lib/thumb/v6-m/nofp/libc_nano.a(libc_a-msizer.o)
 .ARM.attributes
                0x000007c0       0x2c /opt/st/stm32cubeide_1.15.1/plugins/com.st.stm32cube.ide.mcu.externaltools.gnu-tools-for-stm32.12.3.rel1.linux64_1.0.100.202403111256/tools/bin/../lib/gcc/arm-none-eabi/12.3.1/../../../../arm-none-eabi/lib/thumb/v6-m/nofp/libm.a(libm_a-s_ceil.o)
 .ARM.attributes
                0x000007ec       0x2c /opt/st/stm32cubeide_1.15.1/plugins/com.st.stm32cube.ide.mcu.externaltools.gnu-tools-for-stm32.12.3.rel1.linux64_1.0.100.202403111256/tools/bin/../lib/gcc/arm-none-eabi/12.3.1/../../../../arm-none-eabi/lib/thumb/v6-m/nofp/libm.a(libm_a-s_floor.o)
 .ARM.attributes
                0x00000818       0x2c /opt/st/stm32cubeide_1.15.1/plugins/com.st.stm32cube.ide.mcu.externaltools.gnu-tools-for-stm32.12.3.rel1.linux64_1.0.100.202403111256/tools/bin/../lib/gcc/arm-none-eabi/12.3.1/../../../../arm-none-eabi/lib/thumb/v6-m/nofp/libm.a(libm_a-s_rint.o)
 .ARM.attributes
                0x00000844       0x1e /opt/st/stm32cubeide_1.15.1/plugins/com.st.stm32cube.ide.mcu.externaltools.gnu-tools-for-stm32.12.3.rel1.linux64_1.0.100.202403111256/tools/bin/../lib/gcc/arm-none-eabi/12.3.1/thumb/v6-m/nofp/libgcc.a(_thumb1_case_shi.o)
 .ARM.attributes
                0x00000862       0x1e /opt/st/stm32cubeide_1.15.1/plugins/com.st.stm32cube.ide.mcu.externaltools.gnu-tools-for-stm32.12.3.rel1.linux64_1.0.100.202403111256/tools/bin/../lib/gcc/arm-none-eabi/12.3.1/thumb/v6-m/nofp/libgcc.a(_udivsi3.o)
 .ARM.attributes
                0x00000880       0x1e /opt/st/stm32cubeide_1.15.1/plugins/com.st.stm32cube.ide.mcu.externaltools.gnu-tools-for-stm32.12.3.rel1.linux64_1.0.100.202403111256/tools/bin/../lib/gcc/arm-none-eabi/12.3.1/thumb/v6-m/nofp/libgcc.a(_divsi3.o)
 .ARM.attributes
                0x0000089e       0x1e /opt/st/stm32cubeide_1.15.1/plugins/com.st.stm32cube.ide.mcu.externaltools.gnu-tools-for-stm32.12.3.rel1.linux64_1.0.100.202403111256/tools/bin/../lib/gcc/arm-none-eabi/12.3.1/thumb/v6-m/nofp/libgcc.a(_dvmd_tls.o)
 .ARM.attributes
                0x000008bc       0x1e /opt/st/stm32cubeide_1.15.1/plugins/com.st.stm32cube.ide.mcu.externaltools.gnu-tools-for-stm32.12.3.rel1.linux64_1.0.100.202403111256/tools/bin/../lib/gcc/arm-none-eabi/12.3.1/thumb/v6-m/nofp/libgcc.a(_arm_cmpdf2.o)
 .ARM.attributes
                0x000008da       0x1e /opt/st/stm32cubeide_1.15.1/plugins/com.st.stm32cube.ide.mcu.externaltools.gnu-tools-for-stm32.12.3.rel1.linux64_1.0.100.202403111256/tools/bin/../lib/gcc/arm-none-eabi/12.3.1/thumb/v6-m/nofp/libgcc.a(_aeabi_uldivmod.o)
 .ARM.attributes
                0x000008f8       0x2c /opt/st/stm32cubeide_1.15.1/plugins/com.st.stm32cube.ide.mcu.externaltools.gnu-tools-for-stm32.12.3.rel1.linux64_1.0.100.202403111256/tools/bin/../lib/gcc/arm-none-eabi/12.3.1/thumb/v6-m/nofp/libgcc.a(_fixunsdfsi.o)
 .ARM.attributes
                0x00000924       0x2c /opt/st/stm32cubeide_1.15.1/plugins/com.st.stm32cube.ide.mcu.externaltools.gnu-tools-for-stm32.12.3.rel1.linux64_1.0.100.202403111256/tools/bin/../lib/gcc/arm-none-eabi/12.3.1/thumb/v6-m/nofp/libgcc.a(_udivmoddi4.o)
 .ARM.attributes
                0x00000950       0x2c /opt/st/stm32cubeide_1.15.1/plugins/com.st.stm32cube.ide.mcu.externaltools.gnu-tools-for-stm32.12.3.rel1.linux64_1.0.100.202403111256/tools/bin/../lib/gcc/arm-none-eabi/12.3.1/thumb/v6-m/nofp/libgcc.a(adddf3.o)
 .ARM.attributes
                0x0000097c       0x2c /opt/st/stm32cubeide_1.15.1/plugins/com.st.stm32cube.ide.mcu.externaltools.gnu-tools-for-stm32.12.3.rel1.linux64_1.0.100.202403111256/tools/bin/../lib/gcc/arm-none-eabi/12.3.1/thumb/v6-m/nofp/libgcc.a(divdf3.o)
 .ARM.attributes
                0x000009a8       0x2c /opt/st/stm32cubeide_1.15.1/plugins/com.st.stm32cube.ide.mcu.externaltools.gnu-tools-for-stm32.12.3.rel1.linux64_1.0.100.202403111256/tools/bin/../lib/gcc/arm-none-eabi/12.3.1/thumb/v6-m/nofp/libgcc.a(eqdf2.o)
 .ARM.attributes
                0x000009d4       0x2c /opt/st/stm32cubeide_1.15.1/plugins/com.st.stm32cube.ide.mcu.externaltools.gnu-tools-for-stm32.12.3.rel1.linux64_1.0.100.202403111256/tools/bin/../lib/gcc/arm-none-eabi/12.3.1/thumb/v6-m/nofp/libgcc.a(gedf2.o)
 .ARM.attributes
                0x00000a00       0x2c /opt/st/stm32cubeide_1.15.1/plugins/com.st.stm32cube.ide.mcu.externaltools.gnu-tools-for-stm32.12.3.rel1.linux64_1.0.100.202403111256/tools/bin/../lib/gcc/arm-none-eabi/12.3.1/thumb/v6-m/nofp/libgcc.a(ledf2.o)
 .ARM.attributes
                0x00000a2c       0x2c /opt/st/stm32cubeide_1.15.1/plugins/com.st.stm32cube.ide.mcu.externaltools.gnu-tools-for-stm32.12.3.rel1.linux64_1.0.100.202403111256/tools/bin/../lib/gcc/arm-none-eabi/12.3.1/thumb/v6-m/nofp/libgcc.a(muldf3.o)
 .ARM.attributes
                0x00000a58       0x2c /opt/st/stm32cubeide_1.15.1/plugins/com.st.stm32cube.ide.mcu.externaltools.gnu-tools-for-stm32.12.3.rel1.linux64_1.0.100.202403111256/tools/bin/../lib/gcc/arm-none-eabi/12.3.1/thumb/v6-m/nofp/libgcc.a(subdf3.o)
 .ARM.attributes
                0x00000a84       0x2c /opt/st/stm32cubeide_1.15.1/plugins/com.st.stm32cube.ide.mcu.externaltools.gnu-tools-for-stm32.12.3.rel1.linux64_1.0.100.202403111256/tools/bin/../lib/gcc/arm-none-eabi/12.3.1/thumb/v6-m/nofp/libgcc.a(fixdfsi.o)
 .ARM.attributes
                0x00000ab0       0x2c /opt/st/stm32cubeide_1.15.1/plugins/com.st.stm32cube.ide.mcu.externaltools.gnu-tools-for-stm32.12.3.rel1.linux64_1.0.100.202403111256/tools/bin/../lib/gcc/arm-none-eabi/12.3.1/thumb/v6-m/nofp/libgcc.a(floatsidf.o)
 .ARM.attributes
                0x00000adc       0x2c /opt/st/stm32cubeide_1.15.1/plugins/com.st.stm32cube.ide.mcu.externaltools.gnu-tools-for-stm32.12.3.rel1.linux64_1.0.100.202403111256/tools/bin/../lib/gcc/arm-none-eabi/12.3.1/thumb/v6-m/nofp/libgcc.a(floatunsidf.o)
 .ARM.attributes
                0x00000b08       0x1e /opt/st/stm32cubeide_1.15.1/plugins/com.st.stm32cube.ide.mcu.externaltools.gnu-tools-for-stm32.12.3.rel1.linux64_1.0.100.202403111256/tools/bin/../lib/gcc/arm-none-eabi/12.3.1/thumb/v6-m/nofp/libgcc.a(_clzsi2.o)
 .ARM.attributes
                0x00000b26       0x1e /opt/st/stm32cubeide_1.15.1/plugins/com.st.stm32cube.ide.mcu.externaltools.gnu-tools-for-stm32.12.3.rel1.linux64_1.0.100.202403111256/tools/bin/../lib/gcc/arm-none-eabi/12.3.1/thumb/v6-m/nofp/libgcc.a(_clzdi2.o)
 .ARM.attributes
                0x00000b44       0x1e /opt/st/stm32cubeide_1.15.1/plugins/com.st.stm32cube.ide.mcu.externaltools.gnu-tools-for-stm32.12.3.rel1.linux64_1.0.100.202403111256/tools/bin/../lib/gcc/arm-none-eabi/12.3.1/thumb/v6-m/nofp/crtn.o
OUTPUT(Demo_Gateway.elf elf32-littlearm)
LOAD linker stubs
LOAD /opt/st/stm32cubeide_1.15.1/plugins/com.st.stm32cube.ide.mcu.externaltools.gnu-tools-for-stm32.12.3.rel1.linux64_1.0.100.202403111256/tools/bin/../lib/gcc/arm-none-eabi/12.3.1/../../../../arm-none-eabi/lib/thumb/v6-m/nofp/libc.a
LOAD /opt/st/stm32cubeide_1.15.1/plugins/com.st.stm32cube.ide.mcu.externaltools.gnu-tools-for-stm32.12.3.rel1.linux64_1.0.100.202403111256/tools/bin/../lib/gcc/arm-none-eabi/12.3.1/../../../../arm-none-eabi/lib/thumb/v6-m/nofp/libm.a
LOAD /opt/st/stm32cubeide_1.15.1/plugins/com.st.stm32cube.ide.mcu.externaltools.gnu-tools-for-stm32.12.3.rel1.linux64_1.0.100.202403111256/tools/bin/../lib/gcc/arm-none-eabi/12.3.1/thumb/v6-m/nofp/libgcc.a

.debug_info     0x00000000    0x12e7b
 .debug_info    0x00000000      0x5ba ./Core/Src/gpio.o
 .debug_info    0x000005ba     0x14fe ./Core/Src/main.o
 .debug_info    0x00001ab8      0xaa6 ./Core/Src/spi.o
 .debug_info    0x0000255e      0x2ed ./Core/Src/stm32u0xx_hal_msp.o
 .debug_info    0x0000284b      0x160 ./Core/Src/stm32u0xx_it.o
 .debug_info    0x000029ab      0x168 ./Core/Src/sysmem.o
 .debug_info    0x00002b13      0x64d ./Core/Src/system_stm32u0xx.o
 .debug_info    0x00003160      0xceb ./Core/Src/usart.o
 .debug_info    0x00003e4b       0x30 ./Core/Startup/startup_stm32u031c8tx.o
 .debug_info    0x00003e7b      0x997 ./Drivers/STM32U0xx_HAL_Driver/Src/stm32u0xx_hal.o
 .debug_info    0x00004812      0x915 ./Drivers/STM32U0xx_HAL_Driver/Src/stm32u0xx_hal_cortex.o
 .debug_info    0x00005127      0x5a6 ./Drivers/STM32U0xx_HAL_Driver/Src/stm32u0xx_hal_gpio.o
 .debug_info    0x000056cd      0x807 ./Drivers/STM32U0xx_HAL_Driver/Src/stm32u0xx_hal_pwr_ex.o
 .debug_info    0x00005ed4      0xc90 ./Drivers/STM32U0xx_HAL_Driver/Src/stm32u0xx_hal_rcc.o
 .debug_info    0x00006b64      0xc3c ./Drivers/STM32U0xx_HAL_Driver/Src/stm32u0xx_hal_rcc_ex.o
 .debug_info    0x000077a0     0x1738 ./Drivers/STM32U0xx_HAL_Driver/Src/stm32u0xx_hal_spi.o
 .debug_info    0x00008ed8     0x46be ./Drivers/STM32U0xx_HAL_Driver/Src/stm32u0xx_hal_uart.o
 .debug_info    0x0000d596      0xfac ./Drivers/STM32U0xx_HAL_Driver/Src/stm32u0xx_hal_uart_ex.o
 .debug_info    0x0000e542      0x747 ./libraries/TraceLog/TraceLog.o
 .debug_info    0x0000ec89     0x1d8a ./libraries/lora/radio/radio.o
 .debug_info    0x00010a13     0x1615 ./libraries/lora/sx126x/sx126x.o
 .debug_info    0x00012028      0xe53 ./libraries/lora/sx126x/sx126x_bsp.o

.debug_abbrev   0x00000000     0x2fd7
 .debug_abbrev  0x00000000      0x17a ./Core/Src/gpio.o
 .debug_abbrev  0x0000017a      0x33b ./Core/Src/main.o
 .debug_abbrev  0x000004b5      0x1f5 ./Core/Src/spi.o
 .debug_abbrev  0x000006aa       0xdd ./Core/Src/stm32u0xx_hal_msp.o
 .debug_abbrev  0x00000787       0xca ./Core/Src/stm32u0xx_it.o
 .debug_abbrev  0x00000851       0xbc ./Core/Src/sysmem.o
 .debug_abbrev  0x0000090d      0x117 ./Core/Src/system_stm32u0xx.o
 .debug_abbrev  0x00000a24      0x20d ./Core/Src/usart.o
 .debug_abbrev  0x00000c31       0x24 ./Core/Startup/startup_stm32u031c8tx.o
 .debug_abbrev  0x00000c55      0x2b3 ./Drivers/STM32U0xx_HAL_Driver/Src/stm32u0xx_hal.o
 .debug_abbrev  0x00000f08      0x2ca ./Drivers/STM32U0xx_HAL_Driver/Src/stm32u0xx_hal_cortex.o
 .debug_abbrev  0x000011d2      0x1e7 ./Drivers/STM32U0xx_HAL_Driver/Src/stm32u0xx_hal_gpio.o
 .debug_abbrev  0x000013b9      0x212 ./Drivers/STM32U0xx_HAL_Driver/Src/stm32u0xx_hal_pwr_ex.o
 .debug_abbrev  0x000015cb      0x2bc ./Drivers/STM32U0xx_HAL_Driver/Src/stm32u0xx_hal_rcc.o
 .debug_abbrev  0x00001887      0x28c ./Drivers/STM32U0xx_HAL_Driver/Src/stm32u0xx_hal_rcc_ex.o
 .debug_abbrev  0x00001b13      0x2a6 ./Drivers/STM32U0xx_HAL_Driver/Src/stm32u0xx_hal_spi.o
 .debug_abbrev  0x00001db9      0x33a ./Drivers/STM32U0xx_HAL_Driver/Src/stm32u0xx_hal_uart.o
 .debug_abbrev  0x000020f3      0x2ce ./Drivers/STM32U0xx_HAL_Driver/Src/stm32u0xx_hal_uart_ex.o
 .debug_abbrev  0x000023c1      0x1ec ./libraries/TraceLog/TraceLog.o
 .debug_abbrev  0x000025ad      0x3b2 ./libraries/lora/radio/radio.o
 .debug_abbrev  0x0000295f      0x36d ./libraries/lora/sx126x/sx126x.o
 .debug_abbrev  0x00002ccc      0x30b ./libraries/lora/sx126x/sx126x_bsp.o

.debug_aranges  0x00000000      0xf60
 .debug_aranges
                0x00000000       0x20 ./Core/Src/gpio.o
 .debug_aranges
                0x00000020       0x68 ./Core/Src/main.o
 .debug_aranges
                0x00000088       0x30 ./Core/Src/spi.o
 .debug_aranges
                0x000000b8       0x20 ./Core/Src/stm32u0xx_hal_msp.o
 .debug_aranges
                0x000000d8       0x50 ./Core/Src/stm32u0xx_it.o
 .debug_aranges
                0x00000128       0x20 ./Core/Src/sysmem.o
 .debug_aranges
                0x00000148       0x28 ./Core/Src/system_stm32u0xx.o
 .debug_aranges
                0x00000170       0x30 ./Core/Src/usart.o
 .debug_aranges
                0x000001a0       0x28 ./Core/Startup/startup_stm32u031c8tx.o
 .debug_aranges
                0x000001c8      0x130 ./Drivers/STM32U0xx_HAL_Driver/Src/stm32u0xx_hal.o
 .debug_aranges
                0x000002f8       0xe8 ./Drivers/STM32U0xx_HAL_Driver/Src/stm32u0xx_hal_cortex.o
 .debug_aranges
                0x000003e0       0x60 ./Drivers/STM32U0xx_HAL_Driver/Src/stm32u0xx_hal_gpio.o
 .debug_aranges
                0x00000440      0x108 ./Drivers/STM32U0xx_HAL_Driver/Src/stm32u0xx_hal_pwr_ex.o
 .debug_aranges
                0x00000548       0x88 ./Drivers/STM32U0xx_HAL_Driver/Src/stm32u0xx_hal_rcc.o
 .debug_aranges
                0x000005d0       0xa8 ./Drivers/STM32U0xx_HAL_Driver/Src/stm32u0xx_hal_rcc_ex.o
 .debug_aranges
                0x00000678      0x1d8 ./Drivers/STM32U0xx_HAL_Driver/Src/stm32u0xx_hal_spi.o
 .debug_aranges
                0x00000850      0x248 ./Drivers/STM32U0xx_HAL_Driver/Src/stm32u0xx_hal_uart.o
 .debug_aranges
                0x00000a98       0xa8 ./Drivers/STM32U0xx_HAL_Driver/Src/stm32u0xx_hal_uart_ex.o
 .debug_aranges
                0x00000b40       0x68 ./libraries/TraceLog/TraceLog.o
 .debug_aranges
                0x00000ba8      0x148 ./libraries/lora/radio/radio.o
 .debug_aranges
                0x00000cf0      0x1a0 ./libraries/lora/sx126x/sx126x.o
 .debug_aranges
                0x00000e90       0xd0 ./libraries/lora/sx126x/sx126x_bsp.o

.debug_rnglists
                0x00000000      0xbd2
 .debug_rnglists
                0x00000000       0x14 ./Core/Src/gpio.o
 .debug_rnglists
                0x00000014       0x4d ./Core/Src/main.o
 .debug_rnglists
                0x00000061       0x20 ./Core/Src/spi.o
 .debug_rnglists
                0x00000081       0x13 ./Core/Src/stm32u0xx_hal_msp.o
 .debug_rnglists
                0x00000094       0x37 ./Core/Src/stm32u0xx_it.o
 .debug_rnglists
                0x000000cb       0x13 ./Core/Src/sysmem.o
 .debug_rnglists
                0x000000de       0x1a ./Core/Src/system_stm32u0xx.o
 .debug_rnglists
                0x000000f8       0x21 ./Core/Src/usart.o
 .debug_rnglists
                0x00000119       0x19 ./Core/Startup/startup_stm32u031c8tx.o
 .debug_rnglists
                0x00000132       0xe0 ./Drivers/STM32U0xx_HAL_Driver/Src/stm32u0xx_hal.o
 .debug_rnglists
                0x00000212       0xab ./Drivers/STM32U0xx_HAL_Driver/Src/stm32u0xx_hal_cortex.o
 .debug_rnglists
                0x000002bd       0x46 ./Drivers/STM32U0xx_HAL_Driver/Src/stm32u0xx_hal_gpio.o
 .debug_rnglists
                0x00000303       0xc9 ./Drivers/STM32U0xx_HAL_Driver/Src/stm32u0xx_hal_pwr_ex.o
 .debug_rnglists
                0x000003cc       0x69 ./Drivers/STM32U0xx_HAL_Driver/Src/stm32u0xx_hal_rcc.o
 .debug_rnglists
                0x00000435       0x81 ./Drivers/STM32U0xx_HAL_Driver/Src/stm32u0xx_hal_rcc_ex.o
 .debug_rnglists
                0x000004b6      0x17b ./Drivers/STM32U0xx_HAL_Driver/Src/stm32u0xx_hal_spi.o
 .debug_rnglists
                0x00000631      0x1fe ./Drivers/STM32U0xx_HAL_Driver/Src/stm32u0xx_hal_uart.o
 .debug_rnglists
                0x0000082f       0x84 ./Drivers/STM32U0xx_HAL_Driver/Src/stm32u0xx_hal_uart_ex.o
 .debug_rnglists
                0x000008b3       0x52 ./libraries/TraceLog/TraceLog.o
 .debug_rnglists
                0x00000905       0xf6 ./libraries/lora/radio/radio.o
 .debug_rnglists
                0x000009fb      0x13d ./libraries/lora/sx126x/sx126x.o
 .debug_rnglists
                0x00000b38       0x9a ./libraries/lora/sx126x/sx126x_bsp.o

.debug_macro    0x00000000    0x1a953
 .debug_macro   0x00000000      0x1f0 ./Core/Src/gpio.o
 .debug_macro   0x000001f0      0xa90 ./Core/Src/gpio.o
 .debug_macro   0x00000c80      0x11f ./Core/Src/gpio.o
 .debug_macro   0x00000d9f       0x2e ./Core/Src/gpio.o