../LoRaWAN/Radio/radio.c:473:16:RadioGetFskBandwidthRegValue	24	static
../LoRaWAN/Radio/radio.c:493:6:RadioInit	32	static
../LoRaWAN/Radio/radio.c:511:6:RadioReInit	32	static
../LoRaWAN/Radio/radio.c:522:14:RadioGetStatus	8	static
../LoRaWAN/Radio/radio.c:535:6:RadioSetModem	16	static
../LoRaWAN/Radio/radio.c:557:6:RadioSetChannel	16	static
../LoRaWAN/Radio/radio.c:561:6:RadioIsChannelFree	48	static
../LoRaWAN/Radio/radio.c:594:10:RadioRandom	16	static
../LoRaWAN/Radio/radio.c:612:6:RadioSetRxConfig	40	static
../LoRaWAN/Radio/radio.c:756:6:RadioSetTxConfig	32	static
../LoRaWAN/Radio/radio.c:881:6:RadioCheckRfFrequency	16	static
../LoRaWAN/Radio/radio.c:885:10:RadioTimeOnAir	80	static
../LoRaWAN/Radio/radio.c:965:6:RadioSend	280	static
../LoRaWAN/Radio/radio.c:986:6:RadioSleep	16	static
../LoRaWAN/Radio/radio.c:995:6:RadioStandby	8	static
../LoRaWAN/Radio/radio.c:999:6:RadioRx	24	static
../LoRaWAN/Radio/radio.c:1021:6:RadioRxBoosted	24	static
../LoRaWAN/Radio/radio.c:1040:6:RadioSetRxDutyCycle	16	static
../LoRaWAN/Radio/radio.c:1046:6:RadioSetCadParams	32	static
../LoRaWAN/Radio/radio.c:1052:6:RadioStartCad	8	static
../LoRaWAN/Radio/radio.c:1060:6:RadioTx	16	static
../LoRaWAN/Radio/radio.c:1073:6:RadioSetTxContinuousWave	16	static
../LoRaWAN/Radio/radio.c:1082:9:RadioRssi	16	static
../LoRaWAN/Radio/radio.c:1092:6:RadioWrite	16	static
../LoRaWAN/Radio/radio.c:1101:9:RadioRead	16	static
../LoRaWAN/Radio/radio.c:1105:6:RadioWriteBuffer	16	static
../LoRaWAN/Radio/radio.c:1109:6:RadioReadBuffer	16	static
../LoRaWAN/Radio/radio.c:1113:6:RadioWriteFifo	16	static
../LoRaWAN/Radio/radio.c:1117:6:RadioReadFifo	16	static
../LoRaWAN/Radio/radio.c:1121:6:RadioSetMaxPayloadLength	16	static
../LoRaWAN/Radio/radio.c:1136:6:RadioSetPublicNetwork	16	static
../LoRaWAN/Radio/radio.c:1156:10:RadioGetWakeupTime	4	static
../LoRaWAN/Radio/radio.c:1160:6:RadioOnTxTimeoutIrq	16	static
../LoRaWAN/Radio/radio.c:1175:6:RadioOnRxTimeoutIrq	16	static
../LoRaWAN/Radio/radio.c:1194:6:RadioOnDioIrq	8	static
../LoRaWAN/Radio/radio.c:1202:6:RadioBgIrqProcess	24	static
../LoRaWAN/Radio/radio.c:1350:6:RadioIrqProcess	8	static
../LoRaWAN/Radio/radio.c:1354:6:RadioIrqProcessAfterDeepSleep	8	static
../LoRaWAN/Radio/radio.c:1362:6:Radio_task	16	static
../LoRaWAN/Radio/radio.c:1370:6:Radio_HardWare_Init	8	static
