../LoRaWAN/App/LmHandler/packages/LmhpClockSync.c:151:15:LmphClockSyncPackageFactory	4	static
../LoRaWAN/App/LmHandler/packages/LmhpClockSync.c:156:13:LmhpClockSyncInit	24	static
../LoRaWAN/App/LmHandler/packages/LmhpClockSync.c:172:13:LmhpClockSyncIsInitialized	4	static
../LoRaWAN/App/LmHandler/packages/LmhpClockSync.c:177:13:LmhpClockSyncIsRunning	4	static
../LoRaWAN/App/LmHandler/packages/LmhpClockSync.c:187:13:LmhpClockSyncProcess	8	static
../LoRaWAN/App/LmHandler/packages/LmhpClockSync.c:198:13:LmhpClockSyncOnMcpsConfirm	56	static
../LoRaWAN/App/LmHandler/packages/LmhpClockSync.c:223:13:LmhpClockSyncOnMcpsIndication	48	static
../LoRaWAN/App/LmHandler/packages/LmhpClockSync.c:322:24:LmhpClockSyncAppTimeReq	64	static
