../LoRaWAN/LmHandler/LmHandler.c:227:24:LmHandlerInit	48	static
../LoRaWAN/LmHandler/LmHandler.c:352:6:LmHandlerIsBusy	8	static
../LoRaWAN/LmHandler/LmHandler.c:372:6:LmHandlerProcess	8	static
../LoRaWAN/LmHandler/LmHandler.c:399:13:LmHandlerJoinRequest	80	static
../LoRaWAN/LmHandler/LmHandler.c:432:6:LmHandlerJoin	8	static
../LoRaWAN/LmHandler/LmHandler.c:437:23:LmHandlerJoinStatus	48	static
../LoRaWAN/LmHandler/LmHandler.c:462:24:LmHandlerSend	40	static
../LoRaWAN/LmHandler/LmHandler.c:522:31:LmHandlerDeviceTimeReq	32	static
../LoRaWAN/LmHandler/LmHandler.c:542:31:LmHandlerBeaconReq	32	static
../LoRaWAN/LmHandler/LmHandler.c:562:24:LmHandlerPingSlotReq	48	static
../LoRaWAN/LmHandler/LmHandler.c:591:24:LmHandlerRequestClass	56	static
../LoRaWAN/LmHandler/LmHandler.c:659:15:LmHandlerGetCurrentClass	40	static
../LoRaWAN/LmHandler/LmHandler.c:669:8:LmHandlerGetCurrentDatarate	40	static
../LoRaWAN/LmHandler/LmHandler.c:679:17:LmHandlerGetActiveRegion	4	static
../LoRaWAN/LmHandler/LmHandler.c:690:13:McpsConfirm	16	static
../LoRaWAN/LmHandler/LmHandler.c:705:13:McpsIndication	32	static
../LoRaWAN/LmHandler/LmHandler.c:752:13:MlmeConfirm	48	static
../LoRaWAN/LmHandler/LmHandler.c:839:13:MlmeIndication	64	static
../LoRaWAN/LmHandler/LmHandler.c:913:24:LmHandlerPackageRegister	24	static
../LoRaWAN/LmHandler/LmHandler.c:958:6:LmHandlerPackageIsInitialized	16	static
../LoRaWAN/LmHandler/LmHandler.c:970:6:LmHandlerPackageIsRunning	16	static
../LoRaWAN/LmHandler/LmHandler.c:982:13:LmHandlerPackagesNotify	24	static
../LoRaWAN/LmHandler/LmHandler.c:1028:13:LmHandlerPackagesProcess	16	static
