../libraries/LoRaWAN/mac/LoRaMac.c:613:13:OnRadioTxDone	64	static
../libraries/LoRaWAN/mac/LoRaMac.c:686:13:PrepareRxDoneAbort	8	static
../libraries/LoRaWAN/mac/LoRaMac.c:705:13:OnRadioRxDone	120	static
../libraries/LoRaWAN/mac/LoRaMac.c:1143:13:OnRadioTxTimeout	8	static
../libraries/LoRaWAN/mac/LoRaMac.c:1161:13:OnRadioRxError	16	static
../libraries/LoRaWAN/mac/LoRaMac.c:1198:13:OnRadioRxTimeout	16	static
../libraries/LoRaWAN/mac/LoRaMac.c:1241:13:OnMacStateCheckTimerEvent	32	static
../libraries/LoRaWAN/mac/LoRaMac.c:1464:13:OnTxDelayedTimerEvent	40	static
../libraries/LoRaWAN/mac/LoRaMac.c:1493:13:OnRxWindow1TimerEvent	16	static
../libraries/LoRaWAN/mac/LoRaMac.c:1514:13:OnRxWindow2TimerEvent	16	static
../libraries/LoRaWAN/mac/LoRaMac.c:1562:13:OnAckTimeoutTimerEvent	16	static
../libraries/LoRaWAN/mac/LoRaMac.c:1580:13:RxWindowSetup	16	static
../libraries/LoRaWAN/mac/LoRaMac.c:1593:13:ValidatePayloadLength	32	static
../libraries/LoRaWAN/mac/LoRaMac.c:1624:24:AddMacCommand	24	static
../libraries/LoRaWAN/mac/LoRaMac.c:1721:16:ParseMacCommandsToRepeat	32	static
../libraries/LoRaWAN/mac/LoRaMac.c:1774:13:ProcessMacCommands	96	static
../libraries/LoRaWAN/mac/LoRaMac.c:1953:17:Send	40	static
../libraries/LoRaWAN/mac/LoRaMac.c:1986:24:ScheduleTx	56	static
../libraries/LoRaWAN/mac/LoRaMac.c:2085:13:CalculateBackOff	72	static
../libraries/LoRaWAN/mac/LoRaMac.c:2104:6:ResetMacCounters	16	static
../libraries/LoRaWAN/mac/LoRaMac.c:2155:13:ResetMacParameters	16	static
../libraries/LoRaWAN/mac/LoRaMac.c:2205:17:PrepareFrame	80	static
../libraries/LoRaWAN/mac/LoRaMac.c:2371:17:SendFrameOnChannel	40	static
../libraries/LoRaWAN/mac/LoRaMac.c:2418:17:SetTxContinuousWave	32	static
../libraries/LoRaWAN/mac/LoRaMac.c:2440:17:SetTxContinuousWave1	16	static
../libraries/LoRaWAN/mac/LoRaMac.c:2453:17:LoRaMacInitialization	72	static
../libraries/LoRaWAN/mac/LoRaMac.c:2618:17:LoRaMacQueryTxPossible	64	static
../libraries/LoRaWAN/mac/LoRaMac.c:2683:17:LoRaMacMibGetRequestConfirm	32	static
../libraries/LoRaWAN/mac/LoRaMac.c:2863:17:LoRaMacMibSetRequestConfirm	48	static
../libraries/LoRaWAN/mac/LoRaMac.c:3170:17:LoRaMacChannelAdd	40	static
../libraries/LoRaWAN/mac/LoRaMac.c:3189:17:LoRaMacChannelRemove	24	static
../libraries/LoRaWAN/mac/LoRaMac.c:3210:17:LoRaMacMulticastChannelLink	24	static
../libraries/LoRaWAN/mac/LoRaMac.c:3245:17:LoRaMacMulticastChannelUnlink	24	static
../libraries/LoRaWAN/mac/LoRaMac.c:3284:17:LoRaMacMlmeRequest	24	static
../libraries/LoRaWAN/mac/LoRaMac.c:3393:17:LoRaMacMcpsRequest	48	static
../libraries/LoRaWAN/mac/LoRaMac.c:3506:6:LoRaMacTestRxWindowsOn	16	static
../libraries/LoRaWAN/mac/LoRaMac.c:3511:6:LoRaMacTestSetMic	16	static
../libraries/LoRaWAN/mac/LoRaMac.c:3517:6:LoRaMacTestSetDutyCycleOn	24	static
../libraries/LoRaWAN/mac/LoRaMac.c:3529:6:LoRaMacTestSetChannel	16	static
../libraries/LoRaWAN/mac/LoRaMac.c:3534:10:LoRaMacGetOTAADevId	4	static
