../libraries/LoRaWAN/mac/LoRaMacHelper.c:113:6:lmh_setDevEui	16	static
../libraries/LoRaWAN/mac/LoRaMacHelper.c:118:6:lmh_setAppEui	16	static
../libraries/LoRaWAN/mac/LoRaMacHelper.c:123:6:lmh_setAppKey	16	static
../libraries/LoRaWAN/mac/LoRaMacHelper.c:128:6:lmh_setNwkSKey	16	static
../libraries/LoRaWAN/mac/LoRaMacHelper.c:133:6:lmh_setAppSKey	16	static
../libraries/LoRaWAN/mac/LoRaMacHelper.c:138:6:lmh_setDevAddr	16	static
../libraries/LoRaWAN/mac/LoRaMacHelper.c:143:6:lmh_setSingleChannelGateway	16	static
../libraries/LoRaWAN/mac/LoRaMacHelper.c:150:6:lmh_setSubBandChannels	40	static
../libraries/LoRaWAN/mac/LoRaMacHelper.c:297:13:compliance_test_tx	32	static
../libraries/LoRaWAN/mac/LoRaMacHelper.c:370:13:OnComplianceTestTxNextPacketTimerEvent	16	static
../libraries/LoRaWAN/mac/LoRaMacHelper.c:380:13:McpsConfirm	24	static
../libraries/LoRaWAN/mac/LoRaMacHelper.c:436:13:McpsIndication	176	static
../libraries/LoRaWAN/mac/LoRaMacHelper.c:660:13:MlmeConfirm	16	static
../libraries/LoRaWAN/mac/LoRaMacHelper.c:711:18:lmh_init	328	static
../libraries/LoRaWAN/mac/LoRaMacHelper.c:885:6:lmh_datarate_set	16	static
../libraries/LoRaWAN/mac/LoRaMacHelper.c:903:6:lmh_tx_power_set	16	static
../libraries/LoRaWAN/mac/LoRaMacHelper.c:910:6:lmh_join	40	static
../libraries/LoRaWAN/mac/LoRaMacHelper.c:952:17:lmh_join_status_get	24	static
../libraries/LoRaWAN/mac/LoRaMacHelper.c:970:18:lmh_send	40	static
../libraries/LoRaWAN/mac/LoRaMacHelper.c:1041:18:lmh_send_blocking	32	static
../libraries/LoRaWAN/mac/LoRaMacHelper.c:1062:18:lmh_class_request	32	static
../libraries/LoRaWAN/mac/LoRaMacHelper.c:1146:6:lmh_class_get	32	static
../libraries/LoRaWAN/mac/LoRaMacHelper.c:1161:10:lmh_getDevAddr	8	static
../libraries/LoRaWAN/mac/LoRaMacHelper.c:1173:6:lmh_setAS923Version	16	static
../libraries/LoRaWAN/mac/LoRaMacHelper.c:1185:6:lmh_setConfRetries	16	static
../libraries/LoRaWAN/mac/LoRaMacHelper.c:1200:9:lmh_getConfRetries	4	static
../libraries/LoRaWAN/mac/LoRaMacHelper.c:1209:6:lmh_reset_mac	8	static
