../Middlewares/Third_Party/LoRaWAN/Mac/LoRaMac.c:698:13:OnRadioTxDone	24	static
../Middlewares/Third_Party/LoRaWAN/Mac/LoRaMac.c:711:13:OnRadioRxDone	24	static
../Middlewares/Third_Party/LoRaWAN/Mac/LoRaMac.c:727:13:OnRadioTxTimeout	8	static
../Middlewares/Third_Party/LoRaWAN/Mac/LoRaMac.c:737:13:OnRadioRxError	8	static
../Middlewares/Third_Party/LoRaWAN/Mac/LoRaMac.c:747:13:OnRadioRxTimeout	8	static
../Middlewares/Third_Party/LoRaWAN/Mac/LoRaMac.c:757:13:UpdateRxSlotIdleState	4	static
../Middlewares/Third_Party/LoRaWAN/Mac/LoRaMac.c:769:13:ProcessRadioTxDone	64	static
../Middlewares/Third_Party/LoRaWAN/Mac/LoRaMac.c:815:13:PrepareRxDoneAbort	8	static
../Middlewares/Third_Party/LoRaWAN/Mac/LoRaMac.c:830:13:ProcessRadioRxDone	168	static
../Middlewares/Third_Party/LoRaWAN/Mac/LoRaMac.c:1238:13:ProcessRadioTxTimeout	8	static
../Middlewares/Third_Party/LoRaWAN/Mac/LoRaMac.c:1255:13:HandleRadioRxErrorTimeout	24	static
../Middlewares/Third_Party/LoRaWAN/Mac/LoRaMac.c:1320:13:ProcessRadioRxError	8	static
../Middlewares/Third_Party/LoRaWAN/Mac/LoRaMac.c:1325:13:ProcessRadioRxTimeout	8	static
../Middlewares/Third_Party/LoRaWAN/Mac/LoRaMac.c:1330:13:LoRaMacHandleIrqEvents	16	static,ignoring_inline_asm
../Middlewares/Third_Party/LoRaWAN/Mac/LoRaMac.c:1364:6:LoRaMacIsBusy	4	static
../Middlewares/Third_Party/LoRaWAN/Mac/LoRaMac.c:1375:13:LoRaMacEnableRequests	16	static
../Middlewares/Third_Party/LoRaWAN/Mac/LoRaMac.c:1380:13:LoRaMacHandleRequestEvents	16	static
../Middlewares/Third_Party/LoRaWAN/Mac/LoRaMac.c:1424:13:LoRaMacHandleScheduleUplinkEvent	16	static
../Middlewares/Third_Party/LoRaWAN/Mac/LoRaMac.c:1439:13:LoRaMacHandleIndicationEvents	40	static
../Middlewares/Third_Party/LoRaWAN/Mac/LoRaMac.c:1466:13:LoRaMacHandleMcpsRequest	16	static
../Middlewares/Third_Party/LoRaWAN/Mac/LoRaMac.c:1520:13:LoRaMacHandleMlmeRequest	8	static
../Middlewares/Third_Party/LoRaWAN/Mac/LoRaMac.c:1541:16:LoRaMacCheckForBeaconAcquisition	8	static
../Middlewares/Third_Party/LoRaWAN/Mac/LoRaMac.c:1555:13:LoRaMacCheckForRxAbort	4	static
../Middlewares/Third_Party/LoRaWAN/Mac/LoRaMac.c:1565:13:LoRaMacHandleNvm	24	static
../Middlewares/Third_Party/LoRaWAN/Mac/LoRaMac.c:1641:6:LoRaMacProcess	16	static
../Middlewares/Third_Party/LoRaWAN/Mac/LoRaMac.c:1677:13:OnTxDelayedTimerEvent	16	static
../Middlewares/Third_Party/LoRaWAN/Mac/LoRaMac.c:1703:13:OnRxWindow1TimerEvent	16	static
../Middlewares/Third_Party/LoRaWAN/Mac/LoRaMac.c:1714:13:OnRxWindow2TimerEvent	16	static
../Middlewares/Third_Party/LoRaWAN/Mac/LoRaMac.c:1731:13:OnAckTimeoutTimerEvent	16	static
../Middlewares/Third_Party/LoRaWAN/Mac/LoRaMac.c:1749:30:GetFCntDown	24	static
../Middlewares/Third_Party/LoRaWAN/Mac/LoRaMac.c:1797:24:SwitchClass	32	static
../Middlewares/Third_Party/LoRaWAN/Mac/LoRaMac.c:1881:16:GetMaxAppPayloadWithoutFOptsLength	32	static
../Middlewares/Third_Party/LoRaWAN/Mac/LoRaMac.c:1895:13:ValidatePayloadLength	24	static
../Middlewares/Third_Party/LoRaWAN/Mac/LoRaMac.c:1913:13:SetMlmeScheduleUplinkIndication	4	static
../Middlewares/Third_Party/LoRaWAN/Mac/LoRaMac.c:1918:13:ProcessMacCommands	160	static
../Middlewares/Third_Party/LoRaWAN/Mac/LoRaMac.c:2249:17:Send	64	static
../Middlewares/Third_Party/LoRaWAN/Mac/LoRaMac.c:2335:17:SendReJoinReq	24	static
../Middlewares/Third_Party/LoRaWAN/Mac/LoRaMac.c:2373:24:CheckForClassBCollision	8	static
../Middlewares/Third_Party/LoRaWAN/Mac/LoRaMac.c:2394:13:ComputeRxWindowParameters	24	static
../Middlewares/Third_Party/LoRaWAN/Mac/LoRaMac.c:2423:24:VerifyTxFrame	16	static
../Middlewares/Third_Party/LoRaWAN/Mac/LoRaMac.c:2442:24:SerializeTxFrame	16	static
../Middlewares/Third_Party/LoRaWAN/Mac/LoRaMac.c:2472:24:ScheduleTx	72	static
../Middlewares/Third_Party/LoRaWAN/Mac/LoRaMac.c:2548:24:SecureFrame	24	static
../Middlewares/Third_Party/LoRaWAN/Mac/LoRaMac.c:2590:13:CalculateBackOff	4	static
../Middlewares/Third_Party/LoRaWAN/Mac/LoRaMac.c:2602:13:RemoveMacCommands	16	static
../Middlewares/Third_Party/LoRaWAN/Mac/LoRaMac.c:2623:13:ResetMacParameters	72	static
../Middlewares/Third_Party/LoRaWAN/Mac/LoRaMac.c:2706:13:RxWindowSetup	16	static
../Middlewares/Third_Party/LoRaWAN/Mac/LoRaMac.c:2720:13:OpenContinuousRxCWindow	24	static
../Middlewares/Third_Party/LoRaWAN/Mac/LoRaMac.c:2742:17:PrepareFrame	40	static
../Middlewares/Third_Party/LoRaWAN/Mac/LoRaMac.c:2847:17:SendFrameOnChannel	48	static
../Middlewares/Third_Party/LoRaWAN/Mac/LoRaMac.c:2910:17:SetTxContinuousWave	32	static
../Middlewares/Third_Party/LoRaWAN/Mac/LoRaMac.c:2928:17:SetTxContinuousWave1	16	static
../Middlewares/Third_Party/LoRaWAN/Mac/LoRaMac.c:2937:19:GetNvmData	4	static
../Middlewares/Third_Party/LoRaWAN/Mac/LoRaMac.c:2942:17:RestoreNvmData	24	static
../Middlewares/Third_Party/LoRaWAN/Mac/LoRaMac.c:3019:17:DetermineFrameType	16	static
../Middlewares/Third_Party/LoRaWAN/Mac/LoRaMac.c:3071:13:CheckRetransUnconfirmedUplink	4	static
../Middlewares/Third_Party/LoRaWAN/Mac/LoRaMac.c:3097:13:CheckRetransConfirmedUplink	4	static
../Middlewares/Third_Party/LoRaWAN/Mac/LoRaMac.c:3115:13:StopRetransmission	4	static
../Middlewares/Third_Party/LoRaWAN/Mac/LoRaMac.c:3136:13:CallNvmDataChangeCallback	16	static
../Middlewares/Third_Party/LoRaWAN/Mac/LoRaMac.c:3145:13:AckTimeoutRetriesProcess	24	static
../Middlewares/Third_Party/LoRaWAN/Mac/LoRaMac.c:3164:13:AckTimeoutRetriesFinalize	24	static
../Middlewares/Third_Party/LoRaWAN/Mac/LoRaMac.c:3180:16:IsRequestPending	4	static
../Middlewares/Third_Party/LoRaWAN/Mac/LoRaMac.c:3191:17:LoRaMacInitialization	64	static
../Middlewares/Third_Party/LoRaWAN/Mac/LoRaMac.c:3387:17:LoRaMacStart	4	static
../Middlewares/Third_Party/LoRaWAN/Mac/LoRaMac.c:3393:17:LoRaMacStop	8	static
../Middlewares/Third_Party/LoRaWAN/Mac/LoRaMac.c:3407:17:LoRaMacQueryTxPossible	48	static
../Middlewares/Third_Party/LoRaWAN/Mac/LoRaMac.c:3465:17:LoRaMacMibGetRequestConfirm	40	static
../Middlewares/Third_Party/LoRaWAN/Mac/LoRaMac.c:3657:17:LoRaMacMibSetRequestConfirm	32	static
../Middlewares/Third_Party/LoRaWAN/Mac/LoRaMac.c:4297:17:LoRaMacChannelAdd	40	static
../Middlewares/Third_Party/LoRaWAN/Mac/LoRaMac.c:4315:17:LoRaMacChannelRemove	24	static
../Middlewares/Third_Party/LoRaWAN/Mac/LoRaMac.c:4336:17:LoRaMacMcChannelSetup	40	static
../Middlewares/Third_Party/LoRaWAN/Mac/LoRaMac.c:4388:17:LoRaMacMcChannelDelete	56	static
../Middlewares/Third_Party/LoRaWAN/Mac/LoRaMac.c:4410:9:LoRaMacMcChannelGetGroupId	24	static
../Middlewares/Third_Party/LoRaWAN/Mac/LoRaMac.c:4422:17:LoRaMacMcChannelSetupRxParams	32	static
../Middlewares/Third_Party/LoRaWAN/Mac/LoRaMac.c:4483:17:LoRaMacMlmeRequest	32	static
../Middlewares/Third_Party/LoRaWAN/Mac/LoRaMac.c:4636:17:LoRaMacMcpsRequest	48	static
../Middlewares/Third_Party/LoRaWAN/Mac/LoRaMac.c:4749:6:LoRaMacTestSetDutyCycleOn	24	static
../Middlewares/Third_Party/LoRaWAN/Mac/LoRaMac.c:4761:17:LoRaMacDeInitialization	8	static
