../Middlewares/Third_Party/LoRaWAN/Mac/LoRaMacCommands.c:83:13:IsSlotFree	24	static
../Middlewares/Third_Party/LoRaWAN/Mac/LoRaMacCommands.c:102:22:MallocNewMacCommandSlot	16	static
../Middlewares/Third_Party/LoRaWAN/Mac/LoRaMacCommands.c:125:13:FreeMacCommandSlot	16	static
../Middlewares/Third_Party/LoRaWAN/Mac/LoRaMacCommands.c:145:13:LinkedListInit	16	static
../Middlewares/Third_Party/LoRaWAN/Mac/LoRaMacCommands.c:165:13:LinkedListAdd	16	static
../Middlewares/Third_Party/LoRaWAN/Mac/LoRaMacCommands.c:200:22:LinkedListGetPrevious	24	static
../Middlewares/Third_Party/LoRaWAN/Mac/LoRaMacCommands.c:236:13:LinkedListRemove	24	static
../Middlewares/Third_Party/LoRaWAN/Mac/LoRaMacCommands.c:272:13:IsSticky	16	static
../Middlewares/Third_Party/LoRaWAN/Mac/LoRaMacCommands.c:286:24:LoRaMacCommandsInit	8	static
../Middlewares/Third_Party/LoRaWAN/Mac/LoRaMacCommands.c:296:24:LoRaMacCommandsAddCmd	32	static
../Middlewares/Third_Party/LoRaWAN/Mac/LoRaMacCommands.c:329:24:LoRaMacCommandsRemoveCmd	16	static
../Middlewares/Third_Party/LoRaWAN/Mac/LoRaMacCommands.c:353:24:LoRaMacCommandsGetCmd	24	static
../Middlewares/Third_Party/LoRaWAN/Mac/LoRaMacCommands.c:377:24:LoRaMacCommandsRemoveNoneStickyCmds	16	static
../Middlewares/Third_Party/LoRaWAN/Mac/LoRaMacCommands.c:403:24:LoRaMacCommandsRemoveStickyAnsCmds	16	static
../Middlewares/Third_Party/LoRaWAN/Mac/LoRaMacCommands.c:425:24:LoRaMacCommandsGetSizeSerializedCmds	16	static
../Middlewares/Third_Party/LoRaWAN/Mac/LoRaMacCommands.c:435:24:LoRaMacCommandsSerializeCmds	40	static
../Middlewares/Third_Party/LoRaWAN/Mac/LoRaMacCommands.c:478:24:LoRaMacCommandsStickyCmdsPending	24	static
../Middlewares/Third_Party/LoRaWAN/Mac/LoRaMacCommands.c:504:9:LoRaMacCommandsGetCmdSize	24	static
