../LoRaWAN/Mac/LoRaMac.c:793:13:OnRadioTxDone	24	static
../LoRaWAN/Mac/LoRaMac.c:806:13:OnRadioRxDone	24	static
../LoRaWAN/Mac/LoRaMac.c:822:13:OnRadioTxTimeout	8	static
../LoRaWAN/Mac/LoRaMac.c:832:13:OnRadioRxError	8	static
../LoRaWAN/Mac/LoRaMac.c:842:13:OnRadioRxTimeout	8	static
../LoRaWAN/Mac/LoRaMac.c:852:13:UpdateRxSlotIdleState	4	static
../LoRaWAN/Mac/LoRaMac.c:864:13:ProcessRadioTxDone	56	static
../LoRaWAN/Mac/LoRaMac.c:911:13:PrepareRxDoneAbort	8	static
../LoRaWAN/Mac/LoRaMac.c:926:13:ProcessRadioRxDone	168	static
../LoRaWAN/Mac/LoRaMac.c:1322:13:ProcessRadioTxTimeout	8	static
../LoRaWAN/Mac/LoRaMac.c:1339:13:HandleRadioRxErrorTimeout	24	static
../LoRaWAN/Mac/LoRaMac.c:1398:13:ProcessRadioRxError	8	static
../LoRaWAN/Mac/LoRaMac.c:1403:13:ProcessRadioRxTimeout	8	static
../LoRaWAN/Mac/LoRaMac.c:1408:13:LoRaMacHandleIrqEvents	16	static,ignoring_inline_asm
../LoRaWAN/Mac/LoRaMac.c:1442:6:LoRaMacIsBusy	4	static
../LoRaWAN/Mac/LoRaMac.c:1453:13:LoRaMacEnableRequests	16	static
../LoRaWAN/Mac/LoRaMac.c:1458:13:LoRaMacHandleRequestEvents	16	static
../LoRaWAN/Mac/LoRaMac.c:1502:13:LoRaMacHandleScheduleUplinkEvent	16	static
../LoRaWAN/Mac/LoRaMac.c:1517:13:LoRaMacHandleIndicationEvents	40	static
../LoRaWAN/Mac/LoRaMac.c:1544:13:LoRaMacHandleMcpsRequest	16	static
../LoRaWAN/Mac/LoRaMac.c:1598:13:LoRaMacHandleMlmeRequest	8	static
../LoRaWAN/Mac/LoRaMac.c:1619:16:LoRaMacCheckForBeaconAcquisition	8	static
../LoRaWAN/Mac/LoRaMac.c:1633:13:LoRaMacCheckForRxAbort	4	static
../LoRaWAN/Mac/LoRaMac.c:1644:6:LoRaMacProcess	16	static
../LoRaWAN/Mac/LoRaMac.c:1679:13:OnTxDelayedTimerEvent	16	static
../LoRaWAN/Mac/LoRaMac.c:1705:13:OnRxWindow1TimerEvent	16	static
../LoRaWAN/Mac/LoRaMac.c:1717:13:OnRxWindow2TimerEvent	16	static
../LoRaWAN/Mac/LoRaMac.c:1735:13:OnAckTimeoutTimerEvent	16	static
../LoRaWAN/Mac/LoRaMac.c:1753:30:GetFCntDown	24	static
../LoRaWAN/Mac/LoRaMac.c:1801:24:SwitchClass	40	static
../LoRaWAN/Mac/LoRaMac.c:1891:16:GetMaxAppPayloadWithoutFOptsLength	24	static
../LoRaWAN/Mac/LoRaMac.c:1911:13:ValidatePayloadLength	24	static
../LoRaWAN/Mac/LoRaMac.c:1929:13:SetMlmeScheduleUplinkIndication	4	static
../LoRaWAN/Mac/LoRaMac.c:1934:13:ProcessMacCommands	160	static
../LoRaWAN/Mac/LoRaMac.c:2238:17:Send	64	static
../LoRaWAN/Mac/LoRaMac.c:2324:17:SendReJoinReq	24	static
../LoRaWAN/Mac/LoRaMac.c:2362:24:ScheduleTx	80	static
../LoRaWAN/Mac/LoRaMac.c:2453:24:SecureFrame	24	static
../LoRaWAN/Mac/LoRaMac.c:2495:13:CalculateBackOff	96	static
../LoRaWAN/Mac/LoRaMac.c:2525:13:RemoveMacCommands	16	static
../LoRaWAN/Mac/LoRaMac.c:2546:13:ResetMacParameters	16	static
../LoRaWAN/Mac/LoRaMac.c:2599:13:RxWindowSetup	16	static
../LoRaWAN/Mac/LoRaMac.c:2613:13:OpenContinuousRxCWindow	8	static
../LoRaWAN/Mac/LoRaMac.c:2628:17:PrepareFrame	40	static
../LoRaWAN/Mac/LoRaMac.c:2733:17:SendFrameOnChannel	48	static
../LoRaWAN/Mac/LoRaMac.c:2803:17:SetTxContinuousWave	32	static
../LoRaWAN/Mac/LoRaMac.c:2821:17:SetTxContinuousWave1	16	static
../LoRaWAN/Mac/LoRaMac.c:2830:16:GetCtxs	16	static
../LoRaWAN/Mac/LoRaMac.c:2845:17:RestoreCtxs	24	static
../LoRaWAN/Mac/LoRaMac.c:2894:17:DetermineFrameType	16	static
../LoRaWAN/Mac/LoRaMac.c:2946:13:CheckRetransUnconfirmedUplink	4	static
../LoRaWAN/Mac/LoRaMac.c:2972:13:CheckRetransConfirmedUplink	4	static
../LoRaWAN/Mac/LoRaMac.c:2990:13:StopRetransmission	4	static
../LoRaWAN/Mac/LoRaMac.c:3011:13:AckTimeoutRetriesProcess	16	static
../LoRaWAN/Mac/LoRaMac.c:3030:13:AckTimeoutRetriesFinalize	16	static
../LoRaWAN/Mac/LoRaMac.c:3045:13:CallNvmCtxCallback	16	static
../LoRaWAN/Mac/LoRaMac.c:3053:13:EventMacNvmCtxChanged	8	static
../LoRaWAN/Mac/LoRaMac.c:3058:13:EventRegionNvmCtxChanged	8	static
../LoRaWAN/Mac/LoRaMac.c:3063:13:EventCryptoNvmCtxChanged	8	static
../LoRaWAN/Mac/LoRaMac.c:3068:13:EventSecureElementNvmCtxChanged	8	static
../LoRaWAN/Mac/LoRaMac.c:3073:13:EventCommandsNvmCtxChanged	8	static
../LoRaWAN/Mac/LoRaMac.c:3078:13:EventClassBNvmCtxChanged	8	static
../LoRaWAN/Mac/LoRaMac.c:3083:13:EventConfirmQueueNvmCtxChanged	8	static
../LoRaWAN/Mac/LoRaMac.c:3088:16:IsRequestPending	4	static
../LoRaWAN/Mac/LoRaMac.c:3099:17:LoRaMacInitialization	120	static
../LoRaWAN/Mac/LoRaMac.c:3324:17:LoRaMacStart	4	static
../LoRaWAN/Mac/LoRaMac.c:3330:17:LoRaMacStop	8	static
../LoRaWAN/Mac/LoRaMac.c:3344:17:LoRaMacQueryTxPossible	48	static
../LoRaWAN/Mac/LoRaMac.c:3402:17:LoRaMacMibGetRequestConfirm	32	static
../LoRaWAN/Mac/LoRaMac.c:3588:17:LoRaMacMibSetRequestConfirm	48	static
../LoRaWAN/Mac/LoRaMac.c:4247:17:LoRaMacChannelAdd	40	static
../LoRaWAN/Mac/LoRaMac.c:4267:17:LoRaMacChannelRemove	24	static
../LoRaWAN/Mac/LoRaMac.c:4290:17:LoRaMacMcChannelSetup	32	static
../LoRaWAN/Mac/LoRaMac.c:4326:17:LoRaMacMcChannelDelete	56	static
../LoRaWAN/Mac/LoRaMac.c:4351:9:LoRaMacMcChannelGetGroupId	24	static
../LoRaWAN/Mac/LoRaMac.c:4363:17:LoRaMacMcChannelSetupRxParams	32	static
../LoRaWAN/Mac/LoRaMac.c:4427:17:LoRaMacMlmeRequest	40	static
../LoRaWAN/Mac/LoRaMac.c:4578:17:LoRaMacMcpsRequest	48	static
../LoRaWAN/Mac/LoRaMac.c:4689:6:LoRaMacTestSetDutyCycleOn	24	static
