../LoRaWAN/Mac/LoRaMacCommands.c:87:13:IsSlotFree	24	static
../LoRaWAN/Mac/LoRaMacCommands.c:106:22:MallocNewMacCommandSlot	16	static
../LoRaWAN/Mac/LoRaMacCommands.c:129:13:FreeMacCommandSlot	16	static
../LoRaWAN/Mac/LoRaMacCommands.c:149:13:LinkedListInit	16	static
../LoRaWAN/Mac/LoRaMacCommands.c:169:13:LinkedListAdd	16	static
../LoRaWAN/Mac/LoRaMacCommands.c:204:22:LinkedListGetPrevious	24	static
../LoRaWAN/Mac/LoRaMacCommands.c:240:13:LinkedListRemove	24	static
../LoRaWAN/Mac/LoRaMacCommands.c:276:13:IsSticky	16	static
../LoRaWAN/Mac/LoRaMacCommands.c:292:13:NvmCtxCallback	8	static
../LoRaWAN/Mac/LoRaMacCommands.c:300:24:LoRaMacCommandsInit	16	static
../LoRaWAN/Mac/LoRaMacCommands.c:313:24:LoRaMacCommandsRestoreNvmCtx	16	static
../LoRaWAN/Mac/LoRaMacCommands.c:327:7:LoRaMacCommandsGetNvmCtx	16	static
../LoRaWAN/Mac/LoRaMacCommands.c:333:24:LoRaMacCommandsAddCmd	32	static
../LoRaWAN/Mac/LoRaMacCommands.c:368:24:LoRaMacCommandsRemoveCmd	16	static
../LoRaWAN/Mac/LoRaMacCommands.c:394:24:LoRaMacCommandsGetCmd	24	static
../LoRaWAN/Mac/LoRaMacCommands.c:418:24:LoRaMacCommandsRemoveNoneStickyCmds	16	static
../LoRaWAN/Mac/LoRaMacCommands.c:446:24:LoRaMacCommandsRemoveStickyAnsCmds	16	static
../LoRaWAN/Mac/LoRaMacCommands.c:470:24:LoRaMacCommandsGetSizeSerializedCmds	16	static
../LoRaWAN/Mac/LoRaMacCommands.c:480:24:LoRaMacCommandsSerializeCmds	32	static
../LoRaWAN/Mac/LoRaMacCommands.c:510:24:LoRaMacCommandsStickyCmdsPending	24	static
