../LoRaWAN/Mac/LoRaMacClassB.c:602:6:LoRaMacClassBInit	24	static
../LoRaWAN/Mac/LoRaMacClassB.c:626:6:LoRaMacClassBRestoreNvmCtx	16	static
../LoRaWAN/Mac/LoRaMacClassB.c:644:7:LoRaMacClassBGetNvmCtx	16	static
../LoRaWAN/Mac/LoRaMacClassB.c:655:6:LoRaMacClassBSetBeaconState	16	static
../LoRaWAN/Mac/LoRaMacClassB.c:683:6:LoRaMacClassBSetPingSlotState	16	static
../LoRaWAN/Mac/LoRaMacClassB.c:690:6:LoRaMacClassBSetMulticastSlotState	16	static
../LoRaWAN/Mac/LoRaMacClassB.c:697:6:LoRaMacClassBIsAcquisitionInProgress	4	static
../LoRaWAN/Mac/LoRaMacClassB.c:718:6:LoRaMacClassBBeaconTimerEvent	16	static
../LoRaWAN/Mac/LoRaMacClassB.c:959:6:LoRaMacClassBPingSlotTimerEvent	16	static
../LoRaWAN/Mac/LoRaMacClassB.c:1069:6:LoRaMacClassBMulticastSlotTimerEvent	16	static
../LoRaWAN/Mac/LoRaMacClassB.c:1224:6:LoRaMacClassBRxBeacon	16	static
../LoRaWAN/Mac/LoRaMacClassB.c:1325:6:LoRaMacClassBIsBeaconExpected	4	static
../LoRaWAN/Mac/LoRaMacClassB.c:1339:6:LoRaMacClassBIsPingExpected	4	static
../LoRaWAN/Mac/LoRaMacClassB.c:1352:6:LoRaMacClassBIsMulticastExpected	4	static
../LoRaWAN/Mac/LoRaMacClassB.c:1365:6:LoRaMacClassBIsAcquisitionPending	4	static
../LoRaWAN/Mac/LoRaMacClassB.c:1378:6:LoRaMacClassBIsBeaconModeActive	4	static
../LoRaWAN/Mac/LoRaMacClassB.c:1392:6:LoRaMacClassBSetPingSlotInfo	16	static
../LoRaWAN/Mac/LoRaMacClassB.c:1401:6:LoRaMacClassBHaltBeaconing	4	static
../LoRaWAN/Mac/LoRaMacClassB.c:1429:6:LoRaMacClassBResumeBeaconing	4	static
../LoRaWAN/Mac/LoRaMacClassB.c:1450:17:LoRaMacClassBSwitchClass	16	static
../LoRaWAN/Mac/LoRaMacClassB.c:1475:17:LoRaMacClassBMibGetRequestConfirm	16	static
../LoRaWAN/Mac/LoRaMacClassB.c:1499:17:LoRaMacMibClassBSetRequestConfirm	16	static
../LoRaWAN/Mac/LoRaMacClassB.c:1524:6:LoRaMacClassBPingSlotInfoAns	4	static
../LoRaWAN/Mac/LoRaMacClassB.c:1536:9:LoRaMacClassBPingSlotChannelReq	16	static
../LoRaWAN/Mac/LoRaMacClassB.c:1583:6:LoRaMacClassBBeaconTimingAns	24	static
../LoRaWAN/Mac/LoRaMacClassB.c:1612:6:LoRaMacClassBDeviceTimeAns	4	static
../LoRaWAN/Mac/LoRaMacClassB.c:1648:6:LoRaMacClassBBeaconFreqReq	16	static
../LoRaWAN/Mac/LoRaMacClassB.c:1677:13:LoRaMacClassBIsUplinkCollision	16	static
../LoRaWAN/Mac/LoRaMacClassB.c:1701:6:LoRaMacClassBStopRxSlots	4	static
../LoRaWAN/Mac/LoRaMacClassB.c:1714:6:LoRaMacClassBStartRxSlots	4	static
../LoRaWAN/Mac/LoRaMacClassB.c:1730:6:LoRaMacClassBSetMulticastPeriodicity	16	static
../LoRaWAN/Mac/LoRaMacClassB.c:1741:6:LoRaMacClassBProcess	4	static
