../libraries/LoRaWAN/phy/radio.c:469:16:RadioGetFskBandwidthRegValue	24	static
../libraries/LoRaWAN/phy/radio.c:489:6:RadioInit	32	static
../libraries/LoRaWAN/phy/radio.c:507:6:RadioReInit	32	static
../libraries/LoRaWAN/phy/radio.c:518:14:RadioGetStatus	8	static
../libraries/LoRaWAN/phy/radio.c:531:6:RadioSetModem	16	static
../libraries/LoRaWAN/phy/radio.c:553:6:RadioSetChannel	16	static
../libraries/LoRaWAN/phy/radio.c:557:6:RadioIsChannelFree	48	static
../libraries/LoRaWAN/phy/radio.c:590:10:RadioRandom	16	static
../libraries/LoRaWAN/phy/radio.c:608:6:RadioSetRxConfig	40	static
../libraries/LoRaWAN/phy/radio.c:752:6:RadioSetTxConfig	32	static
../libraries/LoRaWAN/phy/radio.c:877:6:RadioCheckRfFrequency	16	static
../libraries/LoRaWAN/phy/radio.c:881:10:RadioTimeOnAir	80	static
../libraries/LoRaWAN/phy/radio.c:961:6:RadioSend	24	static
../libraries/LoRaWAN/phy/radio.c:979:6:RadioSleep	16	static
../libraries/LoRaWAN/phy/radio.c:988:6:RadioStandby	8	static
../libraries/LoRaWAN/phy/radio.c:992:6:RadioRx	24	static
../libraries/LoRaWAN/phy/radio.c:1012:6:RadioRxBoosted	24	static
../libraries/LoRaWAN/phy/radio.c:1031:6:RadioSetRxDutyCycle	16	static
../libraries/LoRaWAN/phy/radio.c:1037:6:RadioSetCadParams	32	static
../libraries/LoRaWAN/phy/radio.c:1043:6:RadioStartCad	8	static
../libraries/LoRaWAN/phy/radio.c:1051:6:RadioTx	16	static
../libraries/LoRaWAN/phy/radio.c:1063:6:RadioSetTxContinuousWave	16	static
../libraries/LoRaWAN/phy/radio.c:1072:9:RadioRssi	16	static
../libraries/LoRaWAN/phy/radio.c:1082:6:RadioWrite	16	static
../libraries/LoRaWAN/phy/radio.c:1091:9:RadioRead	16	static
../libraries/LoRaWAN/phy/radio.c:1095:6:RadioWriteBuffer	16	static
../libraries/LoRaWAN/phy/radio.c:1099:6:RadioReadBuffer	16	static
../libraries/LoRaWAN/phy/radio.c:1103:6:RadioWriteFifo	16	static
../libraries/LoRaWAN/phy/radio.c:1107:6:RadioReadFifo	16	static
../libraries/LoRaWAN/phy/radio.c:1111:6:RadioSetMaxPayloadLength	16	static
../libraries/LoRaWAN/phy/radio.c:1126:6:RadioSetPublicNetwork	16	static
../libraries/LoRaWAN/phy/radio.c:1146:10:RadioGetWakeupTime	4	static
../libraries/LoRaWAN/phy/radio.c:1150:6:RadioOnTxTimeoutIrq	16	static
../libraries/LoRaWAN/phy/radio.c:1165:6:RadioOnRxTimeoutIrq	16	static
../libraries/LoRaWAN/phy/radio.c:1184:6:RadioOnDioIrq	8	static
../libraries/LoRaWAN/phy/radio.c:1191:6:RadioBgIrqProcess	24	static
../libraries/LoRaWAN/phy/radio.c:1337:6:RadioIrqProcess	8	static
../libraries/LoRaWAN/phy/radio.c:1341:6:RadioIrqProcessAfterDeepSleep	8	static
../libraries/LoRaWAN/phy/radio.c:1349:6:Radio_task	16	static
../libraries/LoRaWAN/phy/radio.c:1357:6:Radio_HardWare_Init	16	static
