../libraries/LoRaWAN/phy/sx126x.c:58:6:SX126xInit	8	static
../libraries/LoRaWAN/phy/sx126x.c:69:6:SX126xReInit	4	static
../libraries/LoRaWAN/phy/sx126x.c:73:23:SX126xGetOperatingMode	4	static
../libraries/LoRaWAN/phy/sx126x.c:77:6:SX126xSetOperatingMode	16	static
../libraries/LoRaWAN/phy/sx126x.c:81:6:SX126xCheckDeviceReady	8	static
../libraries/LoRaWAN/phy/sx126x.c:91:6:SX126xSetPayload	16	static
../libraries/LoRaWAN/phy/sx126x.c:95:9:SX126xGetPayload	32	static
../libraries/LoRaWAN/phy/sx126x.c:106:6:SX126xSendPayload	24	static
../libraries/LoRaWAN/phy/sx126x.c:111:9:SX126xSetSyncWord	16	static
../libraries/LoRaWAN/phy/sx126x.c:116:6:SX126xSetCrcSeed	24	static
../libraries/LoRaWAN/phy/sx126x.c:132:6:SX126xSetCrcPolynomial	24	static
../libraries/LoRaWAN/phy/sx126x.c:148:6:SX126xSetWhiteningSeed	24	static
../libraries/LoRaWAN/phy/sx126x.c:164:10:SX126xGetRandom	16	static
../libraries/LoRaWAN/phy/sx126x.c:172:6:SX126xSetSleep	16	static
../libraries/LoRaWAN/phy/sx126x.c:179:6:SX126xSetStandby	16	static
../libraries/LoRaWAN/phy/sx126x.c:191:6:SX126xSetFs	8	static
../libraries/LoRaWAN/phy/sx126x.c:196:6:SX126xSetTx	24	static
../libraries/LoRaWAN/phy/sx126x.c:207:6:SX126xSetRx	24	static
../libraries/LoRaWAN/phy/sx126x.c:220:6:SX126xSetRxBoosted	24	static
../libraries/LoRaWAN/phy/sx126x.c:233:6:SX126xSetRxDutyCycle	24	static
../libraries/LoRaWAN/phy/sx126x.c:246:6:SX126xSetCad	8	static
../libraries/LoRaWAN/phy/sx126x.c:251:6:SX126xSetTxContinuousWave	8	static
../libraries/LoRaWAN/phy/sx126x.c:255:6:SX126xSetTxInfinitePreamble	8	static
../libraries/LoRaWAN/phy/sx126x.c:259:6:SX126xSetStopRxTimerOnPreambleDetect	16	static
../libraries/LoRaWAN/phy/sx126x.c:263:6:SX126xSetLoRaSymbNumTimeout	16	static
../libraries/LoRaWAN/phy/sx126x.c:267:6:SX126xSetRegulatorMode	16	static
../libraries/LoRaWAN/phy/sx126x.c:271:6:SX126xCalibrate	16	static
../libraries/LoRaWAN/phy/sx126x.c:275:6:SX126xCalibrateImage	24	static
../libraries/LoRaWAN/phy/sx126x.c:301:6:SX126xSetPaConfig	32	static
../libraries/LoRaWAN/phy/sx126x.c:312:6:SX126xSetRxTxFallbackMode	16	static
../libraries/LoRaWAN/phy/sx126x.c:316:6:SX126xSetDioIrqParams	32	static
../libraries/LoRaWAN/phy/sx126x.c:331:10:SX126xGetIrqStatus	16	static
../libraries/LoRaWAN/phy/sx126x.c:338:6:SX126xSetDio2AsRfSwitchCtrl	16	static
../libraries/LoRaWAN/phy/sx126x.c:342:6:SX126xSetDio3AsTcxoCtrl	24	static
../libraries/LoRaWAN/phy/sx126x.c:361:6:SX126xSetRfFrequency	24	static
../libraries/LoRaWAN/phy/sx126x.c:378:6:SX126xSetPacketType	16	static
../libraries/LoRaWAN/phy/sx126x.c:384:20:SX126xGetPacketType	4	static
../libraries/LoRaWAN/phy/sx126x.c:388:6:SX126xSetTxParams	24	static
../libraries/LoRaWAN/phy/sx126x.c:427:6:SX126xSetModulationParams	32	static
../libraries/LoRaWAN/phy/sx126x.c:472:6:SX126xSetPacketParams	32	static
../libraries/LoRaWAN/phy/sx126x.c:526:6:SX126xSetCadParams	32	static
../libraries/LoRaWAN/phy/sx126x.c:541:6:SX126xSetBufferBaseAddress	24	static
../libraries/LoRaWAN/phy/sx126x.c:549:15:SX126xGetStatus	16	static
../libraries/LoRaWAN/phy/sx126x.c:558:8:SX126xGetRssiInst	16	static
../libraries/LoRaWAN/phy/sx126x.c:567:6:SX126xGetRxBufferStatus	24	static
../libraries/LoRaWAN/phy/sx126x.c:585:6:SX126xGetPacketStatus	24	static
../libraries/LoRaWAN/phy/sx126x.c:617:14:SX126xGetDeviceErrors	16	static
../libraries/LoRaWAN/phy/sx126x.c:624:6:SX126xClearDeviceErrors	16	static
../libraries/LoRaWAN/phy/sx126x.c:629:6:SX126xClearIrqStatus	24	static
