../libraries/LoRaWAN/phy/sx126x_bsp.c:11:6:SX126xIoInit	8	static
../libraries/LoRaWAN/phy/sx126x_bsp.c:17:6:SX126xIoReInit	4	static
../libraries/LoRaWAN/phy/sx126x_bsp.c:22:6:SX126xIoDeInit	4	static
../libraries/LoRaWAN/phy/sx126x_bsp.c:26:6:SX126xReset	8	static
../libraries/LoRaWAN/phy/sx126x_bsp.c:34:6:SX126xWaitOnBusy	16	static,ignoring_inline_asm
../libraries/LoRaWAN/phy/sx126x_bsp.c:45:6:SX126xWakeup	16	static,ignoring_inline_asm
../libraries/LoRaWAN/phy/sx126x_bsp.c:58:6:SX126xWriteCommand	16	static
../libraries/LoRaWAN/phy/sx126x_bsp.c:70:6:SX126xReadCommand	24	static
../libraries/LoRaWAN/phy/sx126x_bsp.c:82:6:SX126xWriteRegisters	24	static
../libraries/LoRaWAN/phy/sx126x_bsp.c:94:6:SX126xWriteRegister	16	static
../libraries/LoRaWAN/phy/sx126x_bsp.c:98:6:SX126xReadRegisters	24	static
../libraries/LoRaWAN/phy/sx126x_bsp.c:110:9:SX126xReadRegister	24	static
../libraries/LoRaWAN/phy/sx126x_bsp.c:116:6:SX126xWriteBuffer	24	static
../libraries/LoRaWAN/phy/sx126x_bsp.c:128:6:SX126xReadBuffer	24	static
../libraries/LoRaWAN/phy/sx126x_bsp.c:142:6:SX126xSetRfTxPower	16	static
../libraries/LoRaWAN/phy/sx126x_bsp.c:146:9:SX126xGetPaSelect	16	static
../libraries/LoRaWAN/phy/sx126x_bsp.c:315:6:SX126xAntSwOn	4	static
../libraries/LoRaWAN/phy/sx126x_bsp.c:318:6:SX126xAntSwOff	4	static
../libraries/LoRaWAN/phy/sx126x_bsp.c:321:6:SX126xRXena	4	static
../libraries/LoRaWAN/phy/sx126x_bsp.c:324:6:SX126xTXena	4	static
../libraries/LoRaWAN/phy/sx126x_bsp.c:327:6:SX126xCheckRfFrequency	16	static
../libraries/LoRaWAN/phy/sx126x_bsp.c:331:6:SX126xGetStats	32	static
../libraries/LoRaWAN/phy/sx126x_bsp.c:341:6:SX126xResetStats	16	static
