../Drivers/CMSIS/Include/core_cm4.h:1933:34:__NVIC_SystemReset	4	static,ignoring_inline_asm
../LoRaWAN/App/lora_app.c:356:6:LoRaWAN_Init	16	static
../LoRaWAN/App/lora_app.c:454:13:Thd_LmHandlerProcess	16	static
../LoRaWAN/App/lora_app.c:470:13:Thd_LoraSendProcess	16	static
../LoRaWAN/App/lora_app.c:487:13:Thd_LoraStoreContext	16	static
../LoRaWAN/App/lora_app.c:504:13:Thd_LoraStopJoin	16	static
../LoRaWAN/App/lora_app.c:521:13:OnRxData	16	static
../LoRaWAN/App/lora_app.c:527:13:SendTxData	4	static
../LoRaWAN/App/lora_app.c:534:13:OnTxTimerEvent	16	static
../LoRaWAN/App/lora_app.c:552:13:OnTxData	16	static
../LoRaWAN/App/lora_app.c:558:13:OnJoinRequest	16	static
../LoRaWAN/App/lora_app.c:564:13:OnBeaconStatusChange	16	static
../LoRaWAN/App/lora_app.c:570:13:OnSysTimeUpdate	4	static
../LoRaWAN/App/lora_app.c:577:13:OnClassChange	16	static
../LoRaWAN/App/lora_app.c:583:13:OnMacProcessNotify	8	static
../LoRaWAN/App/lora_app.c:595:13:OnTxPeriodicityChanged	16	static
../LoRaWAN/App/lora_app.c:617:13:OnTxFrameCtrlChanged	16	static
../LoRaWAN/App/lora_app.c:628:13:OnPingSlotPeriodicityChanged	16	static
../LoRaWAN/App/lora_app.c:639:13:OnSystemReset	8	static
../LoRaWAN/App/lora_app.c:653:13:StopJoin	8	static
../LoRaWAN/App/lora_app.c:688:13:OnStopJoinTimerEvent	16	static
../LoRaWAN/App/lora_app.c:702:13:StoreContext	16	static
../LoRaWAN/App/lora_app.c:724:13:OnNvmDataChange	16	static
../LoRaWAN/App/lora_app.c:742:13:OnStoreContextRequest	16	static
../LoRaWAN/App/lora_app.c:757:13:OnRestoreContextRequest	16	static
