../libraries/lora/radio/radio.c:498:16:RadioGetFskBandwidthRegValue	24	static
../libraries/lora/radio/radio.c:514:6:RadioInit	16	static
../libraries/lora/radio/radio.c:538:6:RadioReInit	16	static
../libraries/lora/radio/radio.c:551:14:RadioGetStatus	8	static
../libraries/lora/radio/radio.c:564:6:RadioSetModem	16	static
../libraries/lora/radio/radio.c:586:6:RadioSetChannel	16	static
../libraries/lora/radio/radio.c:590:6:RadioIsChannelFree	40	static
../libraries/lora/radio/radio.c:618:10:RadioRandom	16	static
../libraries/lora/radio/radio.c:634:6:RadioSetRxConfig	40	static
../libraries/lora/radio/radio.c:755:6:RadioSetTxConfig	40	static
../libraries/lora/radio/radio.c:858:6:RadioCheckRfFrequency	16	static
../libraries/lora/radio/radio.c:862:10:RadioTimeOnAir	80	static
../libraries/lora/radio/radio.c:914:6:RadioSend	16	static
../libraries/lora/radio/radio.c:933:6:RadioSleep	16	static
../libraries/lora/radio/radio.c:942:6:RadioStandby	8	static
../libraries/lora/radio/radio.c:946:6:RadioRx	16	static
../libraries/lora/radio/radio.c:964:6:RadioRxBoosted	16	static
../libraries/lora/radio/radio.c:983:6:RadioSetRxDutyCycle	16	static
../libraries/lora/radio/radio.c:990:6:RadioSetCadParams	32	static
../libraries/lora/radio/radio.c:994:6:RadioStartCad	8	static
../libraries/lora/radio/radio.c:1001:6:RadioTx	16	static
../libraries/lora/radio/radio.c:1012:6:RadioSetTxContinuousWave	16	static
../libraries/lora/radio/radio.c:1021:9:RadioRssi	16	static
../libraries/lora/radio/radio.c:1031:6:RadioWrite	16	static
../libraries/lora/radio/radio.c:1040:9:RadioRead	16	static
../libraries/lora/radio/radio.c:1044:6:RadioWriteBuffer	16	static
../libraries/lora/radio/radio.c:1048:6:RadioReadBuffer	16	static
../libraries/lora/radio/radio.c:1052:6:RadioWriteFifo	16	static
../libraries/lora/radio/radio.c:1056:6:RadioReadFifo	16	static
../libraries/lora/radio/radio.c:1060:6:RadioSetMaxPayloadLength	16	static
../libraries/lora/radio/radio.c:1073:6:RadioSetPublicNetwork	16	static
../libraries/lora/radio/radio.c:1089:10:RadioGetWakeupTime	8	static
../libraries/lora/radio/radio.c:1093:6:RadioOnTxTimeoutIrq	8	static,ignoring_inline_asm
../libraries/lora/radio/radio.c:1104:6:RadioOnRxTimeoutIrq	8	static,ignoring_inline_asm
../libraries/lora/radio/radio.c:1115:6:RadioOnDioIrq	8	static,ignoring_inline_asm
../libraries/lora/radio/radio.c:1121:6:RadioBgIrqProcess	24	static,ignoring_inline_asm
../libraries/lora/radio/radio.c:1254:6:RadioIrqProcess	8	static
../libraries/lora/radio/radio.c:1258:6:RadioIrqProcessAfterDeepSleep	8	static,ignoring_inline_asm
