Archive member included to satisfy reference by file (symbol)

/opt/st/stm32cubeide_1.15.1/plugins/com.st.stm32cube.ide.mcu.externaltools.gnu-tools-for-stm32.12.3.rel1.linux64_1.0.100.202403111256/tools/bin/../lib/gcc/arm-none-eabi/12.3.1/../../../../arm-none-eabi/lib/thumb/v6-m/nofp/libc_nano.a(libc_a-exit.o)
                              /opt/st/stm32cubeide_1.15.1/plugins/com.st.stm32cube.ide.mcu.externaltools.gnu-tools-for-stm32.12.3.rel1.linux64_1.0.100.202403111256/tools/bin/../lib/gcc/arm-none-eabi/12.3.1/../../../../arm-none-eabi/lib/thumb/v6-m/nofp/crt0.o (exit)
/opt/st/stm32cubeide_1.15.1/plugins/com.st.stm32cube.ide.mcu.externaltools.gnu-tools-for-stm32.12.3.rel1.linux64_1.0.100.202403111256/tools/bin/../lib/gcc/arm-none-eabi/12.3.1/../../../../arm-none-eabi/lib/thumb/v6-m/nofp/libc_nano.a(libc_a-malloc.o)
                              ./libraries/TraceLog/TraceLog.o (free)
/opt/st/stm32cubeide_1.15.1/plugins/com.st.stm32cube.ide.mcu.externaltools.gnu-tools-for-stm32.12.3.rel1.linux64_1.0.100.202403111256/tools/bin/../lib/gcc/arm-none-eabi/12.3.1/../../../../arm-none-eabi/lib/thumb/v6-m/nofp/libc_nano.a(libc_a-mallocr.o)
                              /opt/st/stm32cubeide_1.15.1/plugins/com.st.stm32cube.ide.mcu.externaltools.gnu-tools-for-stm32.12.3.rel1.linux64_1.0.100.202403111256/tools/bin/../lib/gcc/arm-none-eabi/12.3.1/../../../../arm-none-eabi/lib/thumb/v6-m/nofp/libc_nano.a(libc_a-malloc.o) (_malloc_r)
/opt/st/stm32cubeide_1.15.1/plugins/com.st.stm32cube.ide.mcu.externaltools.gnu-tools-for-stm32.12.3.rel1.linux64_1.0.100.202403111256/tools/bin/../lib/gcc/arm-none-eabi/12.3.1/../../../../arm-none-eabi/lib/thumb/v6-m/nofp/libc_nano.a(libc_a-mlock.o)
                              /opt/st/stm32cubeide_1.15.1/plugins/com.st.stm32cube.ide.mcu.externaltools.gnu-tools-for-stm32.12.3.rel1.linux64_1.0.100.202403111256/tools/bin/../lib/gcc/arm-none-eabi/12.3.1/../../../../arm-none-eabi/lib/thumb/v6-m/nofp/libc_nano.a(libc_a-mallocr.o) (__malloc_lock)
/opt/st/stm32cubeide_1.15.1/plugins/com.st.stm32cube.ide.mcu.externaltools.gnu-tools-for-stm32.12.3.rel1.linux64_1.0.100.202403111256/tools/bin/../lib/gcc/arm-none-eabi/12.3.1/../../../../arm-none-eabi/lib/thumb/v6-m/nofp/libc_nano.a(libc_a-findfp.o)
                              /opt/st/stm32cubeide_1.15.1/plugins/com.st.stm32cube.ide.mcu.externaltools.gnu-tools-for-stm32.12.3.rel1.linux64_1.0.100.202403111256/tools/bin/../lib/gcc/arm-none-eabi/12.3.1/../../../../arm-none-eabi/lib/thumb/v6-m/nofp/libc_nano.a(libc_a-exit.o) (__stdio_exit_handler)
/opt/st/stm32cubeide_1.15.1/plugins/com.st.stm32cube.ide.mcu.externaltools.gnu-tools-for-stm32.12.3.rel1.linux64_1.0.100.202403111256/tools/bin/../lib/gcc/arm-none-eabi/12.3.1/../../../../arm-none-eabi/lib/thumb/v6-m/nofp/libc_nano.a(libc_a-fwalk.o)
                              /opt/st/stm32cubeide_1.15.1/plugins/com.st.stm32cube.ide.mcu.externaltools.gnu-tools-for-stm32.12.3.rel1.linux64_1.0.100.202403111256/tools/bin/../lib/gcc/arm-none-eabi/12.3.1/../../../../arm-none-eabi/lib/thumb/v6-m/nofp/libc_nano.a(libc_a-findfp.o) (_fwalk_sglue)
/opt/st/stm32cubeide_1.15.1/plugins/com.st.stm32cube.ide.mcu.externaltools.gnu-tools-for-stm32.12.3.rel1.linux64_1.0.100.202403111256/tools/bin/../lib/gcc/arm-none-eabi/12.3.1/../../../../arm-none-eabi/lib/thumb/v6-m/nofp/libc_nano.a(libc_a-stdio.o)
                              /opt/st/stm32cubeide_1.15.1/plugins/com.st.stm32cube.ide.mcu.externaltools.gnu-tools-for-stm32.12.3.rel1.linux64_1.0.100.202403111256/tools/bin/../lib/gcc/arm-none-eabi/12.3.1/../../../../arm-none-eabi/lib/thumb/v6-m/nofp/libc_nano.a(libc_a-findfp.o) (__sread)
/opt/st/stm32cubeide_1.15.1/plugins/com.st.stm32cube.ide.mcu.externaltools.gnu-tools-for-stm32.12.3.rel1.linux64_1.0.100.202403111256/tools/bin/../lib/gcc/arm-none-eabi/12.3.1/../../../../arm-none-eabi/lib/thumb/v6-m/nofp/libc_nano.a(libc_a-asprintf.o)
                              ./libraries/TraceLog/TraceLog.o (asprintf)
/opt/st/stm32cubeide_1.15.1/plugins/com.st.stm32cube.ide.mcu.externaltools.gnu-tools-for-stm32.12.3.rel1.linux64_1.0.100.202403111256/tools/bin/../lib/gcc/arm-none-eabi/12.3.1/../../../../arm-none-eabi/lib/thumb/v6-m/nofp/libc_nano.a(libc_a-vasprintf.o)
                              ./libraries/TraceLog/TraceLog.o (vasprintf)
/opt/st/stm32cubeide_1.15.1/plugins/com.st.stm32cube.ide.mcu.externaltools.gnu-tools-for-stm32.12.3.rel1.linux64_1.0.100.202403111256/tools/bin/../lib/gcc/arm-none-eabi/12.3.1/../../../../arm-none-eabi/lib/thumb/v6-m/nofp/libc_nano.a(libc_a-memset.o)
                              /opt/st/stm32cubeide_1.15.1/plugins/com.st.stm32cube.ide.mcu.externaltools.gnu-tools-for-stm32.12.3.rel1.linux64_1.0.100.202403111256/tools/bin/../lib/gcc/arm-none-eabi/12.3.1/../../../../arm-none-eabi/lib/thumb/v6-m/nofp/crt0.o (memset)
[...]
Memory Configuration

Name             Origin             Length             Attributes
RAM              0x20000000         0x00002000         xrw
FLASH            0x08000000         0x00010000         xr
*default*        0x00000000         0xffffffff

Linker script and memory map

LOAD /opt/st/stm32cubeide_1.15.1/plugins/com.st.stm32cube.ide.mcu.externaltools.gnu-tools-for-stm32.12.3.rel1.linux64_1.0.100.202403111256/tools/bin/../lib/gcc/arm-none-eabi/12.3.1/thumb/v6-m/nofp/crti.o
LOAD /opt/st/stm32cubeide_1.15.1/plugins/com.st.stm32cube.ide.mcu.externaltools.gnu-tools-for-stm32.12.3.rel1.linux64_1.0.100.202403111256/tools/bin/../lib/gcc/arm-none-eabi/12.3.1/thumb/v6-m/nofp/crtbegin.o
LOAD /opt/st/stm32cubeide_1.15.1/plugins/com.st.stm32cube.ide.mcu.externaltools.gnu-tools-for-stm32.12.3.rel1.linux64_1.0.100.202403111256/tools/bin/../lib/gcc/arm-none-eabi/12.3.1/../../../../arm-none-eabi/lib/thumb/v6-m/nofp/crt0.o
LOAD ./Core/Src/adc.o
LOAD ./Core/Src/gpio.o
LOAD ./Core/Src/main.o
LOAD ./Core/Src/spi.o
LOAD ./Core/Src/stm32u0xx_hal_msp.o
LOAD ./Core/Src/stm32u0xx_it.o
LOAD ./Core/Src/syscalls.o
LOAD ./Core/Src/sysmem.o
LOAD ./Core/Src/system_stm32u0xx.o
LOAD ./Core/Src/usart.o
LOAD ./Core/Startup/startup_stm32u031c8tx.o
LOAD ./Drivers/STM32U0xx_HAL_Driver/Src/stm32u0xx_hal.o
LOAD ./Drivers/STM32U0xx_HAL_Driver/Src/stm32u0xx_hal_adc.o
LOAD ./Drivers/STM32U0xx_HAL_Driver/Src/stm32u0xx_hal_adc_ex.o
LOAD ./Drivers/STM32U0xx_HAL_Driver/Src/stm32u0xx_hal_cortex.o
LOAD ./Drivers/STM32U0xx_HAL_Driver/Src/stm32u0xx_hal_dma.o
LOAD ./Drivers/STM32U0xx_HAL_Driver/Src/stm32u0xx_hal_dma_ex.o
LOAD ./Drivers/STM32U0xx_HAL_Driver/Src/stm32u0xx_hal_exti.o
LOAD ./Drivers/STM32U0xx_HAL_Driver/Src/stm32u0xx_hal_flash.o
LOAD ./Drivers/STM32U0xx_HAL_Driver/Src/stm32u0xx_hal_flash_ex.o
LOAD ./Drivers/STM32U0xx_HAL_Driver/Src/stm32u0xx_hal_gpio.o
LOAD ./Drivers/STM32U0xx_HAL_Driver/Src/stm32u0xx_hal_pwr.o
LOAD ./Drivers/STM32U0xx_HAL_Driver/Src/stm32u0xx_hal_pwr_ex.o
LOAD ./Drivers/STM32U0xx_HAL_Driver/Src/stm32u0xx_hal_rcc.o
LOAD ./Drivers/STM32U0xx_HAL_Driver/Src/stm32u0xx_hal_rcc_ex.o
LOAD ./Drivers/STM32U0xx_HAL_Driver/Src/stm32u0xx_hal_spi.o
LOAD ./Drivers/STM32U0xx_HAL_Driver/Src/stm32u0xx_hal_spi_ex.o
LOAD ./Drivers/STM32U0xx_HAL_Driver/Src/stm32u0xx_hal_tim.o
LOAD ./Drivers/STM32U0xx_HAL_Driver/Src/stm32u0xx_hal_tim_ex.o
LOAD ./Drivers/STM32U0xx_HAL_Driver/Src/stm32u0xx_hal_uart.o
LOAD ./Drivers/STM32U0xx_HAL_Driver/Src/stm32u0xx_hal_uart_ex.o
LOAD ./Drivers/STM32U0xx_HAL_Driver/Src/stm32u0xx_ll_adc.o
LOAD ./libraries/TraceLog/TraceLog.o
LOAD ./libraries/lora/radio/radio.o
LOAD ./libraries/lora/sx126x/sx126x.o
LOAD ./libraries/lora/sx126x/sx126x_bsp.o
START GROUP
LOAD /opt/st/stm32cubeide_1.15.1/plugins/com.st.stm32cube.ide.mcu.externaltools.gnu-tools-for-stm32.12.3.rel1.linux64_1.0.100.202403111256/tools/bin/../lib/gcc/arm-none-eabi/12.3.1/../../../../arm-none-eabi/lib/thumb/v6-m/nofp/libc_nano.a
LOAD /opt/st/stm32cubeide_1.15.1/plugins/com.st.stm32cube.ide.mcu.externaltools.gnu-tools-for-stm32.12.3.rel1.linux64_1.0.100.202403111256/tools/bin/../lib/gcc/arm-none-eabi/12.3.1/../../../../arm-none-eabi/lib/thumb/v6-m/nofp/libm.a
END GROUP
START GROUP
LOAD /opt/st/stm32cubeide_1.15.1/plugins/com.st.stm32cube.ide.mcu.externaltools.gnu-tools-for-stm32.12.3.rel1.linux64_1.0.100.202403111256/tools/bin/../lib/gcc/arm-none-eabi/12.3.1/thumb/v6-m/nofp/libgcc.a
LOAD /opt/st/stm32cubeide_1.15.1/plugins/com.st.stm32cube.ide.mcu.externaltools.gnu-tools-for-stm32.12.3.rel1.linux64_1.0.100.202403111256/tools/bin/../lib/gcc/arm-none-eabi/12.3.1/../../../../arm-none-eabi/lib/thumb/v6-m/nofp/libc_nano.a
END GROUP
START GROUP
LOAD /opt/st/stm32cubeide_1.15.1/plugins/com.st.stm32cube.ide.mcu.externaltools.gnu-tools-for-stm32.12.3.rel1.linux64_1.0.100.202403111256/tools/bin/../lib/gcc/arm-none-eabi/12.3.1/thumb/v6-m/nofp/libgcc.a
LOAD /opt/st/stm32cubeide_1.15.1/plugins/com.st.stm32cube.ide.mcu.externaltools.gnu-tools-for-stm32.12.3.rel1.linux64_1.0.100.202403111256/tools/bin/../lib/gcc/arm-none-eabi/12.3.1/../../../../arm-none-eabi/lib/thumb/v6-m/nofp/libc_nano.a
LOAD /opt/st/stm32cubeide_1.15.1/plugins/com.st.stm32cube.ide.mcu.externaltools.gnu-tools-for-stm32.12.3.rel1.linux64_1.0.100.202403111256/tools/bin/../lib/gcc/arm-none-eabi/12.3.1/../../../../arm-none-eabi/lib/thumb/v6-m/nofp/libnosys.a
END GROUP
START GROUP
LOAD /opt/st/stm32cubeide_1.15.1/plugins/com.st.stm32cube.ide.mcu.externaltools.gnu-tools-for-stm32.12.3.rel1.linux64_1.0.100.202403111256/tools/bin/../lib/gcc/arm-none-eabi/12.3.1/thumb/v6-m/nofp/libgcc.a
LOAD /opt/st/stm32cubeide_1.15.1/plugins/com.st.stm32cube.ide.mcu.externaltools.gnu-tools-for-stm32.12.3.rel1.linux64_1.0.100.202403111256/tools/bin/../lib/gcc/arm-none-eabi/12.3.1/../../../../arm-none-eabi/lib/thumb/v6-m/nofp/libc_nano.a
LOAD /opt/st/stm32cubeide_1.15.1/plugins/com.st.stm32cube.ide.mcu.externaltools.gnu-tools-for-stm32.12.3.rel1.linux64_1.0.100.202403111256/tools/bin/../lib/gcc/arm-none-eabi/12.3.1/../../../../arm-none-eabi/lib/thumb/v6-m/nofp/libnosys.a
END GROUP
LOAD /opt/st/stm32cubeide_1.15.1/plugins/com.st.stm32cube.ide.mcu.externaltools.gnu-tools-for-stm32.12.3.rel1.linux64_1.0.100.202403111256/tools/bin/../lib/gcc/arm-none-eabi/12.3.1/thumb/v6-m/nofp/crtend.o
LOAD /opt/st/stm32cubeide_1.15.1/plugins/com.st.stm32cube.ide.mcu.externaltools.gnu-tools-for-stm32.12.3.rel1.linux64_1.0.100.202403111256/tools/bin/../lib/gcc/arm-none-eabi/12.3.1/thumb/v6-m/nofp/crtn.o
                0x20002000                        _estack = (ORIGIN (RAM) + LENGTH (RAM))
                0x00000200                        _Min_Heap_Size = 0x200
                0x00000400                        _Min_Stack_Size = 0x400

.isr_vector     0x08000000       0xc0
                0x08000000                        . = ALIGN (0x4)
 *(.isr_vector)
 .isr_vector    0x08000000       0xc0 ./Core/Startup/startup_stm32u031c8tx.o
                0x08000000                g_pfnVectors
                0x080000c0                        . = ALIGN (0x4)

.text           0x080000c0     0xd188
                0x080000c0                        . = ALIGN (0x4)
 *(.text)
 .text          0x080000c0       0x48 /opt/st/stm32cubeide_1.15.1/plugins/com.st.stm32cube.ide.mcu.externaltools.gnu-tools-for-stm32.12.3.rel1.linux64_1.0.100.202403111256/tools/bin/../lib/gcc/arm-none-eabi/12.3.1/thumb/v6-m/nofp/crtbegin.o
 .text          0x08000108        0xe /opt/st/stm32cubeide_1.15.1/plugins/com.st.stm32cube.ide.mcu.externaltools.gnu-tools-for-stm32.12.3.rel1.linux64_1.0.100.202403111256/tools/bin/../lib/gcc/arm-none-eabi/12.3.1/../../../../arm-none-eabi/lib/thumb/v6-m/nofp/libc_nano.a(libc_a-strlen.o)
                0x08000108                strlen
 *fill*         0x08000116        0x2 
 .text          0x08000118       0x14 /opt/st/stm32cubeide_1.15.1/plugins/com.st.stm32cube.ide.mcu.externaltools.gnu-tools-for-stm32.12.3.rel1.linux64_1.0.100.202403111256/tools/bin/../lib/gcc/arm-none-eabi/12.3.1/thumb/v6-m/nofp/libgcc.a(_thumb1_case_shi.o)
                0x08000118                __gnu_thumb1_case_shi
 .text          0x0800012c      0x114 /opt/st/stm32cubeide_1.15.1/plugins/com.st.stm32cube.ide.mcu.externaltools.gnu-tools-for-stm32.12.3.rel1.linux64_1.0.100.202403111256/tools/bin/../lib/gcc/arm-none-eabi/12.3.1/thumb/v6-m/nofp/libgcc.a(_udivsi3.o)
                0x0800012c                __udivsi3
                0x0800012c                __aeabi_uidiv
                0x08000238                __aeabi_uidivmod
 .text          0x08000240      0x1d4 /opt/st/stm32cubeide_1.15.1/plugins/com.st.stm32cube.ide.mcu.externaltools.gnu-tools-for-stm32.12.3.rel1.linux64_1.0.100.202403111256/tools/bin/../lib/gcc/arm-none-eabi/12.3.1/thumb/v6-m/nofp/libgcc.a(_divsi3.o)
                0x08000240                __aeabi_idiv
                0x08000240                __divsi3
                0x0800040c                __aeabi_idivmod
 .text          0x08000414        0x4 /opt/st/stm32cubeide_1.15.1/plugins/com.st.stm32cube.ide.mcu.externaltools.gnu-tools-for-stm32.12.3.rel1.linux64_1.0.100.202403111256/tools/bin/../lib/gcc/arm-none-eabi/12.3.1/thumb/v6-m/nofp/libgcc.a(_dvmd_tls.o)
                0x08000414                __aeabi_ldiv0
                0x08000414                __aeabi_idiv0
 .text          0x08000418       0x7c /opt/st/stm32cubeide_1.15.1/plugins/com.st.stm32cube.ide.mcu.externaltools.gnu-tools-for-stm32.12.3.rel1.linux64_1.0.100.202403111256/tools/bin/../lib/gcc/arm-none-eabi/12.3.1/thumb/v6-m/nofp/libgcc.a(_arm_cmpdf2.o)
                0x08000418                __aeabi_cdrcmple
                0x08000428                __aeabi_cdcmple
                0x08000428                __aeabi_cdcmpeq
                0x08000438                __aeabi_dcmpeq
                0x08000444                __aeabi_dcmplt
                0x08000458                __aeabi_dcmple
                0x0800046c                __aeabi_dcmpgt
                0x08000480                __aeabi_dcmpge
 .text          0x08000494       0x3c /opt/st/stm32cubeide_1.15.1/plugins/com.st.stm32cube.ide.mcu.externaltools.gnu-tools-for-stm32.12.3.rel1.linux64_1.0.100.202403111256/tools/bin/../lib/gcc/arm-none-eabi/12.3.1/thumb/v6-m/nofp/libgcc.a(_clzsi2.o)
                0x08000494                __clzsi2
 .text          0x080004d0       0x40 /opt/st/stm32cubeide_1.15.1/plugins/com.st.stm32cube.ide.mcu.externaltools.gnu-tools-for-stm32.12.3.rel1.linux64_1.0.100.202403111256/tools/bin/../lib/gcc/arm-none-eabi/12.3.1/thumb/v6-m/nofp/libgcc.a(_aeabi_uldivmod.o)
                0x080004d0                __aeabi_uldivmod
 .text          0x08000510       0x3c /opt/st/stm32cubeide_1.15.1/plugins/com.st.stm32cube.ide.mcu.externaltools.gnu-tools-for-stm32.12.3.rel1.linux64_1.0.100.202403111256/tools/bin/../lib/gcc/arm-none-eabi/12.3.1/thumb/v6-m/nofp/libgcc.a(_fixunsdfsi.o)
                0x08000510                __fixunsdfsi
                0x08000510                __aeabi_d2uiz
 .text          0x0800054c      0x198 /opt/st/stm32cubeide_1.15.1/plugins/com.st.stm32cube.ide.mcu.externaltools.gnu-tools-for-stm32.12.3.rel1.linux64_1.0.100.202403111256/tools/bin/../lib/gcc/arm-none-eabi/12.3.1/thumb/v6-m/nofp/libgcc.a(_udivmoddi4.o)
                0x0800054c                __udivmoddi4
 .text          0x080006e4      0x6c8 /opt/st/stm32cubeide_1.15.1/plugins/com.st.stm32cube.ide.mcu.externaltools.gnu-tools-for-stm32.12.3.rel1.linux64_1.0.100.202403111256/tools/bin/../lib/gcc/arm-none-eabi/12.3.1/thumb/v6-m/nofp/libgcc.a(adddf3.o)
                0x080006e4                __aeabi_dadd
 .text          0x08000dac      0x634 /opt/st/stm32cubeide_1.15.1/plugins/com.st.stm32cube.ide.mcu.externaltools.gnu-tools-for-stm32.12.3.rel1.linux64_1.0.100.202403111256/tools/bin/../lib/gcc/arm-none-eabi/12.3.1/thumb/v6-m/nofp/libgcc.a(divdf3.o)
                0x08000dac                __aeabi_ddiv
 .text          0x080013e0       0x88 /opt/st/stm32cubeide_1.15.1/plugins/com.st.stm32cube.ide.mcu.externaltools.gnu-tools-for-stm32.12.3.rel1.linux64_1.0.100.202403111256/tools/bin/../lib/gcc/arm-none-eabi/12.3.1/thumb/v6-m/nofp/libgcc.a(eqdf2.o)
                0x080013e0                __eqdf2
                0x080013e0                __nedf2
 .text          0x08001468       0xe8 /opt/st/stm32cubeide_1.15.1/plugins/com.st.stm32cube.ide.mcu.externaltools.gnu-tools-for-stm32.12.3.rel1.linux64_1.0.100.202403111256/tools/bin/../lib/gcc/arm-none-eabi/12.3.1/thumb/v6-m/nofp/libgcc.a(gedf2.o)
                0x08001468                __gtdf2
                0x08001468                __gedf2
 .text          0x08001550       0xe4 /opt/st/stm32cubeide_1.15.1/plugins/com.st.stm32cube.ide.mcu.externaltools.gnu-tools-for-stm32.12.3.rel1.linux64_1.0.100.202403111256/tools/bin/../lib/gcc/arm-none-eabi/12.3.1/thumb/v6-m/nofp/libgcc.a(ledf2.o)
                0x08001550                __ltdf2
                0x08001550                __ledf2
 .text          0x08001634      0x590 /opt/st/stm32cubeide_1.15.1/plugins/com.st.stm32cube.ide.mcu.externaltools.gnu-tools-for-stm32.12.3.rel1.linux64_1.0.100.202403111256/tools/bin/../lib/gcc/arm-none-eabi/12.3.1/thumb/v6-m/nofp/libgcc.a(muldf3.o)
                0x08001634                __aeabi_dmul
 .text          0x08001bc4      0x738 /opt/st/stm32cubeide_1.15.1/plugins/com.st.stm32cube.ide.mcu.externaltools.gnu-tools-for-stm32.12.3.rel1.linux64_1.0.100.202403111256/tools/bin/../lib/gcc/arm-none-eabi/12.3.1/thumb/v6-m/nofp/libgcc.a(subdf3.o)
                0x08001bc4                __aeabi_dsub
 .text          0x080022fc       0x78 /opt/st/stm32cubeide_1.15.1/plugins/com.st.stm32cube.ide.mcu.externaltools.gnu-tools-for-stm32.12.3.rel1.linux64_1.0.100.202403111256/tools/bin/../lib/gcc/arm-none-eabi/12.3.1/thumb/v6-m/nofp/libgcc.a(fixdfsi.o)
                0x080022fc                __aeabi_d2iz
 .text          0x08002374       0x5c /opt/st/stm32cubeide_1.15.1/plugins/com.st.stm32cube.ide.mcu.externaltools.gnu-tools-for-stm32.12.3.rel1.linux64_1.0.100.202403111256/tools/bin/../lib/gcc/arm-none-eabi/12.3.1/thumb/v6-m/nofp/libgcc.a(floatsidf.o)
                0x08002374                __aeabi_i2d
 .text          0x080023d0       0x48 /opt/st/stm32cubeide_1.15.1/plugins/com.st.stm32cube.ide.mcu.externaltools.gnu-tools-for-stm32.12.3.rel1.linux64_1.0.100.202403111256/tools/bin/../lib/gcc/arm-none-eabi/12.3.1/thumb/v6-m/nofp/libgcc.a(floatunsidf.o)
                0x080023d0                __aeabi_ui2d
 .text          0x08002418       0x18 /opt/st/stm32cubeide_1.15.1/plugins/com.st.stm32cube.ide.mcu.externaltools.gnu-tools-for-stm32.12.3.rel1.linux64_1.0.100.202403111256/tools/bin/../lib/gcc/arm-none-eabi/12.3.1/thumb/v6-m/nofp/libgcc.a(_clzdi2.o)
                0x08002418                __clzdi2
 *(.text*)
 .text.MX_ADC1_Init
                0x08002430       0xd8 ./Core/Src/adc.o
                0x08002430                MX_ADC1_Init
 .text.HAL_ADC_MspInit
                0x08002508       0xb8 ./Core/Src/adc.o
                0x08002508                HAL_ADC_MspInit
 .text.HAL_ADC_MspDeInit
                0x080025c0       0x40 ./Core/Src/adc.o
                0x080025c0                HAL_ADC_MspDeInit
 .text.MX_GPIO_Init
                0x08002600      0x220 ./Core/Src/gpio.o
                0x08002600                MX_GPIO_Init
 .text.main     0x08002820      0x2c4 ./Core/Src/main.o
                0x08002820                main
 .text.SystemClock_Config
                0x08002ae4       0x90 ./Core/Src/main.o
                0x08002ae4                SystemClock_Config
 .text.HAL_GPIO_EXTI_Rising_Callback
                0x08002b74       0x20 ./Core/Src/main.o
                0x08002b74                HAL_GPIO_EXTI_Rising_Callback
 .text.HAL_GPIO_EXTI_Falling_Callback
                0x08002b94       0x58 ./Core/Src/main.o
                0x08002b94                HAL_GPIO_EXTI_Falling_Callback
 .text.adc_get_value
                0x08002bec       0xa0 ./Core/Src/main.o
                0x08002bec                adc_get_value
 .text.tracelog
                0x08002c8c       0x2c ./Core/Src/main.o
 .text.send_packet
                0x08002cb8       0x9c ./Core/Src/main.o
                0x08002cb8                send_packet
 .text.run_motor
                0x08002d54      0x1f4 ./Core/Src/main.o
                0x08002d54                run_motor
 .text.OnTxDone
                0x08002f48       0x18 ./Core/Src/main.o
                0x08002f48                OnTxDone
 .text.OnRxDone
                0x08002f60       0xe0 ./Core/Src/main.o
                0x08002f60                OnRxDone
 .text.Error_Handler
                0x08003040        0xc ./Core/Src/main.o
                0x08003040                Error_Handler
 .text.assert_failed
                0x0800304c       0x12 ./Core/Src/main.o
                0x0800304c                assert_failed
 *fill*         0x0800305e        0x2 
 .text.MX_SPI1_Init
                0x08003060       0x7c ./Core/Src/spi.o
                0x08003060                MX_SPI1_Init
 .text.HAL_SPI_MspInit
                0x080030dc       0x94 ./Core/Src/spi.o
                0x080030dc                HAL_SPI_MspInit
 .text.HAL_MspInit
                0x08003170       0x48 ./Core/Src/stm32u0xx_hal_msp.o
                0x08003170                HAL_MspInit
 .text.NMI_Handler
                0x080031b8        0x8 ./Core/Src/stm32u0xx_it.o
                0x080031b8                NMI_Handler
 .text.HardFault_Handler
                0x080031c0        0x8 ./Core/Src/stm32u0xx_it.o
                0x080031c0                HardFault_Handler
 .text.SVC_Handler
                0x080031c8        0xa ./Core/Src/stm32u0xx_it.o
                0x080031c8                SVC_Handler
 .text.PendSV_Handler
                0x080031d2        0xa ./Core/Src/stm32u0xx_it.o
                0x080031d2                PendSV_Handler
 .text.SysTick_Handler
                0x080031dc        0xe ./Core/Src/stm32u0xx_it.o
                0x080031dc                SysTick_Handler
 .text.EXTI2_3_IRQHandler
                0x080031ea       0x10 ./Core/Src/stm32u0xx_it.o
                0x080031ea                EXTI2_3_IRQHandler
 .text.EXTI4_15_IRQHandler
                0x080031fa       0x14 ./Core/Src/stm32u0xx_it.o
                0x080031fa                EXTI4_15_IRQHandler
 *fill*         0x0800320e        0x2 
 .text._sbrk    0x08003210       0x6c ./Core/Src/sysmem.o
                0x08003210                _sbrk
 .text.SystemInit
                0x0800327c       0x54 ./Core/Src/system_stm32u0xx.o
                0x0800327c                SystemInit
 .text.MX_USART1_UART_Init
                0x080032d0       0x9c ./Core/Src/usart.o
                0x080032d0                MX_USART1_UART_Init
 .text.HAL_UART_MspInit
                0x0800336c       0xc4 ./Core/Src/usart.o
                0x0800336c                HAL_UART_MspInit
 .text.Reset_Handler
                0x08003430       0x50 ./Core/Startup/startup_stm32u031c8tx.o
                0x08003430                Reset_Handler
 .text.Default_Handler
                0x08003480        0x2 ./Core/Startup/startup_stm32u031c8tx.o
                0x08003480                I2C2_3_IRQHandler
                0x08003480                WWDG_IWDG_IRQHandler
                0x08003480                TIM1_CC_IRQHandler
                0x08003480                TSC_IRQHandler
                0x08003480                ADC_COMP1_IRQHandler
                0x08003480                I2C1_IRQHandler
                0x08003480                TIM7_LPTIM2_IRQHandler
                0x08003480                RCC_CRS_IRQHandler
                0x08003480                RTC_TAMP_IRQHandler
                0x08003480                DMA1_Ch4_7_DMAMUX_OVR_IRQHandler
                0x08003480                SPI1_IRQHandler
                0x08003480                USART2_LPUART2_IRQHandler
                0x08003480                USART4_IRQHandler
                0x08003480                TIM16_IRQHandler
                0x08003480                TIM3_IRQHandler
                0x08003480                DMA1_Channel1_IRQHandler
                0x08003480                Default_Handler
                0x08003480                TIM15_IRQHandler
                0x08003480                EXTI0_1_IRQHandler
                0x08003480                PVD_PVM_IRQHandler
                0x08003480                SPI2_IRQHandler
                0x08003480                RNG_IRQHandler
                0x08003480                TIM6_DAC_LPTIM1_IRQHandler
                0x08003480                TIM2_IRQHandler
                0x08003480                DMA1_Channel2_3_IRQHandler
                0x08003480                FLASH_ECC_IRQHandler
                0x08003480                USART3_LPUART1_IRQHandler
                0x08003480                USART1_IRQHandler
                0x08003480                TIM1_BRK_UP_TRG_COM_IRQHandler
 .text.HAL_Init
                0x08003482       0x2e ./Drivers/STM32U0xx_HAL_Driver/Src/stm32u0xx_hal.o
                0x08003482                HAL_Init
 .text.HAL_InitTick
                0x080034b0       0x94 ./Drivers/STM32U0xx_HAL_Driver/Src/stm32u0xx_hal.o
                0x080034b0                HAL_InitTick
 .text.HAL_IncTick
                0x08003544       0x20 ./Drivers/STM32U0xx_HAL_Driver/Src/stm32u0xx_hal.o
                0x08003544                HAL_IncTick
 .text.HAL_GetTick
                0x08003564       0x14 ./Drivers/STM32U0xx_HAL_Driver/Src/stm32u0xx_hal.o
                0x08003564                HAL_GetTick
 .text.HAL_Delay
                0x08003578       0x44 ./Drivers/STM32U0xx_HAL_Driver/Src/stm32u0xx_hal.o
                0x08003578                HAL_Delay
 .text.LL_ADC_SetCommonPathInternalCh
                0x080035bc       0x28 ./Drivers/STM32U0xx_HAL_Driver/Src/stm32u0xx_hal_adc.o
 .text.LL_ADC_GetCommonPathInternalCh
                0x080035e4       0x1a ./Drivers/STM32U0xx_HAL_Driver/Src/stm32u0xx_hal_adc.o
 .text.LL_ADC_SetSamplingTimeCommonChannels
                0x080035fe       0x3a ./Drivers/STM32U0xx_HAL_Driver/Src/stm32u0xx_hal_adc.o
 .text.LL_ADC_GetSamplingTimeCommonChannels
                0x08003638       0x2e ./Drivers/STM32U0xx_HAL_Driver/Src/stm32u0xx_hal_adc.o
 .text.LL_ADC_REG_IsTriggerSourceSWStart
                0x08003666       0x22 ./Drivers/STM32U0xx_HAL_Driver/Src/stm32u0xx_hal_adc.o
 .text.LL_ADC_REG_SetSequencerRanks
                0x08003688       0x40 ./Drivers/STM32U0xx_HAL_Driver/Src/stm32u0xx_hal_adc.o
 .text.LL_ADC_REG_SetSequencerChAdd
                0x080036c8       0x22 ./Drivers/STM32U0xx_HAL_Driver/Src/stm32u0xx_hal_adc.o
 .text.LL_ADC_REG_SetSequencerChRem
                0x080036ea       0x24 ./Drivers/STM32U0xx_HAL_Driver/Src/stm32u0xx_hal_adc.o
 *fill*         0x0800370e        0x2 
 .text.LL_ADC_SetChannelSamplingTime
                0x08003710       0x38 ./Drivers/STM32U0xx_HAL_Driver/Src/stm32u0xx_hal_adc.o
 .text.LL_ADC_EnableInternalRegulator
                0x08003748       0x28 ./Drivers/STM32U0xx_HAL_Driver/Src/stm32u0xx_hal_adc.o
 .text.LL_ADC_DisableInternalRegulator
                0x08003770       0x20 ./Drivers/STM32U0xx_HAL_Driver/Src/stm32u0xx_hal_adc.o
 .text.LL_ADC_IsInternalRegulatorEnabled
                0x08003790       0x28 ./Drivers/STM32U0xx_HAL_Driver/Src/stm32u0xx_hal_adc.o
 .text.LL_ADC_Enable
                0x080037b8       0x24 ./Drivers/STM32U0xx_HAL_Driver/Src/stm32u0xx_hal_adc.o
 .text.LL_ADC_Disable
                0x080037dc       0x24 ./Drivers/STM32U0xx_HAL_Driver/Src/stm32u0xx_hal_adc.o
 .text.LL_ADC_IsEnabled
                0x08003800       0x22 ./Drivers/STM32U0xx_HAL_Driver/Src/stm32u0xx_hal_adc.o
 .text.LL_ADC_IsDisableOngoing
                0x08003822       0x22 ./Drivers/STM32U0xx_HAL_Driver/Src/stm32u0xx_hal_adc.o
 .text.LL_ADC_REG_StartConversion
                0x08003844       0x24 ./Drivers/STM32U0xx_HAL_Driver/Src/stm32u0xx_hal_adc.o
 .text.LL_ADC_REG_StopConversion
                0x08003868       0x24 ./Drivers/STM32U0xx_HAL_Driver/Src/stm32u0xx_hal_adc.o
 .text.LL_ADC_REG_IsConversionOngoing
                0x0800388c       0x22 ./Drivers/STM32U0xx_HAL_Driver/Src/stm32u0xx_hal_adc.o
 *fill*         0x080038ae        0x2 
 .text.HAL_ADC_Init
                0x080038b0      0x864 ./Drivers/STM32U0xx_HAL_Driver/Src/stm32u0xx_hal_adc.o
                0x080038b0                HAL_ADC_Init
 .text.HAL_ADC_DeInit
                0x08004114      0x158 ./Drivers/STM32U0xx_HAL_Driver/Src/stm32u0xx_hal_adc.o
                0x08004114                HAL_ADC_DeInit
 .text.HAL_ADC_Start
                0x0800426c       0xc0 ./Drivers/STM32U0xx_HAL_Driver/Src/stm32u0xx_hal_adc.o
                0x0800426c                HAL_ADC_Start
 .text.HAL_ADC_Stop
                0x0800432c       0x98 ./Drivers/STM32U0xx_HAL_Driver/Src/stm32u0xx_hal_adc.o
                0x0800432c                HAL_ADC_Stop
 .text.HAL_ADC_PollForConversion
                0x080043c4      0x148 ./Drivers/STM32U0xx_HAL_Driver/Src/stm32u0xx_hal_adc.o
                0x080043c4                HAL_ADC_PollForConversion
 .text.HAL_ADC_GetValue
                0x0800450c       0x38 ./Drivers/STM32U0xx_HAL_Driver/Src/stm32u0xx_hal_adc.o
                0x0800450c                HAL_ADC_GetValue
 .text.HAL_ADC_ConfigChannel
                0x08004544      0x534 ./Drivers/STM32U0xx_HAL_Driver/Src/stm32u0xx_hal_adc.o
                0x08004544                HAL_ADC_ConfigChannel
 .text.ADC_ConversionStop
                0x08004a78       0xa8 ./Drivers/STM32U0xx_HAL_Driver/Src/stm32u0xx_hal_adc.o
                0x08004a78                ADC_ConversionStop
 .text.ADC_Enable
                0x08004b20      0x10c ./Drivers/STM32U0xx_HAL_Driver/Src/stm32u0xx_hal_adc.o
                0x08004b20                ADC_Enable
 .text.ADC_Disable
                0x08004c2c       0xbc ./Drivers/STM32U0xx_HAL_Driver/Src/stm32u0xx_hal_adc.o
                0x08004c2c                ADC_Disable
 .text.LL_ADC_GetCommonClock
                0x08004ce8       0x1a ./Drivers/STM32U0xx_HAL_Driver/Src/stm32u0xx_hal_adc_ex.o
 .text.LL_ADC_GetClock
                0x08004d02       0x18 ./Drivers/STM32U0xx_HAL_Driver/Src/stm32u0xx_hal_adc_ex.o
 .text.LL_ADC_SetCalibrationFactor
                0x08004d1a       0x28 ./Drivers/STM32U0xx_HAL_Driver/Src/stm32u0xx_hal_adc_ex.o
 .text.LL_ADC_GetCalibrationFactor
                0x08004d42       0x1a ./Drivers/STM32U0xx_HAL_Driver/Src/stm32u0xx_hal_adc_ex.o
 .text.LL_ADC_Enable
                0x08004d5c       0x24 ./Drivers/STM32U0xx_HAL_Driver/Src/stm32u0xx_hal_adc_ex.o
 .text.LL_ADC_Disable
                0x08004d80       0x24 ./Drivers/STM32U0xx_HAL_Driver/Src/stm32u0xx_hal_adc_ex.o
 .text.LL_ADC_IsEnabled
                0x08004da4       0x22 ./Drivers/STM32U0xx_HAL_Driver/Src/stm32u0xx_hal_adc_ex.o
 *fill*         0x08004dc6        0x2 
 .text.LL_ADC_StartCalibration
                0x08004dc8       0x28 ./Drivers/STM32U0xx_HAL_Driver/Src/stm32u0xx_hal_adc_ex.o
 .text.LL_ADC_IsCalibrationOnGoing
                0x08004df0       0x26 ./Drivers/STM32U0xx_HAL_Driver/Src/stm32u0xx_hal_adc_ex.o
 *fill*         0x08004e16        0x2 
 .text.HAL_ADCEx_Calibration_Start
                0x08004e18      0x210 ./Drivers/STM32U0xx_HAL_Driver/Src/stm32u0xx_hal_adc_ex.o
                0x08004e18                HAL_ADCEx_Calibration_Start
 .text.__NVIC_EnableIRQ
                0x08005028       0x34 ./Drivers/STM32U0xx_HAL_Driver/Src/stm32u0xx_hal_cortex.o
 .text.__NVIC_SetPriority
                0x0800505c       0xdc ./Drivers/STM32U0xx_HAL_Driver/Src/stm32u0xx_hal_cortex.o
 .text.SysTick_Config
                0x08005138       0x48 ./Drivers/STM32U0xx_HAL_Driver/Src/stm32u0xx_hal_cortex.o
 .text.HAL_NVIC_SetPriority
                0x08005180       0x40 ./Drivers/STM32U0xx_HAL_Driver/Src/stm32u0xx_hal_cortex.o
                0x08005180                HAL_NVIC_SetPriority
 .text.HAL_NVIC_EnableIRQ
                0x080051c0       0x38 ./Drivers/STM32U0xx_HAL_Driver/Src/stm32u0xx_hal_cortex.o
                0x080051c0                HAL_NVIC_EnableIRQ
 .text.HAL_SYSTICK_Config
                0x080051f8       0x1a ./Drivers/STM32U0xx_HAL_Driver/Src/stm32u0xx_hal_cortex.o
                0x080051f8                HAL_SYSTICK_Config
 *fill*         0x08005212        0x2 
 .text.HAL_GPIO_Init
                0x08005214      0x464 ./Drivers/STM32U0xx_HAL_Driver/Src/stm32u0xx_hal_gpio.o
                0x08005214                HAL_GPIO_Init
 .text.HAL_GPIO_DeInit
                0x08005678      0x210 ./Drivers/STM32U0xx_HAL_Driver/Src/stm32u0xx_hal_gpio.o
                0x08005678                HAL_GPIO_DeInit
 .text.HAL_GPIO_ReadPin
                0x08005888       0x58 ./Drivers/STM32U0xx_HAL_Driver/Src/stm32u0xx_hal_gpio.o
                0x08005888                HAL_GPIO_ReadPin
 .text.HAL_GPIO_WritePin
                0x080058e0       0x74 ./Drivers/STM32U0xx_HAL_Driver/Src/stm32u0xx_hal_gpio.o
                0x080058e0                HAL_GPIO_WritePin
 .text.HAL_GPIO_EXTI_IRQHandler
                0x08005954       0x54 ./Drivers/STM32U0xx_HAL_Driver/Src/stm32u0xx_hal_gpio.o
                0x08005954                HAL_GPIO_EXTI_IRQHandler
 .text.HAL_PWREx_ControlVoltageScaling
                0x080059a8       0xe4 ./Drivers/STM32U0xx_HAL_Driver/Src/stm32u0xx_hal_pwr_ex.o
                0x080059a8                HAL_PWREx_ControlVoltageScaling
 .text.HAL_PWREx_GetVoltageRange
                0x08005a8c       0x18 ./Drivers/STM32U0xx_HAL_Driver/Src/stm32u0xx_hal_pwr_ex.o
                0x08005a8c                HAL_PWREx_GetVoltageRange
 .text.HAL_RCC_OscConfig
                0x08005aa4      0xb08 ./Drivers/STM32U0xx_HAL_Driver/Src/stm32u0xx_hal_rcc.o
                0x08005aa4                HAL_RCC_OscConfig
 .text.HAL_RCC_ClockConfig
                0x080065ac      0x334 ./Drivers/STM32U0xx_HAL_Driver/Src/stm32u0xx_hal_rcc.o
                0x080065ac                HAL_RCC_ClockConfig
 .text.HAL_RCC_GetSysClockFreq
                0x080068e0      0x138 ./Drivers/STM32U0xx_HAL_Driver/Src/stm32u0xx_hal_rcc.o
                0x080068e0                HAL_RCC_GetSysClockFreq
 .text.HAL_RCC_GetHCLKFreq
                0x08006a18       0x14 ./Drivers/STM32U0xx_HAL_Driver/Src/stm32u0xx_hal_rcc.o
                0x08006a18                HAL_RCC_GetHCLKFreq
 .text.HAL_RCC_GetPCLK1Freq
                0x08006a2c       0x30 ./Drivers/STM32U0xx_HAL_Driver/Src/stm32u0xx_hal_rcc.o
                0x08006a2c                HAL_RCC_GetPCLK1Freq
 .text.RCC_SetFlashLatencyFromMSIRange
                0x08006a5c       0xd8 ./Drivers/STM32U0xx_HAL_Driver/Src/stm32u0xx_hal_rcc.o
 .text.HAL_RCCEx_PeriphCLKConfig
                0x08006b34      0x680 ./Drivers/STM32U0xx_HAL_Driver/Src/stm32u0xx_hal_rcc_ex.o
                0x08006b34                HAL_RCCEx_PeriphCLKConfig
 .text.HAL_RCCEx_GetPeriphCLKFreq
                0x080071b4      0x87c ./Drivers/STM32U0xx_HAL_Driver/Src/stm32u0xx_hal_rcc_ex.o
                0x080071b4                HAL_RCCEx_GetPeriphCLKFreq
 .text.HAL_RCCEx_GetPLLClockFreq
                0x08007a30      0x17c ./Drivers/STM32U0xx_HAL_Driver/Src/stm32u0xx_hal_rcc_ex.o
                0x08007a30                HAL_RCCEx_GetPLLClockFreq
 .text.HAL_SPI_Init
                0x08007bac      0x44c ./Drivers/STM32U0xx_HAL_Driver/Src/stm32u0xx_hal_spi.o
                0x08007bac                HAL_SPI_Init
 .text.HAL_SPI_Transmit
                0x08007ff8      0x2e4 ./Drivers/STM32U0xx_HAL_Driver/Src/stm32u0xx_hal_spi.o
                0x08007ff8                HAL_SPI_Transmit
 .text.HAL_SPI_Receive
                0x080082dc      0x2a4 ./Drivers/STM32U0xx_HAL_Driver/Src/stm32u0xx_hal_spi.o
                0x080082dc                HAL_SPI_Receive
 .text.HAL_SPI_TransmitReceive
                0x08008580      0x3e0 ./Drivers/STM32U0xx_HAL_Driver/Src/stm32u0xx_hal_spi.o
                0x08008580                HAL_SPI_TransmitReceive
 .text.SPI_WaitFlagStateUntilTimeout
                0x08008960      0x11c ./Drivers/STM32U0xx_HAL_Driver/Src/stm32u0xx_hal_spi.o
 .text.SPI_WaitFifoStateUntilTimeout
                0x08008a7c      0x144 ./Drivers/STM32U0xx_HAL_Driver/Src/stm32u0xx_hal_spi.o
 .text.SPI_EndRxTransaction
                0x08008bc0       0xbc ./Drivers/STM32U0xx_HAL_Driver/Src/stm32u0xx_hal_spi.o
 .text.SPI_EndRxTxTransaction
                0x08008c7c       0x8c ./Drivers/STM32U0xx_HAL_Driver/Src/stm32u0xx_hal_spi.o
 .text.HAL_UART_Init
                0x08008d08      0x168 ./Drivers/STM32U0xx_HAL_Driver/Src/stm32u0xx_hal_uart.o
                0x08008d08                HAL_UART_Init
 .text.HAL_UART_Transmit
                0x08008e70      0x148 ./Drivers/STM32U0xx_HAL_Driver/Src/stm32u0xx_hal_uart.o
                0x08008e70                HAL_UART_Transmit
 .text.UART_SetConfig
                0x08008fb8      0x58c ./Drivers/STM32U0xx_HAL_Driver/Src/stm32u0xx_hal_uart.o
                0x08008fb8                UART_SetConfig
 .text.UART_AdvFeatureConfig
                0x08009544      0x30c ./Drivers/STM32U0xx_HAL_Driver/Src/stm32u0xx_hal_uart.o
                0x08009544                UART_AdvFeatureConfig
 .text.UART_CheckIdleState
                0x08009850      0x154 ./Drivers/STM32U0xx_HAL_Driver/Src/stm32u0xx_hal_uart.o
                0x08009850                UART_CheckIdleState
 .text.UART_WaitOnFlagUntilTimeout
                0x080099a4       0xde ./Drivers/STM32U0xx_HAL_Driver/Src/stm32u0xx_hal_uart.o
                0x080099a4                UART_WaitOnFlagUntilTimeout
 *fill*         0x08009a82        0x2 
 .text.UART_EndRxTransfer
                0x08009a84       0xcc ./Drivers/STM32U0xx_HAL_Driver/Src/stm32u0xx_hal_uart.o
 .text.HAL_UARTEx_DisableFifoMode
                0x08009b50       0xc0 ./Drivers/STM32U0xx_HAL_Driver/Src/stm32u0xx_hal_uart_ex.o
                0x08009b50                HAL_UARTEx_DisableFifoMode
 .text.HAL_UARTEx_SetTxFifoThreshold
                0x08009c10      0x110 ./Drivers/STM32U0xx_HAL_Driver/Src/stm32u0xx_hal_uart_ex.o
                0x08009c10                HAL_UARTEx_SetTxFifoThreshold
 .text.HAL_UARTEx_SetRxFifoThreshold
                0x08009d20      0x118 ./Drivers/STM32U0xx_HAL_Driver/Src/stm32u0xx_hal_uart_ex.o
                0x08009d20                HAL_UARTEx_SetRxFifoThreshold
 .text.UARTEx_SetNbDataToProcess
                0x08009e38       0xbc ./Drivers/STM32U0xx_HAL_Driver/Src/stm32u0xx_hal_uart_ex.o
 .text.log_monitor_init
                0x08009ef4       0x1c ./libraries/TraceLog/TraceLog.o
                0x08009ef4                log_monitor_init
 .text.LOG_INFO
                0x08009f10       0x9c ./libraries/TraceLog/TraceLog.o
                0x08009f10                LOG_INFO
 .text.LOG_ERROR
                0x08009fac       0x9c ./libraries/TraceLog/TraceLog.o
                0x08009fac                LOG_ERROR
 .text.LOG_EVENT
                0x0800a048       0x9c ./libraries/TraceLog/TraceLog.o
                0x0800a048                LOG_EVENT
 .text.RadioGetFskBandwidthRegValue
                0x0800a0e4       0x78 ./libraries/lora/radio/radio.o
 .text.RadioInit
                0x0800a15c       0x54 ./libraries/lora/radio/radio.o
                0x0800a15c                RadioInit
 .text.RadioReInit
                0x0800a1b0       0x28 ./libraries/lora/radio/radio.o
                0x0800a1b0                RadioReInit
 .text.RadioGetStatus
                0x0800a1d8       0x2e ./libraries/lora/radio/radio.o
                0x0800a1d8                RadioGetStatus
 *fill*         0x0800a206        0x2 
 .text.RadioSetModem
                0x0800a208       0x68 ./libraries/lora/radio/radio.o
                0x0800a208                RadioSetModem
 .text.RadioSetChannel
                0x0800a270       0x18 ./libraries/lora/radio/radio.o
                0x0800a270                RadioSetChannel
 .text.RadioIsChannelFree
                0x0800a288       0xb8 ./libraries/lora/radio/radio.o
                0x0800a288                RadioIsChannelFree
 .text.RadioRandom
                0x0800a340       0x2c ./libraries/lora/radio/radio.o
                0x0800a340                RadioRandom
 .text.RadioSetRxConfig
                0x0800a36c      0x358 ./libraries/lora/radio/radio.o
                0x0800a36c                RadioSetRxConfig
 .text.RadioSetTxConfig
                0x0800a6c4      0x2c0 ./libraries/lora/radio/radio.o
                0x0800a6c4                RadioSetTxConfig
 .text.RadioCheckRfFrequency
                0x0800a984       0x12 ./libraries/lora/radio/radio.o
                0x0800a984                RadioCheckRfFrequency
 *fill*         0x0800a996        0x2 
 .text.RadioTimeOnAir
                0x0800a998      0x2e4 ./libraries/lora/radio/radio.o
                0x0800a998                RadioTimeOnAir
 .text.RadioSend
                0x0800ac7c       0x64 ./libraries/lora/radio/radio.o
                0x0800ac7c                RadioSend
 .text.RadioSleep
                0x0800ace0       0x2e ./libraries/lora/radio/radio.o
                0x0800ace0                RadioSleep
 .text.RadioStandby
                0x0800ad0e       0x10 ./libraries/lora/radio/radio.o
                0x0800ad0e                RadioStandby
 *fill*         0x0800ad1e        0x2 
 .text.RadioRx  0x0800ad20       0x4c ./libraries/lora/radio/radio.o
                0x0800ad20                RadioRx
 .text.RadioRxBoosted
                0x0800ad6c       0x4c ./libraries/lora/radio/radio.o
                0x0800ad6c                RadioRxBoosted
 .text.RadioSetRxDutyCycle
                0x0800adb8       0x30 ./libraries/lora/radio/radio.o
                0x0800adb8                RadioSetRxDutyCycle
 .text.RadioSetCadParams
                0x0800ade8       0x48 ./libraries/lora/radio/radio.o
                0x0800ade8                RadioSetCadParams
 .text.RadioStartCad
                0x0800ae30       0x1e ./libraries/lora/radio/radio.o
                0x0800ae30                RadioStartCad
 .text.RadioSetTxContinuousWave
                0x0800ae4e       0x38 ./libraries/lora/radio/radio.o
                0x0800ae4e                RadioSetTxContinuousWave
 .text.RadioRssi
                0x0800ae86       0x1a ./libraries/lora/radio/radio.o
                0x0800ae86                RadioRssi
 .text.RadioWrite
                0x0800aea0       0x2a ./libraries/lora/radio/radio.o
                0x0800aea0                RadioWrite
 .text.RadioRead
                0x0800aeca       0x20 ./libraries/lora/radio/radio.o
                0x0800aeca                RadioRead
 .text.RadioWriteBuffer
                0x0800aeea       0x30 ./libraries/lora/radio/radio.o
                0x0800aeea                RadioWriteBuffer
 .text.RadioReadBuffer
                0x0800af1a       0x30 ./libraries/lora/radio/radio.o
                0x0800af1a                RadioReadBuffer
 *fill*         0x0800af4a        0x2 
 .text.RadioSetMaxPayloadLength
                0x0800af4c       0x6c ./libraries/lora/radio/radio.o
                0x0800af4c                RadioSetMaxPayloadLength
 .text.RadioSetPublicNetwork
                0x0800afb8       0x68 ./libraries/lora/radio/radio.o
                0x0800afb8                RadioSetPublicNetwork
 .text.RadioGetWakeupTime
                0x0800b020        0xc ./libraries/lora/radio/radio.o
                0x0800b020                RadioGetWakeupTime
 .text.RadioOnDioIrq
                0x0800b02c       0x1c ./libraries/lora/radio/radio.o
                0x0800b02c                RadioOnDioIrq
 .text.RadioBgIrqProcess
                0x0800b048      0x2f0 ./libraries/lora/radio/radio.o
                0x0800b048                RadioBgIrqProcess
 .text.RadioIrqProcess
                0x0800b338        0xe ./libraries/lora/radio/radio.o
                0x0800b338                RadioIrqProcess
 *fill*         0x0800b346        0x2 
 .text.RadioIrqProcessAfterDeepSleep
                0x0800b348       0x20 ./libraries/lora/radio/radio.o
                0x0800b348                RadioIrqProcessAfterDeepSleep
 .text.SX126xInit
                0x0800b368       0x24 ./libraries/lora/sx126x/sx126x.o
                0x0800b368                SX126xInit
 .text.SX126xReInit
                0x0800b38c        0xa ./libraries/lora/sx126x/sx126x.o
                0x0800b38c                SX126xReInit
 *fill*         0x0800b396        0x2 
 .text.SX126xGetOperatingMode
                0x0800b398       0x14 ./libraries/lora/sx126x/sx126x.o
                0x0800b398                SX126xGetOperatingMode
 .text.SX126xSetOperatingMode
                0x0800b3ac       0x20 ./libraries/lora/sx126x/sx126x.o
                0x0800b3ac                SX126xSetOperatingMode
 .text.SX126xCheckDeviceReady
                0x0800b3cc       0x28 ./libraries/lora/sx126x/sx126x.o
                0x0800b3cc                SX126xCheckDeviceReady
 .text.SX126xSetPayload
                0x0800b3f4       0x24 ./libraries/lora/sx126x/sx126x.o
                0x0800b3f4                SX126xSetPayload
 .text.SX126xGetPayload
                0x0800b418       0x4e ./libraries/lora/sx126x/sx126x.o
                0x0800b418                SX126xGetPayload
 .text.SX126xSendPayload
                0x0800b466       0x30 ./libraries/lora/sx126x/sx126x.o
                0x0800b466                SX126xSendPayload
 .text.SX126xSetSyncWord
                0x0800b496       0x20 ./libraries/lora/sx126x/sx126x.o
                0x0800b496                SX126xSetSyncWord
 *fill*         0x0800b4b6        0x2 
 .text.SX126xSetCrcSeed
                0x0800b4b8       0x4c ./libraries/lora/sx126x/sx126x.o
                0x0800b4b8                SX126xSetCrcSeed
 .text.SX126xSetCrcPolynomial
                0x0800b504       0x4c ./libraries/lora/sx126x/sx126x.o
                0x0800b504                SX126xSetCrcPolynomial
 .text.SX126xSetWhiteningSeed
                0x0800b550       0x84 ./libraries/lora/sx126x/sx126x.o
                0x0800b550                SX126xSetWhiteningSeed
 .text.SX126xGetRandom
                0x0800b5d4       0x40 ./libraries/lora/sx126x/sx126x.o
                0x0800b5d4                SX126xGetRandom
 .text.SX126xSetSleep
                0x0800b614       0x28 ./libraries/lora/sx126x/sx126x.o
                0x0800b614                SX126xSetSleep
 .text.SX126xSetStandby
                0x0800b63c       0x3a ./libraries/lora/sx126x/sx126x.o
                0x0800b63c                SX126xSetStandby
 .text.SX126xSetTx
                0x0800b676       0x40 ./libraries/lora/sx126x/sx126x.o
                0x0800b676                SX126xSetTx
 *fill*         0x0800b6b6        0x2 
 .text.SX126xSetRx
                0x0800b6b8       0x50 ./libraries/lora/sx126x/sx126x.o
                0x0800b6b8                SX126xSetRx
 .text.SX126xSetRxBoosted
                0x0800b708       0x50 ./libraries/lora/sx126x/sx126x.o
                0x0800b708                SX126xSetRxBoosted
 .text.SX126xSetRxDutyCycle
                0x0800b758       0x5e ./libraries/lora/sx126x/sx126x.o
                0x0800b758                SX126xSetRxDutyCycle
 .text.SX126xSetCad
                0x0800b7b6       0x1a ./libraries/lora/sx126x/sx126x.o
                0x0800b7b6                SX126xSetCad
 .text.SX126xSetTxContinuousWave
                0x0800b7d0       0x14 ./libraries/lora/sx126x/sx126x.o
                0x0800b7d0                SX126xSetTxContinuousWave
 .text.SX126xSetStopRxTimerOnPreambleDetect
                0x0800b7e4       0x20 ./libraries/lora/sx126x/sx126x.o
                0x0800b7e4                SX126xSetStopRxTimerOnPreambleDetect
 .text.SX126xSetLoRaSymbNumTimeout
                0x0800b804       0x20 ./libraries/lora/sx126x/sx126x.o
                0x0800b804                SX126xSetLoRaSymbNumTimeout
 .text.SX126xSetRegulatorMode
                0x0800b824       0x20 ./libraries/lora/sx126x/sx126x.o
                0x0800b824                SX126xSetRegulatorMode
 .text.SX126xCalibrateImage
                0x0800b844       0xa8 ./libraries/lora/sx126x/sx126x.o
                0x0800b844                SX126xCalibrateImage
 .text.SX126xSetPaConfig
                0x0800b8ec       0x5c ./libraries/lora/sx126x/sx126x.o
                0x0800b8ec                SX126xSetPaConfig
 .text.SX126xSetDioIrqParams
                0x0800b948       0x9c ./libraries/lora/sx126x/sx126x.o
                0x0800b948                SX126xSetDioIrqParams
 .text.SX126xGetIrqStatus
                0x0800b9e4       0x2e ./libraries/lora/sx126x/sx126x.o
                0x0800b9e4                SX126xGetIrqStatus
 .text.SX126xSetDio2AsRfSwitchCtrl
                0x0800ba12       0x20 ./libraries/lora/sx126x/sx126x.o
                0x0800ba12                SX126xSetDio2AsRfSwitchCtrl
 *fill*         0x0800ba32        0x2 
 .text.SX126xSetRfFrequency
                0x0800ba34       0x8c ./libraries/lora/sx126x/sx126x.o
                0x0800ba34                SX126xSetRfFrequency
 .text.SX126xSetPacketType
                0x0800bac0       0x2c ./libraries/lora/sx126x/sx126x.o
                0x0800bac0                SX126xSetPacketType
 .text.SX126xGetPacketType
                0x0800baec       0x14 ./libraries/lora/sx126x/sx126x.o
                0x0800baec                SX126xGetPacketType
 .text.SX126xSetTxParams
                0x0800bb00       0xf4 ./libraries/lora/sx126x/sx126x.o
                0x0800bb00                SX126xSetTxParams
 .text.SX126xSetModulationParams
                0x0800bbf4      0x14c ./libraries/lora/sx126x/sx126x.o
                0x0800bbf4                SX126xSetModulationParams
 .text.SX126xSetPacketParams
                0x0800bd40      0x164 ./libraries/lora/sx126x/sx126x.o
                0x0800bd40                SX126xSetPacketParams
 .text.SX126xSetCadParams
                0x0800bea4       0x84 ./libraries/lora/sx126x/sx126x.o
                0x0800bea4                SX126xSetCadParams
 .text.SX126xSetBufferBaseAddress
                0x0800bf28       0x38 ./libraries/lora/sx126x/sx126x.o
                0x0800bf28                SX126xSetBufferBaseAddress
 .text.SX126xGetRssiInst
                0x0800bf60       0x32 ./libraries/lora/sx126x/sx126x.o
                0x0800bf60                SX126xGetRssiInst
 *fill*         0x0800bf92        0x2 
 .text.SX126xGetRxBufferStatus
                0x0800bf94       0x6c ./libraries/lora/sx126x/sx126x.o
                0x0800bf94                SX126xGetRxBufferStatus
 .text.SX126xGetPacketStatus
                0x0800c000       0xb8 ./libraries/lora/sx126x/sx126x.o
                0x0800c000                SX126xGetPacketStatus
 .text.SX126xClearIrqStatus
                0x0800c0b8       0x3a ./libraries/lora/sx126x/sx126x.o
                0x0800c0b8                SX126xClearIrqStatus
 *fill*         0x0800c0f2        0x2 
 .text.SX126xIoInit
                0x0800c0f4       0x18 ./libraries/lora/sx126x/sx126x_bsp.o
                0x0800c0f4                SX126xIoInit
 .text.SX126xReset
                0x0800c10c       0x40 ./libraries/lora/sx126x/sx126x_bsp.o
                0x0800c10c                SX126xReset
 .text.SX126xWaitOnBusy
                0x0800c14c       0x54 ./libraries/lora/sx126x/sx126x_bsp.o
                0x0800c14c                SX126xWaitOnBusy
 .text.SX126xWakeup
                0x0800c1a0       0x58 ./libraries/lora/sx126x/sx126x_bsp.o
                0x0800c1a0                SX126xWakeup
 .text.SX126xWriteCommand
                0x0800c1f8       0x70 ./libraries/lora/sx126x/sx126x_bsp.o
                0x0800c1f8                SX126xWriteCommand
 .text.SX126xReadCommand
                0x0800c268       0x78 ./libraries/lora/sx126x/sx126x_bsp.o
                0x0800c268                SX126xReadCommand
 .text.SX126xWriteRegisters
                0x0800c2e0       0x88 ./libraries/lora/sx126x/sx126x_bsp.o
                0x0800c2e0                SX126xWriteRegisters
 .text.SX126xWriteRegister
                0x0800c368       0x28 ./libraries/lora/sx126x/sx126x_bsp.o
                0x0800c368                SX126xWriteRegister
 .text.SX126xReadRegisters
                0x0800c390       0x8c ./libraries/lora/sx126x/sx126x_bsp.o
                0x0800c390                SX126xReadRegisters
 .text.SX126xReadRegister
                0x0800c41c       0x28 ./libraries/lora/sx126x/sx126x_bsp.o
                0x0800c41c                SX126xReadRegister
 .text.SX126xWriteBuffer
                0x0800c444       0x78 ./libraries/lora/sx126x/sx126x_bsp.o
                0x0800c444                SX126xWriteBuffer
 .text.SX126xReadBuffer
                0x0800c4bc       0x94 ./libraries/lora/sx126x/sx126x_bsp.o
                0x0800c4bc                SX126xReadBuffer
 .text.SX126xSetRfTxPower
                0x0800c550       0x22 ./libraries/lora/sx126x/sx126x_bsp.o
                0x0800c550                SX126xSetRfTxPower
 .text.SX126xGetPaSelect
                0x0800c572       0x12 ./libraries/lora/sx126x/sx126x_bsp.o
                0x0800c572                SX126xGetPaSelect
 .text.SX126xAntSwOn
                0x0800c584        0xa ./libraries/lora/sx126x/sx126x_bsp.o
                0x0800c584                SX126xAntSwOn
 .text.SX126xAntSwOff
                0x0800c58e        0xa ./libraries/lora/sx126x/sx126x_bsp.o
                0x0800c58e                SX126xAntSwOff
 .text.free     0x0800c598       0x14 /opt/st/stm32cubeide_1.15.1/plugins/com.st.stm32cube.ide.mcu.externaltools.gnu-tools-for-stm32.12.3.rel1.linux64_1.0.100.202403111256/tools/bin/../lib/gcc/arm-none-eabi/12.3.1/../../../../arm-none-eabi/lib/thumb/v6-m/nofp/libc_nano.a(libc_a-malloc.o)
                0x0800c598                free
 .text.sbrk_aligned
                0x0800c5ac       0x44 /opt/st/stm32cubeide_1.15.1/plugins/com.st.stm32cube.ide.mcu.externaltools.gnu-tools-for-stm32.12.3.rel1.linux64_1.0.100.202403111256/tools/bin/../lib/gcc/arm-none-eabi/12.3.1/../../../../arm-none-eabi/lib/thumb/v6-m/nofp/libc_nano.a(libc_a-mallocr.o)
 .text._malloc_r
                0x0800c5f0      0x100 /opt/st/stm32cubeide_1.15.1/plugins/com.st.stm32cube.ide.mcu.externaltools.gnu-tools-for-stm32.12.3.rel1.linux64_1.0.100.202403111256/tools/bin/../lib/gcc/arm-none-eabi/12.3.1/../../../../arm-none-eabi/lib/thumb/v6-m/nofp/libc_nano.a(libc_a-mallocr.o)
                0x0800c5f0                _malloc_r
 .text.__malloc_lock
                0x0800c6f0       0x10 /opt/st/stm32cubeide_1.15.1/plugins/com.st.stm32cube.ide.mcu.externaltools.gnu-tools-for-stm32.12.3.rel1.linux64_1.0.100.202403111256/tools/bin/../lib/gcc/arm-none-eabi/12.3.1/../../../../arm-none-eabi/lib/thumb/v6-m/nofp/libc_nano.a(libc_a-mlock.o)
                0x0800c6f0                __malloc_lock
 .text.__malloc_unlock
                0x0800c700       0x10 /opt/st/stm32cubeide_1.15.1/plugins/com.st.stm32cube.ide.mcu.externaltools.gnu-tools-for-stm32.12.3.rel1.linux64_1.0.100.202403111256/tools/bin/../lib/gcc/arm-none-eabi/12.3.1/../../../../arm-none-eabi/lib/thumb/v6-m/nofp/libc_nano.a(libc_a-mlock.o)
                0x0800c700                __malloc_unlock
 .text.asprintf
                0x0800c710       0x44 /opt/st/stm32cubeide_1.15.1/plugins/com.st.stm32cube.ide.mcu.externaltools.gnu-tools-for-stm32.12.3.rel1.linux64_1.0.100.202403111256/tools/bin/../lib/gcc/arm-none-eabi/12.3.1/../../../../arm-none-eabi/lib/thumb/v6-m/nofp/libc_nano.a(libc_a-asprintf.o)
                0x0800c710                asiprintf
                0x0800c710                asprintf
 .text._vasprintf_r
                0x0800c754       0x30 /opt/st/stm32cubeide_1.15.1/plugins/com.st.stm32cube.ide.mcu.externaltools.gnu-tools-for-stm32.12.3.rel1.linux64_1.0.100.202403111256/tools/bin/../lib/gcc/arm-none-eabi/12.3.1/../../../../arm-none-eabi/lib/thumb/v6-m/nofp/libc_nano.a(libc_a-vasprintf.o)
                0x0800c754                _vasiprintf_r
                0x0800c754                _vasprintf_r
 .text.vasprintf
                0x0800c784       0x18 /opt/st/stm32cubeide_1.15.1/plugins/com.st.stm32cube.ide.mcu.externaltools.gnu-tools-for-stm32.12.3.rel1.linux64_1.0.100.202403111256/tools/bin/../lib/gcc/arm-none-eabi/12.3.1/../../../../arm-none-eabi/lib/thumb/v6-m/nofp/libc_nano.a(libc_a-vasprintf.o)
                0x0800c784                vasiprintf
                0x0800c784                vasprintf
 .text.memset   0x0800c79c       0x10 /opt/st/stm32cubeide_1.15.1/plugins/com.st.stm32cube.ide.mcu.externaltools.gnu-tools-for-stm32.12.3.rel1.linux64_1.0.100.202403111256/tools/bin/../lib/gcc/arm-none-eabi/12.3.1/../../../../arm-none-eabi/lib/thumb/v6-m/nofp/libc_nano.a(libc_a-memset.o)
                0x0800c79c                memset
 .text._sbrk_r  0x0800c7ac       0x24 /opt/st/stm32cubeide_1.15.1/plugins/com.st.stm32cube.ide.mcu.externaltools.gnu-tools-for-stm32.12.3.rel1.linux64_1.0.100.202403111256/tools/bin/../lib/gcc/arm-none-eabi/12.3.1/../../../../arm-none-eabi/lib/thumb/v6-m/nofp/libc_nano.a(libc_a-sbrkr.o)
                0x0800c7ac                _sbrk_r
 .text.__errno  0x0800c7d0        0xc /opt/st/stm32cubeide_1.15.1/plugins/com.st.stm32cube.ide.mcu.externaltools.gnu-tools-for-stm32.12.3.rel1.linux64_1.0.100.202403111256/tools/bin/../lib/gcc/arm-none-eabi/12.3.1/../../../../arm-none-eabi/lib/thumb/v6-m/nofp/libc_nano.a(libc_a-errno.o)
                0x0800c7d0                __errno
 .text.__libc_init_array
                0x0800c7dc       0x48 /opt/st/stm32cubeide_1.15.1/plugins/com.st.stm32cube.ide.mcu.externaltools.gnu-tools-for-stm32.12.3.rel1.linux64_1.0.100.202403111256/tools/bin/../lib/gcc/arm-none-eabi/12.3.1/../../../../arm-none-eabi/lib/thumb/v6-m/nofp/libc_nano.a(libc_a-init.o)
                0x0800c7dc                __libc_init_array
 .text.__retarget_lock_acquire_recursive
                0x0800c824        0x2 /opt/st/stm32cubeide_1.15.1/plugins/com.st.stm32cube.ide.mcu.externaltools.gnu-tools-for-stm32.12.3.rel1.linux64_1.0.100.202403111256/tools/bin/../lib/gcc/arm-none-eabi/12.3.1/../../../../arm-none-eabi/lib/thumb/v6-m/nofp/libc_nano.a(libc_a-lock.o)
                0x0800c824                __retarget_lock_acquire_recursive
 .text.__retarget_lock_release_recursive
                0x0800c826        0x2 /opt/st/stm32cubeide_1.15.1/plugins/com.st.stm32cube.ide.mcu.externaltools.gnu-tools-for-stm32.12.3.rel1.linux64_1.0.100.202403111256/tools/bin/../lib/gcc/arm-none-eabi/12.3.1/../../../../arm-none-eabi/lib/thumb/v6-m/nofp/libc_nano.a(libc_a-lock.o)
                0x0800c826                __retarget_lock_release_recursive
 .text.memcpy   0x0800c828       0x12 /opt/st/stm32cubeide_1.15.1/plugins/com.st.stm32cube.ide.mcu.externaltools.gnu-tools-for-stm32.12.3.rel1.linux64_1.0.100.202403111256/tools/bin/../lib/gcc/arm-none-eabi/12.3.1/../../../../arm-none-eabi/lib/thumb/v6-m/nofp/libc_nano.a(libc_a-memcpy-stub.o)
                0x0800c828                memcpy
 *fill*         0x0800c83a        0x2 
 .text._free_r  0x0800c83c       0x94 /opt/st/stm32cubeide_1.15.1/plugins/com.st.stm32cube.ide.mcu.externaltools.gnu-tools-for-stm32.12.3.rel1.linux64_1.0.100.202403111256/tools/bin/../lib/gcc/arm-none-eabi/12.3.1/../../../../arm-none-eabi/lib/thumb/v6-m/nofp/libc_nano.a(libc_a-freer.o)
                0x0800c83c                _free_r
 .text.__ssputs_r
                0x0800c8d0       0xc0 /opt/st/stm32cubeide_1.15.1/plugins/com.st.stm32cube.ide.mcu.externaltools.gnu-tools-for-stm32.12.3.rel1.linux64_1.0.100.202403111256/tools/bin/../lib/gcc/arm-none-eabi/12.3.1/../../../../arm-none-eabi/lib/thumb/v6-m/nofp/libc_nano.a(libc_a-nano-svfprintf.o)
                0x0800c8d0                __ssputs_r
 .text._svfprintf_r
                0x0800c990      0x1fc /opt/st/stm32cubeide_1.15.1/plugins/com.st.stm32cube.ide.mcu.externaltools.gnu-tools-for-stm32.12.3.rel1.linux64_1.0.100.202403111256/tools/bin/../lib/gcc/arm-none-eabi/12.3.1/../../../../arm-none-eabi/lib/thumb/v6-m/nofp/libc_nano.a(libc_a-nano-svfprintf.o)
                0x0800c990                _svfprintf_r
                0x0800c990                _svfiprintf_r
 .text._printf_common
                0x0800cb8c       0xde /opt/st/stm32cubeide_1.15.1/plugins/com.st.stm32cube.ide.mcu.externaltools.gnu-tools-for-stm32.12.3.rel1.linux64_1.0.100.202403111256/tools/bin/../lib/gcc/arm-none-eabi/12.3.1/../../../../arm-none-eabi/lib/thumb/v6-m/nofp/libc_nano.a(libc_a-nano-vfprintf_i.o)
                0x0800cb8c                _printf_common
 *fill*         0x0800cc6a        0x2 
 .text._printf_i
                0x0800cc6c      0x21c /opt/st/stm32cubeide_1.15.1/plugins/com.st.stm32cube.ide.mcu.externaltools.gnu-tools-for-stm32.12.3.rel1.linux64_1.0.100.202403111256/tools/bin/../lib/gcc/arm-none-eabi/12.3.1/../../../../arm-none-eabi/lib/thumb/v6-m/nofp/libc_nano.a(libc_a-nano-vfprintf_i.o)
                0x0800cc6c                _printf_i
 .text.memmove  0x0800ce88       0x26 /opt/st/stm32cubeide_1.15.1/plugins/com.st.stm32cube.ide.mcu.externaltools.gnu-tools-for-stm32.12.3.rel1.linux64_1.0.100.202403111256/tools/bin/../lib/gcc/arm-none-eabi/12.3.1/../../../../arm-none-eabi/lib/thumb/v6-m/nofp/libc_nano.a(libc_a-memmove.o)
                0x0800ce88                memmove
 .text.memchr   0x0800ceae       0x16 /opt/st/stm32cubeide_1.15.1/plugins/com.st.stm32cube.ide.mcu.externaltools.gnu-tools-for-stm32.12.3.rel1.linux64_1.0.100.202403111256/tools/bin/../lib/gcc/arm-none-eabi/12.3.1/../../../../arm-none-eabi/lib/thumb/v6-m/nofp/libc_nano.a(libc_a-memchr-stub.o)
                0x0800ceae                memchr
 .text._realloc_r
                0x0800cec4       0x5e /opt/st/stm32cubeide_1.15.1/plugins/com.st.stm32cube.ide.mcu.externaltools.gnu-tools-for-stm32.12.3.rel1.linux64_1.0.100.202403111256/tools/bin/../lib/gcc/arm-none-eabi/12.3.1/../../../../arm-none-eabi/lib/thumb/v6-m/nofp/libc_nano.a(libc_a-reallocr.o)
                0x0800cec4                _realloc_r
 .text._malloc_usable_size_r
                0x0800cf22       0x10 /opt/st/stm32cubeide_1.15.1/plugins/com.st.stm32cube.ide.mcu.externaltools.gnu-tools-for-stm32.12.3.rel1.linux64_1.0.100.202403111256/tools/bin/../lib/gcc/arm-none-eabi/12.3.1/../../../../arm-none-eabi/lib/thumb/v6-m/nofp/libc_nano.a(libc_a-msizer.o)
                0x0800cf22                _malloc_usable_size_r
 *fill*         0x0800cf32        0x2 
 .text.ceil     0x0800cf34       0xf0 /opt/st/stm32cubeide_1.15.1/plugins/com.st.stm32cube.ide.mcu.externaltools.gnu-tools-for-stm32.12.3.rel1.linux64_1.0.100.202403111256/tools/bin/../lib/gcc/arm-none-eabi/12.3.1/../../../../arm-none-eabi/lib/thumb/v6-m/nofp/libm.a(libm_a-s_ceil.o)
                0x0800cf34                ceil
 .text.floor    0x0800d024       0xf8 /opt/st/stm32cubeide_1.15.1/plugins/com.st.stm32cube.ide.mcu.externaltools.gnu-tools-for-stm32.12.3.rel1.linux64_1.0.100.202403111256/tools/bin/../lib/gcc/arm-none-eabi/12.3.1/../../../../arm-none-eabi/lib/thumb/v6-m/nofp/libm.a(libm_a-s_floor.o)
                0x0800d024                floor
 .text.rint     0x0800d11c      0x114 /opt/st/stm32cubeide_1.15.1/plugins/com.st.stm32cube.ide.mcu.externaltools.gnu-tools-for-stm32.12.3.rel1.linux64_1.0.100.202403111256/tools/bin/../lib/gcc/arm-none-eabi/12.3.1/../../../../arm-none-eabi/lib/thumb/v6-m/nofp/libm.a(libm_a-s_rint.o)
                0x0800d11c                rint
 *(.glue_7)
 .glue_7        0x0800d230        0x0 linker stubs
 *(.glue_7t)
 .glue_7t       0x0800d230        0x0 linker stubs
 *(.eh_frame)
 .eh_frame      0x0800d230        0x0 /opt/st/stm32cubeide_1.15.1/plugins/com.st.stm32cube.ide.mcu.externaltools.gnu-tools-for-stm32.12.3.rel1.linux64_1.0.100.202403111256/tools/bin/../lib/gcc/arm-none-eabi/12.3.1/thumb/v6-m/nofp/crtbegin.o
 *(.init)
 .init          0x0800d230        0x4 /opt/st/stm32cubeide_1.15.1/plugins/com.st.stm32cube.ide.mcu.externaltools.gnu-tools-for-stm32.12.3.rel1.linux64_1.0.100.202403111256/tools/bin/../lib/gcc/arm-none-eabi/12.3.1/thumb/v6-m/nofp/crti.o
                0x0800d230                _init
 .init          0x0800d234        0x8 /opt/st/stm32cubeide_1.15.1/plugins/com.st.stm32cube.ide.mcu.externaltools.gnu-tools-for-stm32.12.3.rel1.linux64_1.0.100.202403111256/tools/bin/../lib/gcc/arm-none-eabi/12.3.1/thumb/v6-m/nofp/crtn.o
 *(.fini)
 .fini          0x0800d23c        0x4 /opt/st/stm32cubeide_1.15.1/plugins/com.st.stm32cube.ide.mcu.externaltools.gnu-tools-for-stm32.12.3.rel1.linux64_1.0.100.202403111256/tools/bin/../lib/gcc/arm-none-eabi/12.3.1/thumb/v6-m/nofp/crti.o
                0x0800d23c                _fini
 .fini          0x0800d240        0x8 /opt/st/stm32cubeide_1.15.1/plugins/com.st.stm32cube.ide.mcu.externaltools.gnu-tools-for-stm32.12.3.rel1.linux64_1.0.100.202403111256/tools/bin/../lib/gcc/arm-none-eabi/12.3.1/thumb/v6-m/nofp/crtn.o
                0x0800d248                        . = ALIGN (0x4)
                0x0800d248                        _etext = .

.vfp11_veneer   0x0800d248        0x0
 .vfp11_veneer  0x0800d248        0x0 linker stubs

.v4_bx          0x0800d248        0x0
 .v4_bx         0x0800d248        0x0 linker stubs

.iplt           0x0800d248        0x0
 .iplt          0x0800d248        0x0 /opt/st/stm32cubeide_1.15.1/plugins/com.st.stm32cube.ide.mcu.externaltools.gnu-tools-for-stm32.12.3.rel1.linux64_1.0.100.202403111256/tools/bin/../lib/gcc/arm-none-eabi/12.3.1/thumb/v6-m/nofp/crtbegin.o

.rodata         0x0800d248      0x7b8
                0x0800d248                        . = ALIGN (0x4)
 *(.rodata)
 .rodata        0x0800d248       0xf2 ./Core/Src/main.o
 *fill*         0x0800d33a        0x2 
 .rodata        0x0800d33c       0x38 ./Drivers/STM32U0xx_HAL_Driver/Src/stm32u0xx_hal_adc.o
 .rodata        0x0800d374       0x3b ./Drivers/STM32U0xx_HAL_Driver/Src/stm32u0xx_hal_adc_ex.o
 *fill*         0x0800d3af        0x1 
 .rodata        0x0800d3b0       0x3b ./Drivers/STM32U0xx_HAL_Driver/Src/stm32u0xx_hal_cortex.o
 *fill*         0x0800d3eb        0x1 
 .rodata        0x0800d3ec       0x39 ./Drivers/STM32U0xx_HAL_Driver/Src/stm32u0xx_hal_gpio.o
 *fill*         0x0800d425        0x3 
 .rodata        0x0800d428       0x3b ./Drivers/STM32U0xx_HAL_Driver/Src/stm32u0xx_hal_pwr_ex.o
 *fill*         0x0800d463        0x1 
 .rodata        0x0800d464       0x38 ./Drivers/STM32U0xx_HAL_Driver/Src/stm32u0xx_hal_rcc.o
 .rodata        0x0800d49c       0x3b ./Drivers/STM32U0xx_HAL_Driver/Src/stm32u0xx_hal_rcc_ex.o
 *fill*         0x0800d4d7        0x1 
 .rodata        0x0800d4d8       0x38 ./Drivers/STM32U0xx_HAL_Driver/Src/stm32u0xx_hal_spi.o
 .rodata        0x0800d510       0x39 ./Drivers/STM32U0xx_HAL_Driver/Src/stm32u0xx_hal_uart.o
 *fill*         0x0800d549        0x3 
 .rodata        0x0800d54c       0x3c ./Drivers/STM32U0xx_HAL_Driver/Src/stm32u0xx_hal_uart_ex.o
 .rodata        0x0800d588      0x1b2 ./libraries/TraceLog/TraceLog.o
 *fill*         0x0800d73a        0x2 
 .rodata        0x0800d73c       0x11 ./libraries/lora/sx126x/sx126x.o
 *fill*         0x0800d74d        0x3 
 .rodata        0x0800d750       0x40 /opt/st/stm32cubeide_1.15.1/plugins/com.st.stm32cube.ide.mcu.externaltools.gnu-tools-for-stm32.12.3.rel1.linux64_1.0.100.202403111256/tools/bin/../lib/gcc/arm-none-eabi/12.3.1/thumb/v6-m/nofp/libgcc.a(divdf3.o)
 *(.rodata*)
 .rodata.AHBPrescTable
                0x0800d790       0x10 ./Core/Src/system_stm32u0xx.o
                0x0800d790                AHBPrescTable
 .rodata.APBPrescTable
                0x0800d7a0        0x8 ./Core/Src/system_stm32u0xx.o
                0x0800d7a0                APBPrescTable
 .rodata.MSIRangeTable
                0x0800d7a8       0x30 ./Core/Src/system_stm32u0xx.o
                0x0800d7a8                MSIRangeTable
 .rodata.HAL_RCCEx_GetPeriphCLKFreq
                0x0800d7d8       0x84 ./Drivers/STM32U0xx_HAL_Driver/Src/stm32u0xx_hal_rcc_ex.o
 .rodata.UARTPrescTable
                0x0800d85c       0x18 ./Drivers/STM32U0xx_HAL_Driver/Src/stm32u0xx_hal_uart.o
                0x0800d85c                UARTPrescTable
 .rodata.numerator.1
                0x0800d874        0x8 ./Drivers/STM32U0xx_HAL_Driver/Src/stm32u0xx_hal_uart_ex.o
 .rodata.denominator.0
                0x0800d87c        0x8 ./Drivers/STM32U0xx_HAL_Driver/Src/stm32u0xx_hal_uart_ex.o
 .rodata.Radio  0x0800d884       0x7c ./libraries/lora/radio/radio.o
                0x0800d884                Radio
 .rodata.FskBandwidths
                0x0800d900       0xb0 ./libraries/lora/radio/radio.o
                0x0800d900                FskBandwidths
 .rodata.Bandwidths
                0x0800d9b0        0xa ./libraries/lora/radio/radio.o
                0x0800d9b0                Bandwidths
 .rodata._svfprintf_r.str1.1
                0x0800d9ba       0x11 /opt/st/stm32cubeide_1.15.1/plugins/com.st.stm32cube.ide.mcu.externaltools.gnu-tools-for-stm32.12.3.rel1.linux64_1.0.100.202403111256/tools/bin/../lib/gcc/arm-none-eabi/12.3.1/../../../../arm-none-eabi/lib/thumb/v6-m/nofp/libc_nano.a(libc_a-nano-svfprintf.o)
 .rodata._printf_i.str1.1
                0x0800d9cb       0x22 /opt/st/stm32cubeide_1.15.1/plugins/com.st.stm32cube.ide.mcu.externaltools.gnu-tools-for-stm32.12.3.rel1.linux64_1.0.100.202403111256/tools/bin/../lib/gcc/arm-none-eabi/12.3.1/../../../../arm-none-eabi/lib/thumb/v6-m/nofp/libc_nano.a(libc_a-nano-vfprintf_i.o)
 *fill*         0x0800d9ed        0x3 
 .rodata.TWO52  0x0800d9f0       0x10 /opt/st/stm32cubeide_1.15.1/plugins/com.st.stm32cube.ide.mcu.externaltools.gnu-tools-for-stm32.12.3.rel1.linux64_1.0.100.202403111256/tools/bin/../lib/gcc/arm-none-eabi/12.3.1/../../../../arm-none-eabi/lib/thumb/v6-m/nofp/libm.a(libm_a-s_rint.o)
                0x0800da00                        . = ALIGN (0x4)

.ARM.extab      0x0800da00        0x0
                0x0800da00                        . = ALIGN (0x4)
 *(.ARM.extab* .gnu.linkonce.armextab.*)
                0x0800da00                        . = ALIGN (0x4)

.ARM            0x0800da00        0x8
                0x0800da00                        . = ALIGN (0x4)
                0x0800da00                        __exidx_start = .
 *(.ARM.exidx*)
 .ARM.exidx     0x0800da00        0x8 /opt/st/stm32cubeide_1.15.1/plugins/com.st.stm32cube.ide.mcu.externaltools.gnu-tools-for-stm32.12.3.rel1.linux64_1.0.100.202403111256/tools/bin/../lib/gcc/arm-none-eabi/12.3.1/thumb/v6-m/nofp/libgcc.a(_udivmoddi4.o)
                0x0800da08                        __exidx_end = .
                0x0800da08                        . = ALIGN (0x4)

.preinit_array  0x0800da08        0x0
                0x0800da08                        . = ALIGN (0x4)
                0x0800da08                        PROVIDE (__preinit_array_start = .)
 *(.preinit_array*)
                0x0800da08                        PROVIDE (__preinit_array_end = .)
                0x0800da08                        . = ALIGN (0x4)

.init_array     0x0800da08        0x4
                0x0800da08                        . = ALIGN (0x4)
                0x0800da08                        PROVIDE (__init_array_start = .)
 *(SORT_BY_NAME(.init_array.*))
 *(.init_array*)
 .init_array    0x0800da08        0x4 /opt/st/stm32cubeide_1.15.1/plugins/com.st.stm32cube.ide.mcu.externaltools.gnu-tools-for-stm32.12.3.rel1.linux64_1.0.100.202403111256/tools/bin/../lib/gcc/arm-none-eabi/12.3.1/thumb/v6-m/nofp/crtbegin.o
                0x0800da0c                        PROVIDE (__init_array_end = .)
                0x0800da0c                        . = ALIGN (0x4)

.fini_array     0x0800da0c        0x4
                0x0800da0c                        . = ALIGN (0x4)
                [!provide]                        PROVIDE (__fini_array_start = .)
 *(SORT_BY_NAME(.fini_array.*))
 *(.fini_array*)
 .fini_array    0x0800da0c        0x4 /opt/st/stm32cubeide_1.15.1/plugins/com.st.stm32cube.ide.mcu.externaltools.gnu-tools-for-stm32.12.3.rel1.linux64_1.0.100.202403111256/tools/bin/../lib/gcc/arm-none-eabi/12.3.1/thumb/v6-m/nofp/crtbegin.o
                [!provide]                        PROVIDE (__fini_array_end = .)
                0x0800da10                        . = ALIGN (0x4)
                0x0800da10                        _sidata = LOADADDR (.data)

.rel.dyn        0x0800da10        0x0
 .rel.iplt      0x0800da10        0x0 /opt/st/stm32cubeide_1.15.1/plugins/com.st.stm32cube.ide.mcu.externaltools.gnu-tools-for-stm32.12.3.rel1.linux64_1.0.100.202403111256/tools/bin/../lib/gcc/arm-none-eabi/12.3.1/thumb/v6-m/nofp/crtbegin.o

.data           0x20000000      0x1ac load address 0x0800da10
                0x20000000                        . = ALIGN (0x4)
                0x20000000                        _sdata = .
 *(.data)
 *(.data*)
 .data.TAG      0x20000000        0x4 ./Core/Src/main.o
 .data.txpkt    0x20000004        0xd ./Core/Src/main.o
                0x20000004                txpkt
 *fill*         0x20000011        0x3 
 .data.SystemCoreClock
                0x20000014        0x4 ./Core/Src/system_stm32u0xx.o
                0x20000014                SystemCoreClock
 .data.uwTickPrio
                0x20000018        0x4 ./Drivers/STM32U0xx_HAL_Driver/Src/stm32u0xx_hal.o
                0x20000018                uwTickPrio
 .data.uwTickFreq
                0x2000001c        0x4 ./Drivers/STM32U0xx_HAL_Driver/Src/stm32u0xx_hal.o
                0x2000001c                uwTickFreq
 .data.logi     0x20000020        0x1 ./libraries/TraceLog/TraceLog.o
 .data.loge     0x20000021        0x1 ./libraries/TraceLog/TraceLog.o
 .data.logv     0x20000022        0x1 ./libraries/TraceLog/TraceLog.o
 *fill*         0x20000023        0x1 
 .data.log_level_str
                0x20000024       0x1c ./libraries/TraceLog/TraceLog.o
 .data.COLOR_END
                0x20000040        0x4 ./libraries/TraceLog/TraceLog.o
 .data.LOG_COLOR
                0x20000044       0x80 ./libraries/TraceLog/TraceLog.o
 *fill*         0x200000c4        0x4 
 .data.RadioLoRaSymbTime
                0x200000c8       0x90 ./libraries/lora/radio/radio.o
 .data.MaxPayloadLength
                0x20000158        0x1 ./libraries/lora/radio/radio.o
                0x20000158                MaxPayloadLength
 *fill*         0x20000159        0x3 
 .data._impure_ptr
                0x2000015c        0x4 /opt/st/stm32cubeide_1.15.1/plugins/com.st.stm32cube.ide.mcu.externaltools.gnu-tools-for-stm32.12.3.rel1.linux64_1.0.100.202403111256/tools/bin/../lib/gcc/arm-none-eabi/12.3.1/../../../../arm-none-eabi/lib/thumb/v6-m/nofp/libc_nano.a(libc_a-impure.o)
                0x2000015c                _impure_ptr
 .data._impure_data
                0x20000160       0x4c /opt/st/stm32cubeide_1.15.1/plugins/com.st.stm32cube.ide.mcu.externaltools.gnu-tools-for-stm32.12.3.rel1.linux64_1.0.100.202403111256/tools/bin/../lib/gcc/arm-none-eabi/12.3.1/../../../../arm-none-eabi/lib/thumb/v6-m/nofp/libc_nano.a(libc_a-impure.o)
                0x20000160                _impure_data
 *(.RamFunc)
 *(.RamFunc*)
                0x200001ac                        . = ALIGN (0x4)
                0x200001ac                        _edata = .

.igot.plt       0x200001ac        0x0 load address 0x0800dbbc
 .igot.plt      0x200001ac        0x0 /opt/st/stm32cubeide_1.15.1/plugins/com.st.stm32cube.ide.mcu.externaltools.gnu-tools-for-stm32.12.3.rel1.linux64_1.0.100.202403111256/tools/bin/../lib/gcc/arm-none-eabi/12.3.1/thumb/v6-m/nofp/crtbegin.o
                0x200001ac                        . = ALIGN (0x4)

.bss            0x200001ac      0x4e0 load address 0x0800dbbc
                0x200001ac                        _sbss = .
                0x200001ac                        __bss_start__ = _sbss
 *(.bss)
 .bss           0x200001ac       0x1c /opt/st/stm32cubeide_1.15.1/plugins/com.st.stm32cube.ide.mcu.externaltools.gnu-tools-for-stm32.12.3.rel1.linux64_1.0.100.202403111256/tools/bin/../lib/gcc/arm-none-eabi/12.3.1/thumb/v6-m/nofp/crtbegin.o
 *(.bss*)
 .bss.hadc1     0x200001c8       0x64 ./Core/Src/adc.o
                0x200001c8                hadc1
 .bss.RadioEvents
                0x2000022c       0x20 ./Core/Src/main.o
 .bss.start_process
                0x2000024c        0x1 ./Core/Src/main.o
                0x2000024c                start_process
 *fill*         0x2000024d        0x3 
 .bss.rxpkt     0x20000250       0x52 ./Core/Src/main.o
                0x20000250                rxpkt
 *fill*         0x200002a2        0x2 
 .bss.ack_timeout
                0x200002a4        0x4 ./Core/Src/main.o
                0x200002a4                ack_timeout
 .bss.standby_time
                0x200002a8        0x4 ./Core/Src/main.o
                0x200002a8                standby_time
 .bss.motor_time
                0x200002ac        0x4 ./Core/Src/main.o
                0x200002ac                motor_time
 .bss.start_motor_process
                0x200002b0        0x1 ./Core/Src/main.o
                0x200002b0                start_motor_process
 .bss.run_motor.1
                0x200002b1        0x1 ./Core/Src/main.o
 .bss.motor_state.0
                0x200002b2        0x1 ./Core/Src/main.o
 *fill*         0x200002b3        0x1 
 .bss.hspi1     0x200002b4       0x64 ./Core/Src/spi.o
                0x200002b4                hspi1
 .bss.__sbrk_heap_end
                0x20000318        0x4 ./Core/Src/sysmem.o
 .bss.huart1    0x2000031c       0x94 ./Core/Src/usart.o
                0x2000031c                huart1
 .bss.uwTick    0x200003b0        0x4 ./Drivers/STM32U0xx_HAL_Driver/Src/stm32u0xx_hal.o
                0x200003b0                uwTick
 .bss.plog      0x200003b4        0x4 ./libraries/TraceLog/TraceLog.o
 .bss.TxTimeout
                0x200003b8        0x4 ./libraries/lora/radio/radio.o
                0x200003b8                TxTimeout
 .bss.RxTimeout
                0x200003bc        0x4 ./libraries/lora/radio/radio.o
                0x200003bc                RxTimeout
 .bss.RxContinuous
                0x200003c0        0x1 ./libraries/lora/radio/radio.o
                0x200003c0                RxContinuous
 *fill*         0x200003c1        0x3 
 .bss.RadioPktStatus
                0x200003c4       0x14 ./libraries/lora/radio/radio.o
                0x200003c4                RadioPktStatus
 .bss.RadioRxPayload
                0x200003d8       0xff ./libraries/lora/radio/radio.o
                0x200003d8                RadioRxPayload
 .bss.IrqFired  0x200004d7        0x1 ./libraries/lora/radio/radio.o
                0x200004d7                IrqFired
 .bss.TimerRxTimeout
                0x200004d8        0x1 ./libraries/lora/radio/radio.o
                0x200004d8                TimerRxTimeout
 .bss.TimerTxTimeout
                0x200004d9        0x1 ./libraries/lora/radio/radio.o
                0x200004d9                TimerTxTimeout
 .bss._modem    0x200004da        0x1 ./libraries/lora/radio/radio.o
                0x200004da                _modem
 *fill*         0x200004db        0x1 
 .bss.RadioPublicNetwork
                0x200004dc        0x2 ./libraries/lora/radio/radio.o
 *fill*         0x200004de        0x2 
 .bss.RadioEvents
                0x200004e0        0x4 ./libraries/lora/radio/radio.o
 .bss.SX126x    0x200004e4       0x54 ./libraries/lora/radio/radio.o
                0x200004e4                SX126x
 .bss.OperatingMode
                0x20000538        0x1 ./libraries/lora/sx126x/sx126x.o
 .bss.PacketType
                0x20000539        0x1 ./libraries/lora/sx126x/sx126x.o
 *fill*         0x2000053a        0x2 
 .bss.FrequencyError
                0x2000053c        0x4 ./libraries/lora/sx126x/sx126x.o
                0x2000053c                FrequencyError
 .bss.ImageCalibrated
                0x20000540        0x1 ./libraries/lora/sx126x/sx126x.o
 .bss.dio3IsOutput
                0x20000541        0x1 ./libraries/lora/sx126x/sx126x_bsp.o
                0x20000541                dio3IsOutput
 *fill*         0x20000542        0x2 
 .bss.__malloc_sbrk_start
                0x20000544        0x4 /opt/st/stm32cubeide_1.15.1/plugins/com.st.stm32cube.ide.mcu.externaltools.gnu-tools-for-stm32.12.3.rel1.linux64_1.0.100.202403111256/tools/bin/../lib/gcc/arm-none-eabi/12.3.1/../../../../arm-none-eabi/lib/thumb/v6-m/nofp/libc_nano.a(libc_a-mallocr.o)
                0x20000544                __malloc_sbrk_start
 .bss.__malloc_free_list
                0x20000548        0x4 /opt/st/stm32cubeide_1.15.1/plugins/com.st.stm32cube.ide.mcu.externaltools.gnu-tools-for-stm32.12.3.rel1.linux64_1.0.100.202403111256/tools/bin/../lib/gcc/arm-none-eabi/12.3.1/../../../../arm-none-eabi/lib/thumb/v6-m/nofp/libc_nano.a(libc_a-mallocr.o)
                0x20000548                __malloc_free_list
 .bss.__sf      0x2000054c      0x138 /opt/st/stm32cubeide_1.15.1/plugins/com.st.stm32cube.ide.mcu.externaltools.gnu-tools-for-stm32.12.3.rel1.linux64_1.0.100.202403111256/tools/bin/../lib/gcc/arm-none-eabi/12.3.1/../../../../arm-none-eabi/lib/thumb/v6-m/nofp/libc_nano.a(libc_a-findfp.o)
                0x2000054c                __sf
 .bss.errno     0x20000684        0x4 /opt/st/stm32cubeide_1.15.1/plugins/com.st.stm32cube.ide.mcu.externaltools.gnu-tools-for-stm32.12.3.rel1.linux64_1.0.100.202403111256/tools/bin/../lib/gcc/arm-none-eabi/12.3.1/../../../../arm-none-eabi/lib/thumb/v6-m/nofp/libc_nano.a(libc_a-reent.o)
                0x20000684                errno
 .bss.__lock___malloc_recursive_mutex
                0x20000688        0x1 /opt/st/stm32cubeide_1.15.1/plugins/com.st.stm32cube.ide.mcu.externaltools.gnu-tools-for-stm32.12.3.rel1.linux64_1.0.100.202403111256/tools/bin/../lib/gcc/arm-none-eabi/12.3.1/../../../../arm-none-eabi/lib/thumb/v6-m/nofp/libc_nano.a(libc_a-lock.o)
                0x20000688                __lock___malloc_recursive_mutex
 *(COMMON)
                0x2000068c                        . = ALIGN (0x4)
 *fill*         0x20000689        0x3 
                0x2000068c                        _ebss = .
                0x2000068c                        __bss_end__ = _ebss

._user_heap_stack
                0x2000068c      0x604 load address 0x0800dbbc
                0x20000690                        . = ALIGN (0x8)
 *fill*         0x2000068c        0x4 
                [!provide]                        PROVIDE (end = .)
                0x20000690                        PROVIDE (_end = .)
                0x20000890                        . = (. + _Min_Heap_Size)
 *fill*         0x20000690      0x200 
                0x20000c90                        . = (. + _Min_Stack_Size)
 *fill*         0x20000890      0x400 
                0x20000c90                        . = ALIGN (0x8)

/DISCARD/
 libc.a(*)
 libm.a(*)
 libgcc.a(*)

.ARM.attributes
                0x00000000       0x28
 *(.ARM.attributes)
 .ARM.attributes
                0x00000000       0x1e /opt/st/stm32cubeide_1.15.1/plugins/com.st.stm32cube.ide.mcu.externaltools.gnu-tools-for-stm32.12.3.rel1.linux64_1.0.100.202403111256/tools/bin/../lib/gcc/arm-none-eabi/12.3.1/thumb/v6-m/nofp/crti.o
 .ARM.attributes
                0x0000001e       0x2c /opt/st/stm32cubeide_1.15.1/plugins/com.st.stm32cube.ide.mcu.externaltools.gnu-tools-for-stm32.12.3.rel1.linux64_1.0.100.202403111256/tools/bin/../lib/gcc/arm-none-eabi/12.3.1/thumb/v6-m/nofp/crtbegin.o
 .ARM.attributes
                0x0000004a       0x2c ./Core/Src/adc.o
 .ARM.attributes
                0x00000076       0x2c ./Core/Src/gpio.o
 .ARM.attributes
                0x000000a2       0x2c ./Core/Src/main.o
 .ARM.attributes
                0x000000ce       0x2c ./Core/Src/spi.o
 .ARM.attributes
                0x000000fa       0x2c ./Core/Src/stm32u0xx_hal_msp.o
 .ARM.attributes
                0x00000126       0x2c ./Core/Src/stm32u0xx_it.o
 .ARM.attributes
                0x00000152       0x2c ./Core/Src/sysmem.o
 .ARM.attributes
                0x0000017e       0x2c ./Core/Src/system_stm32u0xx.o
 .ARM.attributes
                0x000001aa       0x2c ./Core/Src/usart.o
 .ARM.attributes
                0x000001d6       0x22 ./Core/Startup/startup_stm32u031c8tx.o
 .ARM.attributes
                0x000001f8       0x2c ./Drivers/STM32U0xx_HAL_Driver/Src/stm32u0xx_hal.o
 .ARM.attributes
                0x00000224       0x2c ./Drivers/STM32U0xx_HAL_Driver/Src/stm32u0xx_hal_adc.o
 .ARM.attributes
                0x00000250       0x2c ./Drivers/STM32U0xx_HAL_Driver/Src/stm32u0xx_hal_adc_ex.o
 .ARM.attributes
                0x0000027c       0x2c ./Drivers/STM32U0xx_HAL_Driver/Src/stm32u0xx_hal_cortex.o
 .ARM.attributes
                0x000002a8       0x2c ./Drivers/STM32U0xx_HAL_Driver/Src/stm32u0xx_hal_gpio.o
 .ARM.attributes
                0x000002d4       0x2c ./Drivers/STM32U0xx_HAL_Driver/Src/stm32u0xx_hal_pwr_ex.o
 .ARM.attributes
                0x00000300       0x2c ./Drivers/STM32U0xx_HAL_Driver/Src/stm32u0xx_hal_rcc.o
 .ARM.attributes
                0x0000032c       0x2c ./Drivers/STM32U0xx_HAL_Driver/Src/stm32u0xx_hal_rcc_ex.o
 .ARM.attributes
                0x00000358       0x2c ./Drivers/STM32U0xx_HAL_Driver/Src/stm32u0xx_hal_spi.o
 .ARM.attributes
                0x00000384       0x2c ./Drivers/STM32U0xx_HAL_Driver/Src/stm32u0xx_hal_uart.o
 .ARM.attributes
                0x000003b0       0x2c ./Drivers/STM32U0xx_HAL_Driver/Src/stm32u0xx_hal_uart_ex.o
 .ARM.attributes
                0x000003dc       0x2c ./libraries/TraceLog/TraceLog.o
 .ARM.attributes
                0x00000408       0x2c ./libraries/lora/radio/radio.o
 .ARM.attributes
                0x00000434       0x2c ./libraries/lora/sx126x/sx126x.o
 .ARM.attributes
                0x00000460       0x2c ./libraries/lora/sx126x/sx126x_bsp.o
 .ARM.attributes
                0x0000048c       0x2c /opt/st/stm32cubeide_1.15.1/plugins/com.st.stm32cube.ide.mcu.externaltools.gnu-tools-for-stm32.12.3.rel1.linux64_1.0.100.202403111256/tools/bin/../lib/gcc/arm-none-eabi/12.3.1/../../../../arm-none-eabi/lib/thumb/v6-m/nofp/libc_nano.a(libc_a-malloc.o)
 .ARM.attributes
                0x000004b8       0x2c /opt/st/stm32cubeide_1.15.1/plugins/com.st.stm32cube.ide.mcu.externaltools.gnu-tools-for-stm32.12.3.rel1.linux64_1.0.100.202403111256/tools/bin/../lib/gcc/arm-none-eabi/12.3.1/../../../../arm-none-eabi/lib/thumb/v6-m/nofp/libc_nano.a(libc_a-mallocr.o)
 .ARM.attributes
                0x000004e4       0x2c /opt/st/stm32cubeide_1.15.1/plugins/com.st.stm32cube.ide.mcu.externaltools.gnu-tools-for-stm32.12.3.rel1.linux64_1.0.100.202403111256/tools/bin/../lib/gcc/arm-none-eabi/12.3.1/../../../../arm-none-eabi/lib/thumb/v6-m/nofp/libc_nano.a(libc_a-mlock.o)
 .ARM.attributes
                0x00000510       0x2c /opt/st/stm32cubeide_1.15.1/plugins/com.st.stm32cube.ide.mcu.externaltools.gnu-tools-for-stm32.12.3.rel1.linux64_1.0.100.202403111256/tools/bin/../lib/gcc/arm-none-eabi/12.3.1/../../../../arm-none-eabi/lib/thumb/v6-m/nofp/libc_nano.a(libc_a-findfp.o)
 .ARM.attributes
                0x0000053c       0x2c /opt/st/stm32cubeide_1.15.1/plugins/com.st.stm32cube.ide.mcu.externaltools.gnu-tools-for-stm32.12.3.rel1.linux64_1.0.100.202403111256/tools/bin/../lib/gcc/arm-none-eabi/12.3.1/../../../../arm-none-eabi/lib/thumb/v6-m/nofp/libc_nano.a(libc_a-asprintf.o)
 .ARM.attributes
                0x00000568       0x2c /opt/st/stm32cubeide_1.15.1/plugins/com.st.stm32cube.ide.mcu.externaltools.gnu-tools-for-stm32.12.3.rel1.linux64_1.0.100.202403111256/tools/bin/../lib/gcc/arm-none-eabi/12.3.1/../../../../arm-none-eabi/lib/thumb/v6-m/nofp/libc_nano.a(libc_a-vasprintf.o)
 .ARM.attributes
                0x00000594       0x2c /opt/st/stm32cubeide_1.15.1/plugins/com.st.stm32cube.ide.mcu.externaltools.gnu-tools-for-stm32.12.3.rel1.linux64_1.0.100.202403111256/tools/bin/../lib/gcc/arm-none-eabi/12.3.1/../../../../arm-none-eabi/lib/thumb/v6-m/nofp/libc_nano.a(libc_a-memset.o)
 .ARM.attributes
                0x000005c0       0x2c /opt/st/stm32cubeide_1.15.1/plugins/com.st.stm32cube.ide.mcu.externaltools.gnu-tools-for-stm32.12.3.rel1.linux64_1.0.100.202403111256/tools/bin/../lib/gcc/arm-none-eabi/12.3.1/../../../../arm-none-eabi/lib/thumb/v6-m/nofp/libc_nano.a(libc_a-reent.o)
 .ARM.attributes
                0x000005ec       0x2c /opt/st/stm32cubeide_1.15.1/plugins/com.st.stm32cube.ide.mcu.externaltools.gnu-tools-for-stm32.12.3.rel1.linux64_1.0.100.202403111256/tools/bin/../lib/gcc/arm-none-eabi/12.3.1/../../../../arm-none-eabi/lib/thumb/v6-m/nofp/libc_nano.a(libc_a-impure.o)
 .ARM.attributes
                0x00000618       0x2c /opt/st/stm32cubeide_1.15.1/plugins/com.st.stm32cube.ide.mcu.externaltools.gnu-tools-for-stm32.12.3.rel1.linux64_1.0.100.202403111256/tools/bin/../lib/gcc/arm-none-eabi/12.3.1/../../../../arm-none-eabi/lib/thumb/v6-m/nofp/libc_nano.a(libc_a-sbrkr.o)
 .ARM.attributes
                0x00000644       0x2c /opt/st/stm32cubeide_1.15.1/plugins/com.st.stm32cube.ide.mcu.externaltools.gnu-tools-for-stm32.12.3.rel1.linux64_1.0.100.202403111256/tools/bin/../lib/gcc/arm-none-eabi/12.3.1/../../../../arm-none-eabi/lib/thumb/v6-m/nofp/libc_nano.a(libc_a-errno.o)
 .ARM.attributes
                0x00000670       0x2c /opt/st/stm32cubeide_1.15.1/plugins/com.st.stm32cube.ide.mcu.externaltools.gnu-tools-for-stm32.12.3.rel1.linux64_1.0.100.202403111256/tools/bin/../lib/gcc/arm-none-eabi/12.3.1/../../../../arm-none-eabi/lib/thumb/v6-m/nofp/libc_nano.a(libc_a-init.o)
 .ARM.attributes
                0x0000069c       0x2c /opt/st/stm32cubeide_1.15.1/plugins/com.st.stm32cube.ide.mcu.externaltools.gnu-tools-for-stm32.12.3.rel1.linux64_1.0.100.202403111256/tools/bin/../lib/gcc/arm-none-eabi/12.3.1/../../../../arm-none-eabi/lib/thumb/v6-m/nofp/libc_nano.a(libc_a-lock.o)
 .ARM.attributes
                0x000006c8       0x2c /opt/st/stm32cubeide_1.15.1/plugins/com.st.stm32cube.ide.mcu.externaltools.gnu-tools-for-stm32.12.3.rel1.linux64_1.0.100.202403111256/tools/bin/../lib/gcc/arm-none-eabi/12.3.1/../../../../arm-none-eabi/lib/thumb/v6-m/nofp/libc_nano.a(libc_a-memcpy-stub.o)
 .ARM.attributes
                0x000006f4       0x1c /opt/st/stm32cubeide_1.15.1/plugins/com.st.stm32cube.ide.mcu.externaltools.gnu-tools-for-stm32.12.3.rel1.linux64_1.0.100.202403111256/tools/bin/../lib/gcc/arm-none-eabi/12.3.1/../../../../arm-none-eabi/lib/thumb/v6-m/nofp/libc_nano.a(libc_a-strlen.o)
 .ARM.attributes
                0x00000710       0x2c /opt/st/stm32cubeide_1.15.1/plugins/com.st.stm32cube.ide.mcu.externaltools.gnu-tools-for-stm32.12.3.rel1.linux64_1.0.100.202403111256/tools/bin/../lib/gcc/arm-none-eabi/12.3.1/../../../../arm-none-eabi/lib/thumb/v6-m/nofp/libc_nano.a(libc_a-freer.o)
 .ARM.attributes
                0x0000073c       0x2c /opt/st/stm32cubeide_1.15.1/plugins/com.st.stm32cube.ide.mcu.externaltools.gnu-tools-for-stm32.12.3.rel1.linux64_1.0.100.202403111256/tools/bin/../lib/gcc/arm-none-eabi/12.3.1/../../../../arm-none-eabi/lib/thumb/v6-m/nofp/libc_nano.a(libc_a-nano-svfprintf.o)
 .ARM.attributes
                0x00000768       0x2c /opt/st/stm32cubeide_1.15.1/plugins/com.st.stm32cube.ide.mcu.externaltools.gnu-tools-for-stm32.12.3.rel1.linux64_1.0.100.202403111256/tools/bin/../lib/gcc/arm-none-eabi/12.3.1/../../../../arm-none-eabi/lib/thumb/v6-m/nofp/libc_nano.a(libc_a-nano-vfprintf_i.o)
 .ARM.attributes
                0x00000794       0x2c /opt/st/stm32cubeide_1.15.1/plugins/com.st.stm32cube.ide.mcu.externaltools.gnu-tools-for-stm32.12.3.rel1.linux64_1.0.100.202403111256/tools/bin/../lib/gcc/arm-none-eabi/12.3.1/../../../../arm-none-eabi/lib/thumb/v6-m/nofp/libc_nano.a(libc_a-memmove.o)
 .ARM.attributes
                0x000007c0       0x2c /opt/st/stm32cubeide_1.15.1/plugins/com.st.stm32cube.ide.mcu.externaltools.gnu-tools-for-stm32.12.3.rel1.linux64_1.0.100.202403111256/tools/bin/../lib/gcc/arm-none-eabi/12.3.1/../../../../arm-none-eabi/lib/thumb/v6-m/nofp/libc_nano.a(libc_a-memchr-stub.o)
 .ARM.attributes
                0x000007ec       0x2c /opt/st/stm32cubeide_1.15.1/plugins/com.st.stm32cube.ide.mcu.externaltools.gnu-tools-for-stm32.12.3.rel1.linux64_1.0.100.202403111256/tools/bin/../lib/gcc/arm-none-eabi/12.3.1/../../../../arm-none-eabi/lib/thumb/v6-m/nofp/libc_nano.a(libc_a-reallocr.o)
 .ARM.attributes
                0x00000818       0x2c /opt/st/stm32cubeide_1.15.1/plugins/com.st.stm32cube.ide.mcu.externaltools.gnu-tools-for-stm32.12.3.rel1.linux64_1.0.100.202403111256/tools/bin/../lib/gcc/arm-none-eabi/12.3.1/../../../../arm-none-eabi/lib/thumb/v6-m/nofp/libc_nano.a(libc_a-msizer.o)
 .ARM.attributes
                0x00000844       0x2c /opt/st/stm32cubeide_1.15.1/plugins/com.st.stm32cube.ide.mcu.externaltools.gnu-tools-for-stm32.12.3.rel1.linux64_1.0.100.202403111256/tools/bin/../lib/gcc/arm-none-eabi/12.3.1/../../../../arm-none-eabi/lib/thumb/v6-m/nofp/libm.a(libm_a-s_ceil.o)
 .ARM.attributes
                0x00000870       0x2c /opt/st/stm32cubeide_1.15.1/plugins/com.st.stm32cube.ide.mcu.externaltools.gnu-tools-for-stm32.12.3.rel1.linux64_1.0.100.202403111256/tools/bin/../lib/gcc/arm-none-eabi/12.3.1/../../../../arm-none-eabi/lib/thumb/v6-m/nofp/libm.a(libm_a-s_floor.o)
 .ARM.attributes
                0x0000089c       0x2c /opt/st/stm32cubeide_1.15.1/plugins/com.st.stm32cube.ide.mcu.externaltools.gnu-tools-for-stm32.12.3.rel1.linux64_1.0.100.202403111256/tools/bin/../lib/gcc/arm-none-eabi/12.3.1/../../../../arm-none-eabi/lib/thumb/v6-m/nofp/libm.a(libm_a-s_rint.o)
 .ARM.attributes
                0x000008c8       0x1e /opt/st/stm32cubeide_1.15.1/plugins/com.st.stm32cube.ide.mcu.externaltools.gnu-tools-for-stm32.12.3.rel1.linux64_1.0.100.202403111256/tools/bin/../lib/gcc/arm-none-eabi/12.3.1/thumb/v6-m/nofp/libgcc.a(_thumb1_case_shi.o)
 .ARM.attributes
                0x000008e6       0x1e /opt/st/stm32cubeide_1.15.1/plugins/com.st.stm32cube.ide.mcu.externaltools.gnu-tools-for-stm32.12.3.rel1.linux64_1.0.100.202403111256/tools/bin/../lib/gcc/arm-none-eabi/12.3.1/thumb/v6-m/nofp/libgcc.a(_udivsi3.o)
 .ARM.attributes
                0x00000904       0x1e /opt/st/stm32cubeide_1.15.1/plugins/com.st.stm32cube.ide.mcu.externaltools.gnu-tools-for-stm32.12.3.rel1.linux64_1.0.100.202403111256/tools/bin/../lib/gcc/arm-none-eabi/12.3.1/thumb/v6-m/nofp/libgcc.a(_divsi3.o)
 .ARM.attributes
                0x00000922       0x1e /opt/st/stm32cubeide_1.15.1/plugins/com.st.stm32cube.ide.mcu.externaltools.gnu-tools-for-stm32.12.3.rel1.linux64_1.0.100.202403111256/tools/bin/../lib/gcc/arm-none-eabi/12.3.1/thumb/v6-m/nofp/libgcc.a(_dvmd_tls.o)
 .ARM.attributes
                0x00000940       0x1e /opt/st/stm32cubeide_1.15.1/plugins/com.st.stm32cube.ide.mcu.externaltools.gnu-tools-for-stm32.12.3.rel1.linux64_1.0.100.202403111256/tools/bin/../lib/gcc/arm-none-eabi/12.3.1/thumb/v6-m/nofp/libgcc.a(_arm_cmpdf2.o)
 .ARM.attributes
                0x0000095e       0x1e /opt/st/stm32cubeide_1.15.1/plugins/com.st.stm32cube.ide.mcu.externaltools.gnu-tools-for-stm32.12.3.rel1.linux64_1.0.100.202403111256/tools/bin/../lib/gcc/arm-none-eabi/12.3.1/thumb/v6-m/nofp/libgcc.a(_clzsi2.o)
 .ARM.attributes
                0x0000097c       0x1e /opt/st/stm32cubeide_1.15.1/plugins/com.st.stm32cube.ide.mcu.externaltools.gnu-tools-for-stm32.12.3.rel1.linux64_1.0.100.202403111256/tools/bin/../lib/gcc/arm-none-eabi/12.3.1/thumb/v6-m/nofp/libgcc.a(_aeabi_uldivmod.o)
 .ARM.attributes
                0x0000099a       0x2c /opt/st/stm32cubeide_1.15.1/plugins/com.st.stm32cube.ide.mcu.externaltools.gnu-tools-for-stm32.12.3.rel1.linux64_1.0.100.202403111256/tools/bin/../lib/gcc/arm-none-eabi/12.3.1/thumb/v6-m/nofp/libgcc.a(_fixunsdfsi.o)
 .ARM.attributes
                0x000009c6       0x2c /opt/st/stm32cubeide_1.15.1/plugins/com.st.stm32cube.ide.mcu.externaltools.gnu-tools-for-stm32.12.3.rel1.linux64_1.0.100.202403111256/tools/bin/../lib/gcc/arm-none-eabi/12.3.1/thumb/v6-m/nofp/libgcc.a(_udivmoddi4.o)
 .ARM.attributes
                0x000009f2       0x2c /opt/st/stm32cubeide_1.15.1/plugins/com.st.stm32cube.ide.mcu.externaltools.gnu-tools-for-stm32.12.3.rel1.linux64_1.0.100.202403111256/tools/bin/../lib/gcc/arm-none-eabi/12.3.1/thumb/v6-m/nofp/libgcc.a(adddf3.o)
 .ARM.attributes
                0x00000a1e       0x2c /opt/st/stm32cubeide_1.15.1/plugins/com.st.stm32cube.ide.mcu.externaltools.gnu-tools-for-stm32.12.3.rel1.linux64_1.0.100.202403111256/tools/bin/../lib/gcc/arm-none-eabi/12.3.1/thumb/v6-m/nofp/libgcc.a(divdf3.o)
 .ARM.attributes
                0x00000a4a       0x2c /opt/st/stm32cubeide_1.15.1/plugins/com.st.stm32cube.ide.mcu.externaltools.gnu-tools-for-stm32.12.3.rel1.linux64_1.0.100.202403111256/tools/bin/../lib/gcc/arm-none-eabi/12.3.1/thumb/v6-m/nofp/libgcc.a(eqdf2.o)
 .ARM.attributes
                0x00000a76       0x2c /opt/st/stm32cubeide_1.15.1/plugins/com.st.stm32cube.ide.mcu.externaltools.gnu-tools-for-stm32.12.3.rel1.linux64_1.0.100.202403111256/tools/bin/../lib/gcc/arm-none-eabi/12.3.1/thumb/v6-m/nofp/libgcc.a(gedf2.o)
 .ARM.attributes
                0x00000aa2       0x2c /opt/st/stm32cubeide_1.15.1/plugins/com.st.stm32cube.ide.mcu.externaltools.gnu-tools-for-stm32.12.3.rel1.linux64_1.0.100.202403111256/tools/bin/../lib/gcc/arm-none-eabi/12.3.1/thumb/v6-m/nofp/libgcc.a(ledf2.o)
 .ARM.attributes
                0x00000ace       0x2c /opt/st/stm32cubeide_1.15.1/plugins/com.st.stm32cube.ide.mcu.externaltools.gnu-tools-for-stm32.12.3.rel1.linux64_1.0.100.202403111256/tools/bin/../lib/gcc/arm-none-eabi/12.3.1/thumb/v6-m/nofp/libgcc.a(muldf3.o)
 .ARM.attributes
                0x00000afa       0x2c /opt/st/stm32cubeide_1.15.1/plugins/com.st.stm32cube.ide.mcu.externaltools.gnu-tools-for-stm32.12.3.rel1.linux64_1.0.100.202403111256/tools/bin/../lib/gcc/arm-none-eabi/12.3.1/thumb/v6-m/nofp/libgcc.a(subdf3.o)
 .ARM.attributes
                0x00000b26       0x2c /opt/st/stm32cubeide_1.15.1/plugins/com.st.stm32cube.ide.mcu.externaltools.gnu-tools-for-stm32.12.3.rel1.linux64_1.0.100.202403111256/tools/bin/../lib/gcc/arm-none-eabi/12.3.1/thumb/v6-m/nofp/libgcc.a(fixdfsi.o)
 .ARM.attributes
                0x00000b52       0x2c /opt/st/stm32cubeide_1.15.1/plugins/com.st.stm32cube.ide.mcu.externaltools.gnu-tools-for-stm32.12.3.rel1.linux64_1.0.100.202403111256/tools/bin/../lib/gcc/arm-none-eabi/12.3.1/thumb/v6-m/nofp/libgcc.a(floatsidf.o)
 .ARM.attributes
                0x00000b7e       0x2c /opt/st/stm32cubeide_1.15.1/plugins/com.st.stm32cube.ide.mcu.externaltools.gnu-tools-for-stm32.12.3.rel1.linux64_1.0.100.202403111256/tools/bin/../lib/gcc/arm-none-eabi/12.3.1/thumb/v6-m/nofp/libgcc.a(floatunsidf.o)
 .ARM.attributes
                0x00000baa       0x1e /opt/st/stm32cubeide_1.15.1/plugins/com.st.stm32cube.ide.mcu.externaltools.gnu-tools-for-stm32.12.3.rel1.linux64_1.0.100.202403111256/tools/bin/../lib/gcc/arm-none-eabi/12.3.1/thumb/v6-m/nofp/libgcc.a(_clzdi2.o)
 .ARM.attributes
                0x00000bc8       0x1e /opt/st/stm32cubeide_1.15.1/plugins/com.st.stm32cube.ide.mcu.externaltools.gnu-tools-for-stm32.12.3.rel1.linux64_1.0.100.202403111256/tools/bin/../lib/gcc/arm-none-eabi/12.3.1/thumb/v6-m/nofp/crtn.o
OUTPUT(Demo_CallPoint.elf elf32-littlearm)
LOAD linker stubs
LOAD /opt/st/stm32cubeide_1.15.1/plugins/com.st.stm32cube.ide.mcu.externaltools.gnu-tools-for-stm32.12.3.rel1.linux64_1.0.100.202403111256/tools/bin/../lib/gcc/arm-none-eabi/12.3.1/../../../../arm-none-eabi/lib/thumb/v6-m/nofp/libc.a
LOAD /opt/st/stm32cubeide_1.15.1/plugins/com.st.stm32cube.ide.mcu.externaltools.gnu-tools-for-stm32.12.3.rel1.linux64_1.0.100.202403111256/tools/bin/../lib/gcc/arm-none-eabi/12.3.1/../../../../arm-none-eabi/lib/thumb/v6-m/nofp/libm.a
LOAD /opt/st/stm32cubeide_1.15.1/plugins/com.st.stm32cube.ide.mcu.externaltools.gnu-tools-for-stm32.12.3.rel1.linux64_1.0.100.202403111256/tools/bin/../lib/gcc/arm-none-eabi/12.3.1/thumb/v6-m/nofp/libgcc.a

.debug_info     0x00000000    0x162fb
 .debug_info    0x00000000      0xcda ./Core/Src/adc.o
 .debug_info    0x00000cda      0x5ba ./Core/Src/gpio.o
 .debug_info    0x00001294     0x19f7 ./Core/Src/main.o
 .debug_info    0x00002c8b      0xaa6 ./Core/Src/spi.o