../LoRaWAN/Mac/Region/RegionKR920.c:68:15:GetNextLowerTxDr	24	static
../LoRaWAN/Mac/Region/RegionKR920.c:83:15:GetMaxEIRP	16	static
../LoRaWAN/Mac/Region/RegionKR920.c:93:17:GetBandwidth	16	static
../LoRaWAN/Mac/Region/RegionKR920.c:107:15:LimitTxPower	24	static
../LoRaWAN/Mac/Region/RegionKR920.c:117:13:VerifyRfFreq	24	static
../LoRaWAN/Mac/Region/RegionKR920.c:141:16:CountNbOfEnabledChannels	32	static
../LoRaWAN/Mac/Region/RegionKR920.c:182:12:RegionKR920GetPhyParam	24	static
../LoRaWAN/Mac/Region/RegionKR920.c:364:6:RegionKR920SetBandTxDone	16	static
../LoRaWAN/Mac/Region/RegionKR920.c:369:6:RegionKR920InitDefaults	120	static
../LoRaWAN/Mac/Region/RegionKR920.c:420:7:RegionKR920GetNvmCtx	16	static
../LoRaWAN/Mac/Region/RegionKR920.c:426:6:RegionKR920Verify	16	static
../LoRaWAN/Mac/Region/RegionKR920.c:461:6:RegionKR920ApplyCFList	48	static
../LoRaWAN/Mac/Region/RegionKR920.c:520:6:RegionKR920ChanMaskSet	16	static
../LoRaWAN/Mac/Region/RegionKR920.c:540:6:RegionKR920ComputeRxWindowParameters	40	static
../LoRaWAN/Mac/Region/RegionKR920.c:553:6:RegionKR920RxConfig	72	static
../LoRaWAN/Mac/Region/RegionKR920.c:590:6:RegionKR920TxConfig	96	static
../LoRaWAN/Mac/Region/RegionKR920.c:619:9:RegionKR920LinkAdrReq	88	static
../LoRaWAN/Mac/Region/RegionKR920.c:724:9:RegionKR920RxParamSetupReq	24	static
../LoRaWAN/Mac/Region/RegionKR920.c:749:9:RegionKR920NewChannelReq	32	static
../LoRaWAN/Mac/Region/RegionKR920.c:802:8:RegionKR920TxParamSetupReq	16	static
../LoRaWAN/Mac/Region/RegionKR920.c:807:9:RegionKR920DlChannelReq	24	static
../LoRaWAN/Mac/Region/RegionKR920.c:832:8:RegionKR920AlternateDr	16	static
../LoRaWAN/Mac/Region/RegionKR920.c:837:6:RegionKR920CalcBackOff	48	static
../LoRaWAN/Mac/Region/RegionKR920.c:853:17:RegionKR920NextChannel	104	static
../LoRaWAN/Mac/Region/RegionKR920.c:920:17:RegionKR920ChannelAdd	24	static
../LoRaWAN/Mac/Region/RegionKR920.c:979:6:RegionKR920ChannelsRemove	32	static
../LoRaWAN/Mac/Region/RegionKR920.c:994:6:RegionKR920SetContinuousWave	32	static
../LoRaWAN/Mac/Region/RegionKR920.c:1011:9:RegionKR920ApplyDrOffset	24	static
../LoRaWAN/Mac/Region/RegionKR920.c:1022:6:RegionKR920RxBeaconSetup	40	static
