../LoRaWAN/Mac/Region/RegionAS923.c:68:15:GetNextLowerTxDr	24	static
../LoRaWAN/Mac/Region/RegionAS923.c:83:17:GetBandwidth	16	static
../LoRaWAN/Mac/Region/RegionAS923.c:97:15:LimitTxPower	24	static
../LoRaWAN/Mac/Region/RegionAS923.c:107:13:VerifyRfFreq	16	static
../LoRaWAN/Mac/Region/RegionAS923.c:122:16:CountNbOfEnabledChannels	32	static
../LoRaWAN/Mac/Region/RegionAS923.c:163:12:RegionAS923GetPhyParam	24	static
../LoRaWAN/Mac/Region/RegionAS923.c:380:6:RegionAS923SetBandTxDone	16	static
../LoRaWAN/Mac/Region/RegionAS923.c:385:6:RegionAS923InitDefaults	96	static
../LoRaWAN/Mac/Region/RegionAS923.c:434:7:RegionAS923GetNvmCtx	16	static
../LoRaWAN/Mac/Region/RegionAS923.c:440:6:RegionAS923Verify	16	static
../LoRaWAN/Mac/Region/RegionAS923.c:489:6:RegionAS923ApplyCFList	48	static
../LoRaWAN/Mac/Region/RegionAS923.c:548:6:RegionAS923ChanMaskSet	16	static
../LoRaWAN/Mac/Region/RegionAS923.c:568:6:RegionAS923ComputeRxWindowParameters	40	static
../LoRaWAN/Mac/Region/RegionAS923.c:588:6:RegionAS923RxConfig	80	static
../LoRaWAN/Mac/Region/RegionAS923.c:645:6:RegionAS923TxConfig	96	static
../LoRaWAN/Mac/Region/RegionAS923.c:679:9:RegionAS923LinkAdrReq	88	static
../LoRaWAN/Mac/Region/RegionAS923.c:784:9:RegionAS923RxParamSetupReq	24	static
../LoRaWAN/Mac/Region/RegionAS923.c:809:9:RegionAS923NewChannelReq	32	static
../LoRaWAN/Mac/Region/RegionAS923.c:862:8:RegionAS923TxParamSetupReq	16	static
../LoRaWAN/Mac/Region/RegionAS923.c:868:9:RegionAS923DlChannelReq	24	static
../LoRaWAN/Mac/Region/RegionAS923.c:893:8:RegionAS923AlternateDr	16	static
../LoRaWAN/Mac/Region/RegionAS923.c:899:6:RegionAS923CalcBackOff	48	static
../LoRaWAN/Mac/Region/RegionAS923.c:915:17:RegionAS923NextChannel	104	static
../LoRaWAN/Mac/Region/RegionAS923.c:982:17:RegionAS923ChannelAdd	24	static
../LoRaWAN/Mac/Region/RegionAS923.c:1041:6:RegionAS923ChannelsRemove	32	static
../LoRaWAN/Mac/Region/RegionAS923.c:1056:6:RegionAS923SetContinuousWave	24	static
../LoRaWAN/Mac/Region/RegionAS923.c:1068:9:RegionAS923ApplyDrOffset	24	static
../LoRaWAN/Mac/Region/RegionAS923.c:1083:6:RegionAS923RxBeaconSetup	40	static
