../LoRaWAN/Mac/Region/RegionUS915.c:83:15:GetNextLowerTxDr	24	static
../LoRaWAN/Mac/Region/RegionUS915.c:109:24:FindAvailable125kHzChannels	32	static
../LoRaWAN/Mac/Region/RegionUS915.c:141:24:ComputeNext125kHzJoinChannel	40	static
../LoRaWAN/Mac/Region/RegionUS915.c:198:17:GetBandwidth	16	static
../LoRaWAN/Mac/Region/RegionUS915.c:212:15:LimitTxPower	24	static
../LoRaWAN/Mac/Region/RegionUS915.c:233:13:VerifyRfFreq	16	static
../LoRaWAN/Mac/Region/RegionUS915.c:257:16:CountNbOfEnabledChannels	32	static
../LoRaWAN/Mac/Region/RegionUS915.c:291:12:RegionUS915GetPhyParam	24	static
../LoRaWAN/Mac/Region/RegionUS915.c:479:6:RegionUS915SetBandTxDone	16	static
../LoRaWAN/Mac/Region/RegionUS915.c:484:6:RegionUS915InitDefaults	56	static
../LoRaWAN/Mac/Region/RegionUS915.c:561:7:RegionUS915GetNvmCtx	16	static
../LoRaWAN/Mac/Region/RegionUS915.c:567:6:RegionUS915Verify	16	static
../LoRaWAN/Mac/Region/RegionUS915.c:602:6:RegionUS915ApplyCFList	24	static
../LoRaWAN/Mac/Region/RegionUS915.c:630:6:RegionUS915ChanMaskSet	24	static
../LoRaWAN/Mac/Region/RegionUS915.c:667:6:RegionUS915ComputeRxWindowParameters	40	static
../LoRaWAN/Mac/Region/RegionUS915.c:680:6:RegionUS915RxConfig	80	static
../LoRaWAN/Mac/Region/RegionUS915.c:720:6:RegionUS915TxConfig	96	static
../LoRaWAN/Mac/Region/RegionUS915.c:744:9:RegionUS915LinkAdrReq	96	static
../LoRaWAN/Mac/Region/RegionUS915.c:905:9:RegionUS915RxParamSetupReq	24	static
../LoRaWAN/Mac/Region/RegionUS915.c:935:9:RegionUS915NewChannelReq	16	static
../LoRaWAN/Mac/Region/RegionUS915.c:941:8:RegionUS915TxParamSetupReq	16	static
../LoRaWAN/Mac/Region/RegionUS915.c:946:9:RegionUS915DlChannelReq	16	static
../LoRaWAN/Mac/Region/RegionUS915.c:951:8:RegionUS915AlternateDr	16	static
../LoRaWAN/Mac/Region/RegionUS915.c:976:6:RegionUS915CalcBackOff	48	static
../LoRaWAN/Mac/Region/RegionUS915.c:992:17:RegionUS915NextChannel	152	static
../LoRaWAN/Mac/Region/RegionUS915.c:1092:17:RegionUS915ChannelAdd	16	static
../LoRaWAN/Mac/Region/RegionUS915.c:1097:6:RegionUS915ChannelsRemove	16	static
../LoRaWAN/Mac/Region/RegionUS915.c:1102:6:RegionUS915SetContinuousWave	24	static
../LoRaWAN/Mac/Region/RegionUS915.c:1114:9:RegionUS915ApplyDrOffset	24	static
../LoRaWAN/Mac/Region/RegionUS915.c:1125:6:RegionUS915RxBeaconSetup	40	static
