../LoRaWAN/Mac/Region/RegionRU864.c:68:15:GetNextLowerTxDr	24	static
../LoRaWAN/Mac/Region/RegionRU864.c:83:17:GetBandwidth	16	static
../LoRaWAN/Mac/Region/RegionRU864.c:97:15:LimitTxPower	24	static
../LoRaWAN/Mac/Region/RegionRU864.c:107:13:VerifyRfFreq	16	static
../LoRaWAN/Mac/Region/RegionRU864.c:123:16:CountNbOfEnabledChannels	32	static
../LoRaWAN/Mac/Region/RegionRU864.c:164:12:RegionRU864GetPhyParam	24	static
../LoRaWAN/Mac/Region/RegionRU864.c:337:6:RegionRU864SetBandTxDone	16	static
../LoRaWAN/Mac/Region/RegionRU864.c:342:6:RegionRU864InitDefaults	96	static
../LoRaWAN/Mac/Region/RegionRU864.c:391:7:RegionRU864GetNvmCtx	16	static
../LoRaWAN/Mac/Region/RegionRU864.c:397:6:RegionRU864Verify	16	static
../LoRaWAN/Mac/Region/RegionRU864.c:432:6:RegionRU864ApplyCFList	48	static
../LoRaWAN/Mac/Region/RegionRU864.c:491:6:RegionRU864ChanMaskSet	16	static
../LoRaWAN/Mac/Region/RegionRU864.c:511:6:RegionRU864ComputeRxWindowParameters	40	static
../LoRaWAN/Mac/Region/RegionRU864.c:531:6:RegionRU864RxConfig	80	static
../LoRaWAN/Mac/Region/RegionRU864.c:587:6:RegionRU864TxConfig	96	static
../LoRaWAN/Mac/Region/RegionRU864.c:621:9:RegionRU864LinkAdrReq	88	static
../LoRaWAN/Mac/Region/RegionRU864.c:726:9:RegionRU864RxParamSetupReq	24	static
../LoRaWAN/Mac/Region/RegionRU864.c:751:9:RegionRU864NewChannelReq	32	static
../LoRaWAN/Mac/Region/RegionRU864.c:804:8:RegionRU864TxParamSetupReq	16	static
../LoRaWAN/Mac/Region/RegionRU864.c:809:9:RegionRU864DlChannelReq	24	static
../LoRaWAN/Mac/Region/RegionRU864.c:834:8:RegionRU864AlternateDr	16	static
../LoRaWAN/Mac/Region/RegionRU864.c:839:6:RegionRU864CalcBackOff	48	static
../LoRaWAN/Mac/Region/RegionRU864.c:855:17:RegionRU864NextChannel	88	static
../LoRaWAN/Mac/Region/RegionRU864.c:910:17:RegionRU864ChannelAdd	24	static
../LoRaWAN/Mac/Region/RegionRU864.c:969:6:RegionRU864ChannelsRemove	32	static
../LoRaWAN/Mac/Region/RegionRU864.c:984:6:RegionRU864SetContinuousWave	24	static
../LoRaWAN/Mac/Region/RegionRU864.c:996:9:RegionRU864ApplyDrOffset	24	static
../LoRaWAN/Mac/Region/RegionRU864.c:1007:6:RegionRU864RxBeaconSetup	40	static
