../LoRaWAN/Mac/Region/RegionEU868.c:68:15:GetNextLowerTxDr	24	static
../LoRaWAN/Mac/Region/RegionEU868.c:83:17:GetBandwidth	16	static
../LoRaWAN/Mac/Region/RegionEU868.c:97:15:LimitTxPower	24	static
../LoRaWAN/Mac/Region/RegionEU868.c:107:13:VerifyRfFreq	16	static
../LoRaWAN/Mac/Region/RegionEU868.c:147:16:CountNbOfEnabledChannels	32	static
../LoRaWAN/Mac/Region/RegionEU868.c:188:12:RegionEU868GetPhyParam	24	static
../LoRaWAN/Mac/Region/RegionEU868.c:366:6:RegionEU868SetBandTxDone	16	static
../LoRaWAN/Mac/Region/RegionEU868.c:371:6:RegionEU868InitDefaults	280	static
../LoRaWAN/Mac/Region/RegionEU868.c:427:7:RegionEU868GetNvmCtx	16	static
../LoRaWAN/Mac/Region/RegionEU868.c:433:6:RegionEU868Verify	24	static
../LoRaWAN/Mac/Region/RegionEU868.c:469:6:RegionEU868ApplyCFList	48	static
../LoRaWAN/Mac/Region/RegionEU868.c:528:6:RegionEU868ChanMaskSet	16	static
../LoRaWAN/Mac/Region/RegionEU868.c:548:6:RegionEU868ComputeRxWindowParameters	40	static
../LoRaWAN/Mac/Region/RegionEU868.c:568:6:RegionEU868RxConfig	80	static
../LoRaWAN/Mac/Region/RegionEU868.c:624:6:RegionEU868TxConfig	96	static
../LoRaWAN/Mac/Region/RegionEU868.c:658:9:RegionEU868LinkAdrReq	88	static
../LoRaWAN/Mac/Region/RegionEU868.c:763:9:RegionEU868RxParamSetupReq	24	static
../LoRaWAN/Mac/Region/RegionEU868.c:789:9:RegionEU868NewChannelReq	32	static
../LoRaWAN/Mac/Region/RegionEU868.c:842:8:RegionEU868TxParamSetupReq	16	static
../LoRaWAN/Mac/Region/RegionEU868.c:847:9:RegionEU868DlChannelReq	24	static
../LoRaWAN/Mac/Region/RegionEU868.c:873:8:RegionEU868AlternateDr	16	static
../LoRaWAN/Mac/Region/RegionEU868.c:878:6:RegionEU868CalcBackOff	48	static
../LoRaWAN/Mac/Region/RegionEU868.c:894:17:RegionEU868NextChannel	96	static
../LoRaWAN/Mac/Region/RegionEU868.c:949:17:RegionEU868ChannelAdd	24	static
../LoRaWAN/Mac/Region/RegionEU868.c:1009:6:RegionEU868ChannelsRemove	32	static
../LoRaWAN/Mac/Region/RegionEU868.c:1024:6:RegionEU868SetContinuousWave	24	static
../LoRaWAN/Mac/Region/RegionEU868.c:1036:9:RegionEU868ApplyDrOffset	24	static
../LoRaWAN/Mac/Region/RegionEU868.c:1047:6:RegionEU868RxBeaconSetup	40	static
