../LoRaWAN/Mac/Region/RegionIN865.c:68:15:GetNextLowerTxDr	24	static
../LoRaWAN/Mac/Region/RegionIN865.c:87:17:GetBandwidth	16	static
../LoRaWAN/Mac/Region/RegionIN865.c:101:15:LimitTxPower	24	static
../LoRaWAN/Mac/Region/RegionIN865.c:111:13:VerifyRfFreq	16	static
../LoRaWAN/Mac/Region/RegionIN865.c:126:16:CountNbOfEnabledChannels	32	static
../LoRaWAN/Mac/Region/RegionIN865.c:167:12:RegionIN865GetPhyParam	24	static
../LoRaWAN/Mac/Region/RegionIN865.c:345:6:RegionIN865SetBandTxDone	16	static
../LoRaWAN/Mac/Region/RegionIN865.c:350:6:RegionIN865InitDefaults	120	static
../LoRaWAN/Mac/Region/RegionIN865.c:401:7:RegionIN865GetNvmCtx	16	static
../LoRaWAN/Mac/Region/RegionIN865.c:407:6:RegionIN865Verify	16	static
../LoRaWAN/Mac/Region/RegionIN865.c:456:6:RegionIN865ApplyCFList	48	static
../LoRaWAN/Mac/Region/RegionIN865.c:515:6:RegionIN865ChanMaskSet	16	static
../LoRaWAN/Mac/Region/RegionIN865.c:535:6:RegionIN865ComputeRxWindowParameters	40	static
../LoRaWAN/Mac/Region/RegionIN865.c:555:6:RegionIN865RxConfig	80	static
../LoRaWAN/Mac/Region/RegionIN865.c:610:6:RegionIN865TxConfig	96	static
../LoRaWAN/Mac/Region/RegionIN865.c:644:9:RegionIN865LinkAdrReq	88	static
../LoRaWAN/Mac/Region/RegionIN865.c:756:9:RegionIN865RxParamSetupReq	24	static
../LoRaWAN/Mac/Region/RegionIN865.c:781:9:RegionIN865NewChannelReq	32	static
../LoRaWAN/Mac/Region/RegionIN865.c:834:8:RegionIN865TxParamSetupReq	16	static
../LoRaWAN/Mac/Region/RegionIN865.c:839:9:RegionIN865DlChannelReq	24	static
../LoRaWAN/Mac/Region/RegionIN865.c:864:8:RegionIN865AlternateDr	16	static
../LoRaWAN/Mac/Region/RegionIN865.c:869:6:RegionIN865CalcBackOff	48	static
../LoRaWAN/Mac/Region/RegionIN865.c:885:17:RegionIN865NextChannel	96	static
../LoRaWAN/Mac/Region/RegionIN865.c:940:17:RegionIN865ChannelAdd	24	static
../LoRaWAN/Mac/Region/RegionIN865.c:999:6:RegionIN865ChannelsRemove	32	static
../LoRaWAN/Mac/Region/RegionIN865.c:1014:6:RegionIN865SetContinuousWave	24	static
../LoRaWAN/Mac/Region/RegionIN865.c:1026:9:RegionIN865ApplyDrOffset	16	static
../LoRaWAN/Mac/Region/RegionIN865.c:1032:6:RegionIN865RxBeaconSetup	40	static
