../libraries/lora/sx126x/sx126x.c:64:6:SX126xInit	8	static
../libraries/lora/sx126x/sx126x.c:74:6:SX126xReInit	8	static
../libraries/lora/sx126x/sx126x.c:77:23:SX126xGetOperatingMode	8	static
../libraries/lora/sx126x/sx126x.c:81:6:SX126xSetOperatingMode	16	static
../libraries/lora/sx126x/sx126x.c:85:6:SX126xCheckDeviceReady	8	static
../libraries/lora/sx126x/sx126x.c:94:6:SX126xSetPayload	16	static
../libraries/lora/sx126x/sx126x.c:98:9:SX126xGetPayload	32	static
../libraries/lora/sx126x/sx126x.c:108:6:SX126xSendPayload	24	static
../libraries/lora/sx126x/sx126x.c:113:9:SX126xSetSyncWord	16	static
../libraries/lora/sx126x/sx126x.c:118:6:SX126xSetCrcSeed	32	static
../libraries/lora/sx126x/sx126x.c:134:6:SX126xSetCrcPolynomial	32	static
../libraries/lora/sx126x/sx126x.c:150:6:SX126xSetWhiteningSeed	32	static
../libraries/lora/sx126x/sx126x.c:166:10:SX126xGetRandom	16	static
../libraries/lora/sx126x/sx126x.c:174:6:SX126xSetSleep	16	static
../libraries/lora/sx126x/sx126x.c:181:6:SX126xSetStandby	16	static
../libraries/lora/sx126x/sx126x.c:193:6:SX126xSetFs	8	static
../libraries/lora/sx126x/sx126x.c:198:6:SX126xSetTx	24	static
../libraries/lora/sx126x/sx126x.c:209:6:SX126xSetRx	24	static
../libraries/lora/sx126x/sx126x.c:222:6:SX126xSetRxBoosted	24	static
../libraries/lora/sx126x/sx126x.c:235:6:SX126xSetRxDutyCycle	24	static
../libraries/lora/sx126x/sx126x.c:248:6:SX126xSetCad	8	static
../libraries/lora/sx126x/sx126x.c:253:6:SX126xSetTxContinuousWave	8	static
../libraries/lora/sx126x/sx126x.c:257:6:SX126xSetTxInfinitePreamble	8	static
../libraries/lora/sx126x/sx126x.c:261:6:SX126xSetStopRxTimerOnPreambleDetect	16	static
../libraries/lora/sx126x/sx126x.c:265:6:SX126xSetLoRaSymbNumTimeout	16	static
../libraries/lora/sx126x/sx126x.c:269:6:SX126xSetRegulatorMode	16	static
../libraries/lora/sx126x/sx126x.c:273:6:SX126xCalibrate	16	static
../libraries/lora/sx126x/sx126x.c:277:6:SX126xCalibrateImage	24	static
../libraries/lora/sx126x/sx126x.c:303:6:SX126xSetPaConfig	32	static
../libraries/lora/sx126x/sx126x.c:313:6:SX126xSetRxTxFallbackMode	16	static
../libraries/lora/sx126x/sx126x.c:317:6:SX126xSetDioIrqParams	32	static
../libraries/lora/sx126x/sx126x.c:331:10:SX126xGetIrqStatus	16	static
../libraries/lora/sx126x/sx126x.c:338:6:SX126xSetDio2AsRfSwitchCtrl	16	static
../libraries/lora/sx126x/sx126x.c:342:6:SX126xSetDio3AsTcxoCtrl	24	static
../libraries/lora/sx126x/sx126x.c:360:6:SX126xSetRfFrequency	24	static
../libraries/lora/sx126x/sx126x.c:377:6:SX126xSetPacketType	16	static
../libraries/lora/sx126x/sx126x.c:383:20:SX126xGetPacketType	8	static
../libraries/lora/sx126x/sx126x.c:387:6:SX126xSetTxParams	24	static
../libraries/lora/sx126x/sx126x.c:424:6:SX126xSetModulationParams	40	static
../libraries/lora/sx126x/sx126x.c:465:6:SX126xSetPacketParams	32	static
../libraries/lora/sx126x/sx126x.c:518:6:SX126xSetCadParams	32	static
../libraries/lora/sx126x/sx126x.c:532:6:SX126xSetBufferBaseAddress	24	static
../libraries/lora/sx126x/sx126x.c:540:15:SX126xGetStatus	16	static
../libraries/lora/sx126x/sx126x.c:549:8:SX126xGetRssiInst	16	static
../libraries/lora/sx126x/sx126x.c:558:6:SX126xGetRxBufferStatus	24	static
../libraries/lora/sx126x/sx126x.c:573:6:SX126xGetPacketStatus	24	static
../libraries/lora/sx126x/sx126x.c:605:14:SX126xGetDeviceErrors	16	static
../libraries/lora/sx126x/sx126x.c:612:6:SX126xClearDeviceErrors	16	static
../libraries/lora/sx126x/sx126x.c:617:6:SX126xClearIrqStatus	24	static
