../libraries/lora/sx126x/sx126x_bsp.c:14:6:SX126xIoInit	8	static
../libraries/lora/sx126x/sx126x_bsp.c:20:6:SX126xIoReInit	8	static
../libraries/lora/sx126x/sx126x_bsp.c:25:6:SX126xIoDeInit	8	static
../libraries/lora/sx126x/sx126x_bsp.c:29:6:SX126xReset	8	static
../libraries/lora/sx126x/sx126x_bsp.c:37:6:SX126xWaitOnBusy	16	static,ignoring_inline_asm
../libraries/lora/sx126x/sx126x_bsp.c:48:6:SX126xWakeup	16	static,ignoring_inline_asm
../libraries/lora/sx126x/sx126x_bsp.c:61:6:SX126xWriteCommand	24	static
../libraries/lora/sx126x/sx126x_bsp.c:73:6:SX126xReadCommand	32	static
../libraries/lora/sx126x/sx126x_bsp.c:85:6:SX126xWriteRegisters	32	static
../libraries/lora/sx126x/sx126x_bsp.c:97:6:SX126xWriteRegister	16	static
../libraries/lora/sx126x/sx126x_bsp.c:101:6:SX126xReadRegisters	32	static
../libraries/lora/sx126x/sx126x_bsp.c:113:9:SX126xReadRegister	32	static
../libraries/lora/sx126x/sx126x_bsp.c:119:6:SX126xWriteBuffer	24	static
../libraries/lora/sx126x/sx126x_bsp.c:131:6:SX126xReadBuffer	24	static
../libraries/lora/sx126x/sx126x_bsp.c:145:6:SX126xSetRfTxPower	16	static
../libraries/lora/sx126x/sx126x_bsp.c:149:9:SX126xGetPaSelect	16	static
../libraries/lora/sx126x/sx126x_bsp.c:318:6:SX126xAntSwOn	8	static
../libraries/lora/sx126x/sx126x_bsp.c:321:6:SX126xAntSwOff	8	static
../libraries/lora/sx126x/sx126x_bsp.c:324:6:SX126xRXena	8	static
../libraries/lora/sx126x/sx126x_bsp.c:327:6:SX126xTXena	8	static
../libraries/lora/sx126x/sx126x_bsp.c:330:6:SX126xCheckRfFrequency	16	static
../libraries/lora/sx126x/sx126x_bsp.c:334:6:SX126xGetStats	40	static
../libraries/lora/sx126x/sx126x_bsp.c:344:6:SX126xResetStats	16	static
