../Util/logger/logger.c:115:28:log_port_flush_string	16	static
../Util/logger/logger.c:120:32:log_port_get_systime	4	static
../Util/logger/logger.c:124:23:log_get_tagprop	24	static
../Util/logger/logger.c:133:16:log_tag_available	24	static
../Util/logger/logger.c:144:6:log_enable	4	static
../Util/logger/logger.c:148:6:log_disable	4	static
../Util/logger/logger.c:152:6:log_set_global_style	16	static
../Util/logger/logger.c:161:6:log_set_level_style	16	static
../Util/logger/logger.c:177:6:log_set_filter_style	32	static
../Util/logger/logger.c:190:6:log_set_filtermax_style	32	static
../Util/logger/logger.c:208:20:_log	80	static
../Util/logger/logger.c:233:6:LOG_LEVEL_ERROR	40	static
../Util/logger/logger.c:240:6:LOG_LEVEL_ASSERT	40	static
../Util/logger/logger.c:247:6:LOG_LEVEL_WARNING	40	static
../Util/logger/logger.c:254:6:LOG_LEVEL_INFO	40	static
../Util/logger/logger.c:261:6:LOG_LEVEL_DEBUG	40	static
../Util/logger/logger.c:268:6:LOG_LEVEL_VERBOSE	40	static
../Util/logger/logger.c:276:6:LOG_FAULT	32	static
../Util/logger/logger.c:292:6:LOG_BASE	32	static
