../Middlewares/Third_Party/LoRaWAN/SubGHz_Phy/radio.c:473:16:RadioGetFskBandwidthRegValue	24	static
../Middlewares/Third_Party/LoRaWAN/SubGHz_Phy/radio.c:493:6:RadioInit	32	static
../Middlewares/Third_Party/LoRaWAN/SubGHz_Phy/radio.c:511:6:RadioReInit	32	static
../Middlewares/Third_Party/LoRaWAN/SubGHz_Phy/radio.c:522:14:RadioGetStatus	8	static
../Middlewares/Third_Party/LoRaWAN/SubGHz_Phy/radio.c:535:6:RadioSetModem	16	static
../Middlewares/Third_Party/LoRaWAN/SubGHz_Phy/radio.c:557:6:RadioSetChannel	16	static
../Middlewares/Third_Party/LoRaWAN/SubGHz_Phy/radio.c:562:6:RadioIsChannelFree	48	static
../Middlewares/Third_Party/LoRaWAN/SubGHz_Phy/radio.c:595:10:RadioRandom	16	static
../Middlewares/Third_Party/LoRaWAN/SubGHz_Phy/radio.c:613:6:RadioSetRxConfig	112	static
../Middlewares/Third_Party/LoRaWAN/SubGHz_Phy/radio.c:761:6:RadioSetTxConfig	104	static
../Middlewares/Third_Party/LoRaWAN/SubGHz_Phy/radio.c:891:6:RadioCheckRfFrequency	16	static
../Middlewares/Third_Party/LoRaWAN/SubGHz_Phy/radio.c:895:10:RadioTimeOnAir	80	static
../Middlewares/Third_Party/LoRaWAN/SubGHz_Phy/radio.c:968:6:RadioSend	24	static
../Middlewares/Third_Party/LoRaWAN/SubGHz_Phy/radio.c:987:6:RadioSleep	16	static
../Middlewares/Third_Party/LoRaWAN/SubGHz_Phy/radio.c:996:6:RadioStandby	8	static
../Middlewares/Third_Party/LoRaWAN/SubGHz_Phy/radio.c:1000:6:RadioRx	24	static
../Middlewares/Third_Party/LoRaWAN/SubGHz_Phy/radio.c:1022:6:RadioRxBoosted	24	static
../Middlewares/Third_Party/LoRaWAN/SubGHz_Phy/radio.c:1041:6:RadioSetRxDutyCycle	16	static
../Middlewares/Third_Party/LoRaWAN/SubGHz_Phy/radio.c:1047:6:RadioSetCadParams	32	static
../Middlewares/Third_Party/LoRaWAN/SubGHz_Phy/radio.c:1053:6:RadioStartCad	8	static
../Middlewares/Third_Party/LoRaWAN/SubGHz_Phy/radio.c:1061:6:RadioTx	16	static
../Middlewares/Third_Party/LoRaWAN/SubGHz_Phy/radio.c:1074:6:RadioSetTxContinuousWave	16	static
../Middlewares/Third_Party/LoRaWAN/SubGHz_Phy/radio.c:1083:9:RadioRssi	16	static
../Middlewares/Third_Party/LoRaWAN/SubGHz_Phy/radio.c:1093:6:RadioWrite	16	static
../Middlewares/Third_Party/LoRaWAN/SubGHz_Phy/radio.c:1102:9:RadioRead	16	static
../Middlewares/Third_Party/LoRaWAN/SubGHz_Phy/radio.c:1106:6:RadioWriteBuffer	16	static
../Middlewares/Third_Party/LoRaWAN/SubGHz_Phy/radio.c:1110:6:RadioReadBuffer	16	static
../Middlewares/Third_Party/LoRaWAN/SubGHz_Phy/radio.c:1114:6:RadioWriteFifo	16	static
../Middlewares/Third_Party/LoRaWAN/SubGHz_Phy/radio.c:1118:6:RadioReadFifo	16	static
../Middlewares/Third_Party/LoRaWAN/SubGHz_Phy/radio.c:1122:6:RadioSetMaxPayloadLength	16	static
../Middlewares/Third_Party/LoRaWAN/SubGHz_Phy/radio.c:1137:6:RadioSetPublicNetwork	16	static
../Middlewares/Third_Party/LoRaWAN/SubGHz_Phy/radio.c:1157:10:RadioGetWakeupTime	4	static
../Middlewares/Third_Party/LoRaWAN/SubGHz_Phy/radio.c:1161:6:RadioOnTxTimeoutIrq	16	static
../Middlewares/Third_Party/LoRaWAN/SubGHz_Phy/radio.c:1176:6:RadioOnRxTimeoutIrq	16	static
../Middlewares/Third_Party/LoRaWAN/SubGHz_Phy/radio.c:1195:6:RadioOnDioIrq	8	static,ignoring_inline_asm
../Middlewares/Third_Party/LoRaWAN/SubGHz_Phy/radio.c:1203:6:RadioBgIrqProcess	24	static
../Middlewares/Third_Party/LoRaWAN/SubGHz_Phy/radio.c:1351:6:RadioIrqProcess	8	static
../Middlewares/Third_Party/LoRaWAN/SubGHz_Phy/radio.c:1355:6:RadioIrqProcessAfterDeepSleep	8	static
../Middlewares/Third_Party/LoRaWAN/SubGHz_Phy/radio.c:1363:6:Radio_task	16	static
../Middlewares/Third_Party/LoRaWAN/SubGHz_Phy/radio.c:1371:6:Radio_HardWare_Init	16	static
