../Middlewares/Third_Party/LoRaWAN/SubGHz_Phy/sx126x_bsp.c:10:6:SX126xIoInit	8	static
../Middlewares/Third_Party/LoRaWAN/SubGHz_Phy/sx126x_bsp.c:16:6:SX126xIoReInit	4	static
../Middlewares/Third_Party/LoRaWAN/SubGHz_Phy/sx126x_bsp.c:21:6:SX126xIoDeInit	4	static
../Middlewares/Third_Party/LoRaWAN/SubGHz_Phy/sx126x_bsp.c:25:6:SX126xReset	8	static
../Middlewares/Third_Party/LoRaWAN/SubGHz_Phy/sx126x_bsp.c:33:6:SX126xWaitOnBusy	16	static,ignoring_inline_asm
../Middlewares/Third_Party/LoRaWAN/SubGHz_Phy/sx126x_bsp.c:44:6:SX126xWakeup	16	static,ignoring_inline_asm
../Middlewares/Third_Party/LoRaWAN/SubGHz_Phy/sx126x_bsp.c:57:6:SX126xWriteCommand	16	static
../Middlewares/Third_Party/LoRaWAN/SubGHz_Phy/sx126x_bsp.c:69:6:SX126xReadCommand	24	static
../Middlewares/Third_Party/LoRaWAN/SubGHz_Phy/sx126x_bsp.c:81:6:SX126xWriteRegisters	24	static
../Middlewares/Third_Party/LoRaWAN/SubGHz_Phy/sx126x_bsp.c:93:6:SX126xWriteRegister	16	static
../Middlewares/Third_Party/LoRaWAN/SubGHz_Phy/sx126x_bsp.c:97:6:SX126xReadRegisters	24	static
../Middlewares/Third_Party/LoRaWAN/SubGHz_Phy/sx126x_bsp.c:109:9:SX126xReadRegister	24	static
../Middlewares/Third_Party/LoRaWAN/SubGHz_Phy/sx126x_bsp.c:115:6:SX126xWriteBuffer	24	static
../Middlewares/Third_Party/LoRaWAN/SubGHz_Phy/sx126x_bsp.c:127:6:SX126xReadBuffer	24	static
../Middlewares/Third_Party/LoRaWAN/SubGHz_Phy/sx126x_bsp.c:141:6:SX126xSetRfTxPower	16	static
../Middlewares/Third_Party/LoRaWAN/SubGHz_Phy/sx126x_bsp.c:145:9:SX126xGetPaSelect	16	static
../Middlewares/Third_Party/LoRaWAN/SubGHz_Phy/sx126x_bsp.c:314:6:SX126xAntSwOn	4	static
../Middlewares/Third_Party/LoRaWAN/SubGHz_Phy/sx126x_bsp.c:317:6:SX126xAntSwOff	4	static
../Middlewares/Third_Party/LoRaWAN/SubGHz_Phy/sx126x_bsp.c:320:6:SX126xRXena	4	static
../Middlewares/Third_Party/LoRaWAN/SubGHz_Phy/sx126x_bsp.c:323:6:SX126xTXena	4	static
../Middlewares/Third_Party/LoRaWAN/SubGHz_Phy/sx126x_bsp.c:326:6:SX126xCheckRfFrequency	16	static
../Middlewares/Third_Party/LoRaWAN/SubGHz_Phy/sx126x_bsp.c:330:6:SX126xGetStats	32	static
../Middlewares/Third_Party/LoRaWAN/SubGHz_Phy/sx126x_bsp.c:340:6:SX126xResetStats	16	static
