../LoRaWAN/App/LmHandler/LmHandler.c:219:24:LmHandlerInit	56	static
../LoRaWAN/App/LmHandler/LmHandler.c:312:6:LmHandlerIsBusy	8	static
../LoRaWAN/App/LmHandler/LmHandler.c:332:6:LmHandlerProcess	16	static
../LoRaWAN/App/LmHandler/LmHandler.c:364:13:LmHandlerJoinRequest	88	static
../LoRaWAN/App/LmHandler/LmHandler.c:397:6:LmHandlerJoin	8	static
../LoRaWAN/App/LmHandler/LmHandler.c:402:23:LmHandlerJoinStatus	48	static
../LoRaWAN/App/LmHandler/LmHandler.c:427:24:LmHandlerSend	48	static
../LoRaWAN/App/LmHandler/LmHandler.c:487:31:LmHandlerDeviceTimeReq	32	static
../LoRaWAN/App/LmHandler/LmHandler.c:507:31:LmHandlerBeaconReq	32	static
../LoRaWAN/App/LmHandler/LmHandler.c:527:24:LmHandlerPingSlotReq	48	static
../LoRaWAN/App/LmHandler/LmHandler.c:556:24:LmHandlerRequestClass	56	static
../LoRaWAN/App/LmHandler/LmHandler.c:624:15:LmHandlerGetCurrentClass	48	static
../LoRaWAN/App/LmHandler/LmHandler.c:634:8:LmHandlerGetCurrentDatarate	48	static
../LoRaWAN/App/LmHandler/LmHandler.c:644:17:LmHandlerGetActiveRegion	4	static
../LoRaWAN/App/LmHandler/LmHandler.c:649:24:LmHandlerSetSystemMaxRxError	56	static
../LoRaWAN/App/LmHandler/LmHandler.c:668:13:McpsConfirm	16	static
../LoRaWAN/App/LmHandler/LmHandler.c:683:13:McpsIndication	32	static
../LoRaWAN/App/LmHandler/LmHandler.c:735:13:MlmeConfirm	56	static
../LoRaWAN/App/LmHandler/LmHandler.c:822:13:MlmeIndication	72	static
../LoRaWAN/App/LmHandler/LmHandler.c:900:24:LmHandlerPackageRegister	24	static
../LoRaWAN/App/LmHandler/LmHandler.c:945:6:LmHandlerPackageIsInitialized	16	static
../LoRaWAN/App/LmHandler/LmHandler.c:957:6:LmHandlerPackageIsRunning	16	static
../LoRaWAN/App/LmHandler/LmHandler.c:969:13:LmHandlerPackagesNotify	24	static
../LoRaWAN/App/LmHandler/LmHandler.c:1015:13:LmHandlerPackagesProcess	16	static
