../Middlewares/Third_Party/LoRaWAN/SubGHz_Phy/radio.c:518:16:RadioGetFskBandwidthRegValue	24	static
../Middlewares/Third_Party/LoRaWAN/SubGHz_Phy/radio.c:535:6:RadioInit	16	static
../Middlewares/Third_Party/LoRaWAN/SubGHz_Phy/radio.c:558:14:RadioGetStatus	8	static
../Middlewares/Third_Party/LoRaWAN/SubGHz_Phy/radio.c:571:6:RadioSetModem	16	static
../Middlewares/Third_Party/LoRaWAN/SubGHz_Phy/radio.c:592:6:RadioSetChannel	16	static
../Middlewares/Third_Party/LoRaWAN/SubGHz_Phy/radio.c:597:6:RadioIsChannelFree	72	static
../Middlewares/Third_Party/LoRaWAN/SubGHz_Phy/radio.c:629:10:RadioRandom	16	static
../Middlewares/Third_Party/LoRaWAN/SubGHz_Phy/radio.c:647:6:RadioSetRxConfig	32	static
../Middlewares/Third_Party/LoRaWAN/SubGHz_Phy/radio.c:782:6:RadioSetTxConfig	32	static
../Middlewares/Third_Party/LoRaWAN/SubGHz_Phy/radio.c:898:6:RadioCheckRfFrequency	16	static
../Middlewares/Third_Party/LoRaWAN/SubGHz_Phy/radio.c:902:17:RadioGetLoRaBandwidthInHz	24	static
../Middlewares/Third_Party/LoRaWAN/SubGHz_Phy/radio.c:941:17:RadioGetGfskTimeOnAirNumerator	24	static
../Middlewares/Third_Party/LoRaWAN/SubGHz_Phy/radio.c:953:17:RadioGetLoRaTimeOnAirNumerator	48	static
../Middlewares/Third_Party/LoRaWAN/SubGHz_Phy/radio.c:1006:10:RadioTimeOnAir	48	static
../Middlewares/Third_Party/LoRaWAN/SubGHz_Phy/radio.c:1033:6:RadioSend	16	static
../Middlewares/Third_Party/LoRaWAN/SubGHz_Phy/radio.c:1051:6:RadioSleep	16	static,ignoring_inline_asm
../Middlewares/Third_Party/LoRaWAN/SubGHz_Phy/radio.c:1061:6:RadioStandby	8	static
../Middlewares/Third_Party/LoRaWAN/SubGHz_Phy/radio.c:1065:6:RadioRx	16	static
../Middlewares/Third_Party/LoRaWAN/SubGHz_Phy/radio.c:1085:6:RadioRxBoosted	16	static
../Middlewares/Third_Party/LoRaWAN/SubGHz_Phy/radio.c:1103:6:RadioSetRxDutyCycle	16	static
../Middlewares/Third_Party/LoRaWAN/SubGHz_Phy/radio.c:1107:6:RadioAddRegisterToRetentionList	40	static
../Middlewares/Third_Party/LoRaWAN/SubGHz_Phy/radio.c:1135:6:RadioStartCad	8	static
../Middlewares/Third_Party/LoRaWAN/SubGHz_Phy/radio.c:1142:6:RadioSetTxContinuousWave	24	static
../Middlewares/Third_Party/LoRaWAN/SubGHz_Phy/radio.c:1153:9:RadioRssi	16	static
../Middlewares/Third_Party/LoRaWAN/SubGHz_Phy/radio.c:1157:6:RadioWrite	16	static
../Middlewares/Third_Party/LoRaWAN/SubGHz_Phy/radio.c:1161:9:RadioRead	16	static
../Middlewares/Third_Party/LoRaWAN/SubGHz_Phy/radio.c:1165:6:RadioWriteBuffer	24	static
../Middlewares/Third_Party/LoRaWAN/SubGHz_Phy/radio.c:1169:6:RadioReadBuffer	24	static
../Middlewares/Third_Party/LoRaWAN/SubGHz_Phy/radio.c:1173:6:RadioSetMaxPayloadLength	16	static
../Middlewares/Third_Party/LoRaWAN/SubGHz_Phy/radio.c:1189:6:RadioSetPublicNetwork	16	static
../Middlewares/Third_Party/LoRaWAN/SubGHz_Phy/radio.c:1210:10:RadioGetWakeupTime	8	static
../Middlewares/Third_Party/LoRaWAN/SubGHz_Phy/radio.c:1214:6:RadioOnTxTimeoutIrq	16	static
../Middlewares/Third_Party/LoRaWAN/SubGHz_Phy/radio.c:1220:6:RadioOnRxTimeoutIrq	16	static
../Middlewares/Third_Party/LoRaWAN/SubGHz_Phy/radio.c:1226:6:RadioOnDioIrq	8	static,ignoring_inline_asm
../Middlewares/Third_Party/LoRaWAN/SubGHz_Phy/radio.c:1232:6:RadioIrqProcess	24	static
../Middlewares/Third_Party/LoRaWAN/SubGHz_Phy/radio.c:1348:6:Radio_task	16	static
../Middlewares/Third_Party/LoRaWAN/SubGHz_Phy/radio.c:1357:6:Radio_HardWare_Init	16	static
