../Middlewares/Third_Party/LoRaWAN/SubGHz_Phy/sx126x.c:112:6:SX126xInit	8	static
../Middlewares/Third_Party/LoRaWAN/SubGHz_Phy/sx126x.c:132:6:SX126xCheckDeviceReady	8	static
../Middlewares/Third_Party/LoRaWAN/SubGHz_Phy/sx126x.c:142:6:SX126xSetPayload	16	static
../Middlewares/Third_Party/LoRaWAN/SubGHz_Phy/sx126x.c:146:9:SX126xGetPayload	32	static
../Middlewares/Third_Party/LoRaWAN/SubGHz_Phy/sx126x.c:157:6:SX126xSendPayload	24	static
../Middlewares/Third_Party/LoRaWAN/SubGHz_Phy/sx126x.c:162:9:SX126xSetSyncWord	16	static
../Middlewares/Third_Party/LoRaWAN/SubGHz_Phy/sx126x.c:167:6:SX126xSetCrcSeed	24	static
../Middlewares/Third_Party/LoRaWAN/SubGHz_Phy/sx126x.c:183:6:SX126xSetCrcPolynomial	24	static
../Middlewares/Third_Party/LoRaWAN/SubGHz_Phy/sx126x.c:199:6:SX126xSetWhiteningSeed	24	static
../Middlewares/Third_Party/LoRaWAN/SubGHz_Phy/sx126x.c:215:10:SX126xGetRandom	16	static
../Middlewares/Third_Party/LoRaWAN/SubGHz_Phy/sx126x.c:240:6:SX126xSetSleep	24	static
../Middlewares/Third_Party/LoRaWAN/SubGHz_Phy/sx126x.c:255:6:SX126xSetStandby	16	static
../Middlewares/Third_Party/LoRaWAN/SubGHz_Phy/sx126x.c:265:6:SX126xSetFs	8	static
../Middlewares/Third_Party/LoRaWAN/SubGHz_Phy/sx126x.c:270:6:SX126xSetTx	24	static
../Middlewares/Third_Party/LoRaWAN/SubGHz_Phy/sx126x.c:281:6:SX126xSetRx	24	static
../Middlewares/Third_Party/LoRaWAN/SubGHz_Phy/sx126x.c:294:6:SX126xSetRxBoosted	24	static
../Middlewares/Third_Party/LoRaWAN/SubGHz_Phy/sx126x.c:307:6:SX126xSetRxDutyCycle	24	static
../Middlewares/Third_Party/LoRaWAN/SubGHz_Phy/sx126x.c:320:6:SX126xSetCad	8	static
../Middlewares/Third_Party/LoRaWAN/SubGHz_Phy/sx126x.c:325:6:SX126xSetTxContinuousWave	8	static
../Middlewares/Third_Party/LoRaWAN/SubGHz_Phy/sx126x.c:330:6:SX126xSetTxInfinitePreamble	8	static
../Middlewares/Third_Party/LoRaWAN/SubGHz_Phy/sx126x.c:335:6:SX126xSetStopRxTimerOnPreambleDetect	16	static
../Middlewares/Third_Party/LoRaWAN/SubGHz_Phy/sx126x.c:339:6:SX126xSetLoRaSymbNumTimeout	24	static
../Middlewares/Third_Party/LoRaWAN/SubGHz_Phy/sx126x.c:362:6:SX126xSetRegulatorMode	16	static
../Middlewares/Third_Party/LoRaWAN/SubGHz_Phy/sx126x.c:366:6:SX126xCalibrate	24	static
../Middlewares/Third_Party/LoRaWAN/SubGHz_Phy/sx126x.c:378:6:SX126xCalibrateImage	24	static
../Middlewares/Third_Party/LoRaWAN/SubGHz_Phy/sx126x.c:404:6:SX126xSetPaConfig	32	static
../Middlewares/Third_Party/LoRaWAN/SubGHz_Phy/sx126x.c:415:6:SX126xSetRxTxFallbackMode	16	static
../Middlewares/Third_Party/LoRaWAN/SubGHz_Phy/sx126x.c:419:6:SX126xSetDioIrqParams	32	static
../Middlewares/Third_Party/LoRaWAN/SubGHz_Phy/sx126x.c:434:10:SX126xGetIrqStatus	16	static
../Middlewares/Third_Party/LoRaWAN/SubGHz_Phy/sx126x.c:441:6:SX126xSetDio2AsRfSwitchCtrl	16	static
../Middlewares/Third_Party/LoRaWAN/SubGHz_Phy/sx126x.c:445:6:SX126xSetDio3AsTcxoCtrl	24	static
../Middlewares/Third_Party/LoRaWAN/SubGHz_Phy/sx126x.c:457:6:SX126xSetRfFrequency	24	static
../Middlewares/Third_Party/LoRaWAN/SubGHz_Phy/sx126x.c:474:6:SX126xSetPacketType	16	static
../Middlewares/Third_Party/LoRaWAN/SubGHz_Phy/sx126x.c:480:20:SX126xGetPacketType	4	static
../Middlewares/Third_Party/LoRaWAN/SubGHz_Phy/sx126x.c:484:6:SX126xSetTxParams	24	static
../Middlewares/Third_Party/LoRaWAN/SubGHz_Phy/sx126x.c:521:6:SX126xSetModulationParams	32	static
../Middlewares/Third_Party/LoRaWAN/SubGHz_Phy/sx126x.c:565:6:SX126xSetPacketParams	32	static
../Middlewares/Third_Party/LoRaWAN/SubGHz_Phy/sx126x.c:619:6:SX126xSetCadParams	32	static
../Middlewares/Third_Party/LoRaWAN/SubGHz_Phy/sx126x.c:634:6:SX126xSetBufferBaseAddress	24	static
../Middlewares/Third_Party/LoRaWAN/SubGHz_Phy/sx126x.c:642:15:SX126xGetStatus	16	static
../Middlewares/Third_Party/LoRaWAN/SubGHz_Phy/sx126x.c:652:8:SX126xGetRssiInst	16	static
../Middlewares/Third_Party/LoRaWAN/SubGHz_Phy/sx126x.c:661:6:SX126xGetRxBufferStatus	24	static
../Middlewares/Third_Party/LoRaWAN/SubGHz_Phy/sx126x.c:679:6:SX126xGetPacketStatus	24	static
../Middlewares/Third_Party/LoRaWAN/SubGHz_Phy/sx126x.c:711:14:SX126xGetDeviceErrors	16	static
../Middlewares/Third_Party/LoRaWAN/SubGHz_Phy/sx126x.c:727:6:SX126xClearDeviceErrors	16	static
../Middlewares/Third_Party/LoRaWAN/SubGHz_Phy/sx126x.c:732:6:SX126xClearIrqStatus	24	static
../Middlewares/Third_Party/LoRaWAN/SubGHz_Phy/sx126x.c:740:17:SX126xConvertFreqInHzToPllStep	24	static
