../Middlewares/Third_Party/LoRaWAN/SubGHz_Phy/sx126x_bsp.c:50:6:SX126xIoInit	4	static
../Middlewares/Third_Party/LoRaWAN/SubGHz_Phy/sx126x_bsp.c:53:6:SX126xIoIrqInit	4	static
../Middlewares/Third_Party/LoRaWAN/SubGHz_Phy/sx126x_bsp.c:56:6:SX126xIoDeInit	4	static
../Middlewares/Third_Party/LoRaWAN/SubGHz_Phy/sx126x_bsp.c:59:6:SX126xIoDbgInit	4	static
../Middlewares/Third_Party/LoRaWAN/SubGHz_Phy/sx126x_bsp.c:62:6:SX126xIoTcxoInit	16	static
../Middlewares/Third_Party/LoRaWAN/SubGHz_Phy/sx126x_bsp.c:71:10:SX126xGetBoardTcxoWakeupTime	4	static
../Middlewares/Third_Party/LoRaWAN/SubGHz_Phy/sx126x_bsp.c:75:6:SX126xIoRfSwitchInit	8	static
../Middlewares/Third_Party/LoRaWAN/SubGHz_Phy/sx126x_bsp.c:79:23:SX126xGetOperatingMode	4	static
../Middlewares/Third_Party/LoRaWAN/SubGHz_Phy/sx126x_bsp.c:83:6:SX126xSetOperatingMode	16	static
../Middlewares/Third_Party/LoRaWAN/SubGHz_Phy/sx126x_bsp.c:87:6:SX126xReset	8	static
../Middlewares/Third_Party/LoRaWAN/SubGHz_Phy/sx126x_bsp.c:94:6:SX126xWaitOnBusy	16	static,ignoring_inline_asm
../Middlewares/Third_Party/LoRaWAN/SubGHz_Phy/sx126x_bsp.c:105:6:SX126xWakeup	16	static,ignoring_inline_asm
../Middlewares/Third_Party/LoRaWAN/SubGHz_Phy/sx126x_bsp.c:120:6:SX126xWriteCommand	16	static
../Middlewares/Third_Party/LoRaWAN/SubGHz_Phy/sx126x_bsp.c:133:9:SX126xReadCommand	24	static
../Middlewares/Third_Party/LoRaWAN/SubGHz_Phy/sx126x_bsp.c:150:6:SX126xWriteRegisters	24	static
../Middlewares/Third_Party/LoRaWAN/SubGHz_Phy/sx126x_bsp.c:162:6:SX126xWriteRegister	16	static
../Middlewares/Third_Party/LoRaWAN/SubGHz_Phy/sx126x_bsp.c:166:6:SX126xReadRegisters	24	static
../Middlewares/Third_Party/LoRaWAN/SubGHz_Phy/sx126x_bsp.c:178:9:SX126xReadRegister	24	static
../Middlewares/Third_Party/LoRaWAN/SubGHz_Phy/sx126x_bsp.c:184:6:SX126xWriteBuffer	24	static
../Middlewares/Third_Party/LoRaWAN/SubGHz_Phy/sx126x_bsp.c:196:6:SX126xReadBuffer	24	static
../Middlewares/Third_Party/LoRaWAN/SubGHz_Phy/sx126x_bsp.c:210:6:SX126xSetRfTxPower	16	static
../Middlewares/Third_Party/LoRaWAN/SubGHz_Phy/sx126x_bsp.c:214:9:SX126xGetDeviceId	4	static
../Middlewares/Third_Party/LoRaWAN/SubGHz_Phy/sx126x_bsp.c:218:6:SX126xAntSwOn	8	static
../Middlewares/Third_Party/LoRaWAN/SubGHz_Phy/sx126x_bsp.c:222:6:SX126xAntSwOff	8	static
../Middlewares/Third_Party/LoRaWAN/SubGHz_Phy/sx126x_bsp.c:226:6:SX126xCheckRfFrequency	16	static
../Middlewares/Third_Party/LoRaWAN/SubGHz_Phy/sx126x_bsp.c:231:10:SX126xGetDio1PinState	4	static
