../LoRaWAN/App/lora_apps.c:180:6:LoRaWAN_Init	16	static
../LoRaWAN/App/lora_apps.c:224:13:Task_AppProcess	24	static
../LoRaWAN/App/lora_apps.c:243:13:Task_Activation	16	static
../LoRaWAN/App/lora_apps.c:265:13:OnJoinRequest	16	static
../LoRaWAN/App/lora_apps.c:276:13:OnTxData	16	static
../LoRaWAN/App/lora_apps.c:285:13:OnRxData	32	static
../LoRaWAN/App/lora_apps.c:325:13:TimerOnRepeatSend	24	static
../LoRaWAN/App/lora_apps.c:330:13:TimerOnRegularCheck	24	static,ignoring_inline_asm
../LoRaWAN/App/lora_apps.c:338:13:TimerOnPreActivation	24	static,ignoring_inline_asm
../LoRaWAN/App/lora_apps.c:346:13:TimerOnActivation	16	static
../LoRaWAN/App/lora_apps.c:354:13:OnSysTimeUpdate	24	static
../LoRaWAN/App/lora_apps.c:359:13:OnLinkCheck	16	static
../LoRaWAN/App/lora_apps.c:370:13:send_uplink_message	24	static
../LoRaWAN/App/lora_apps.c:384:13:run_next_activation_step	16	static
../LoRaWAN/App/lora_apps.c:422:13:rejoin_exponential_backoff	8	static
../LoRaWAN/App/lora_apps.c:435:13:joined_startapp	8	static
../LoRaWAN/App/lora_apps.c:452:13:prepare_tosend_uplink	16	static
../LoRaWAN/App/lora_apps.c:465:13:attemp_tosend_uplink	64	static,ignoring_inline_asm
../LoRaWAN/App/lora_apps.c:506:13:rejoin_to_network	8	static
../LoRaWAN/App/lora_apps.c:518:13:newactivationtime_apply_and_starttimer	32	static
../LoRaWAN/App/lora_apps.c:539:13:startsession_blockapp	16	static
../LoRaWAN/App/lora_apps.c:551:13:stopsession_releaseapp	8	static
../LoRaWAN/App/lora_apps.c:572:13:Task_LmHandlerProcess	24	static
../LoRaWAN/App/lora_apps.c:581:13:OnMacProcessNotify	32	static,ignoring_inline_asm
../LoRaWAN/App/lora_apps.c:590:13:OnNvmDataChange	16	static
../LoRaWAN/App/lora_apps.c:594:13:OnNetworkParametersChange	16	static
../LoRaWAN/App/lora_apps.c:598:13:OnMacMcpsRequest	24	static
../LoRaWAN/App/lora_apps.c:602:13:OnMacMlmeRequest	24	static
