../libraries/lora/radio/radio.c:456:16:RadioGetFskBandwidthRegValue	24	static
../libraries/lora/radio/radio.c:473:6:RadioInit	16	static
../libraries/lora/radio/radio.c:498:6:RadioReInit	16	static
../libraries/lora/radio/radio.c:511:14:RadioGetStatus	8	static
../libraries/lora/radio/radio.c:524:6:RadioSetModem	16	static
../libraries/lora/radio/radio.c:546:6:RadioSetChannel	16	static
../libraries/lora/radio/radio.c:550:6:RadioIsChannelFree	40	static
../libraries/lora/radio/radio.c:579:10:RadioRandom	16	static
../libraries/lora/radio/radio.c:595:6:RadioSetRxConfig	40	static
../libraries/lora/radio/radio.c:737:6:RadioSetTxConfig	40	static
../libraries/lora/radio/radio.c:861:6:RadioCheckRfFrequency	16	static
../libraries/lora/radio/radio.c:865:10:RadioTimeOnAir	80	static
../libraries/lora/radio/radio.c:946:6:RadioSend	16	static
../libraries/lora/radio/radio.c:963:6:RadioSleep	16	static
../libraries/lora/radio/radio.c:972:6:RadioStandby	8	static
../libraries/lora/radio/radio.c:976:6:RadioRx	16	static
../libraries/lora/radio/radio.c:994:6:RadioRxBoosted	16	static
../libraries/lora/radio/radio.c:1013:6:RadioSetRxDutyCycle	16	static
../libraries/lora/radio/radio.c:1019:6:RadioSetCadParams	32	static
../libraries/lora/radio/radio.c:1025:6:RadioStartCad	8	static
../libraries/lora/radio/radio.c:1032:6:RadioTx	16	static
../libraries/lora/radio/radio.c:1043:6:RadioSetTxContinuousWave	16	static
../libraries/lora/radio/radio.c:1052:9:RadioRssi	16	static
../libraries/lora/radio/radio.c:1062:6:RadioWrite	16	static
../libraries/lora/radio/radio.c:1071:9:RadioRead	16	static
../libraries/lora/radio/radio.c:1075:6:RadioWriteBuffer	16	static
../libraries/lora/radio/radio.c:1079:6:RadioReadBuffer	16	static
../libraries/lora/radio/radio.c:1083:6:RadioWriteFifo	16	static
../libraries/lora/radio/radio.c:1087:6:RadioReadFifo	16	static
../libraries/lora/radio/radio.c:1091:6:RadioSetMaxPayloadLength	16	static
../libraries/lora/radio/radio.c:1106:6:RadioSetPublicNetwork	16	static
../libraries/lora/radio/radio.c:1126:10:RadioGetWakeupTime	8	static
../libraries/lora/radio/radio.c:1130:6:RadioOnTxTimeoutIrq	8	static,ignoring_inline_asm
../libraries/lora/radio/radio.c:1141:6:RadioOnRxTimeoutIrq	8	static,ignoring_inline_asm
../libraries/lora/radio/radio.c:1152:6:RadioOnDioIrq	8	static,ignoring_inline_asm
../libraries/lora/radio/radio.c:1158:6:RadioBgIrqProcess	24	static,ignoring_inline_asm
../libraries/lora/radio/radio.c:1295:6:RadioIrqProcess	8	static
../libraries/lora/radio/radio.c:1299:6:RadioIrqProcessAfterDeepSleep	8	static,ignoring_inline_asm
