../Util/timer/timer_if.c:136:17:datetime_to_milisec	160	static
../Util/timer/timer_if.c:160:13:seconds_to_datetime	32	static
../Util/timer/timer_if.c:172:13:subseconds_to_datetime	40	static
../Util/timer/timer_if.c:191:21:TIMER_IF_Init	16	static
../Util/timer/timer_if.c:218:21:TIMER_IF_StartTimer	96	static
../Util/timer/timer_if.c:248:21:TIMER_IF_StopTimer	16	static
../Util/timer/timer_if.c:259:10:TIMER_IF_SetTimerContext	8	static
../Util/timer/timer_if.c:266:10:TIMER_IF_GetTimerContext	4	static
../Util/timer/timer_if.c:270:10:TIMER_IF_GetTimerElapsedTime	24	static
../Util/timer/timer_if.c:277:10:TIMER_IF_GetTimerValue	16	static
../Util/timer/timer_if.c:286:10:TIMER_IF_GetMinimumTimeout	16	static
../Util/timer/timer_if.c:293:10:TIMER_IF_Convert_ms2Tick	16	static
../Util/timer/timer_if.c:297:10:TIMER_IF_Convert_Tick2ms	16	static
../Util/timer/timer_if.c:301:6:TIMER_IF_DelayMs	40	static,ignoring_inline_asm
../Util/timer/timer_if.c:310:6:HAL_RTC_AlarmAEventCallback	16	static
../Util/timer/timer_if.c:321:10:TIMER_IF_GetTime	40	static
../Util/timer/timer_if.c:331:6:TIMER_IF_BkUp_Write_Seconds	16	static
../Util/timer/timer_if.c:335:6:TIMER_IF_BkUp_Write_SubSeconds	16	static
../Util/timer/timer_if.c:339:10:TIMER_IF_BkUp_Read_Seconds	16	static
../Util/timer/timer_if.c:346:10:TIMER_IF_BkUp_Read_SubSeconds	16	static
../Util/timer/timer_if.c:357:13:TIMER_IF_BkUp_Write_MSBticks	16	static
../Util/timer/timer_if.c:361:17:TIMER_IF_BkUp_Read_MSBticks	16	static
../Util/timer/timer_if.c:368:24:GetTimerTicks	64	static
