../Core/Src/main.c:144:5:main	64	static
../Core/Src/main.c:284:6:SystemClock_Config	104	static
../Core/Src/main.c:321:6:HAL_GPIO_EXTI_Rising_Callback	16	static
../Core/Src/main.c:327:6:HAL_GPIO_EXTI_Falling_Callback	24	static,ignoring_inline_asm
../Core/Src/main.c:340:13:tracelog	16	static
../Core/Src/main.c:344:6:send_packet	80	static
../Core/Src/main.c:361:6:OnTxDone	8	static
../Core/Src/main.c:367:6:OnRxDone	40	static
../Core/Src/main.c:391:6:Error_Handler	8	static,ignoring_inline_asm
../Core/Src/main.c:410:6:assert_failed	16	static
